05-29 12:05:54.786 W/DnsManager( 1847): updatePrivateDns(100, PrivateDnsConfig{true:/[]})
05-29 12:05:54.786 D/ConnectivityService( 1847): Setting DNS servers for network 100 to [/10.0.2.3]
05-29 12:05:54.787 D/DnsManager( 1847): setDnsConfigurationForNetwork(100, [10.0.2.3], [], [1800, 25, 8, 64], , [10.0.2.3])
05-29 12:05:54.788 I/netd    ( 1604): DnsResolverService::setResolverConfiguration(100, [10.0.2.3], [], [1800, 25, 8, 64], "", [10.0.2.3], []) -> (0) (0.3ms)
05-29 12:05:54.789 D/ConnectivityService( 1847): Adding iface radio0 to network 100
05-29 12:05:54.790 E/ActivityThread( 2341): Failed to find provider info for com.google.android.gsf.gservices
05-29 12:05:54.791 I/netd    ( 1604): networkAddInterface("radio0", 100) <0.96666ms>
05-29 12:05:54.799 I/netd    ( 1604): interfaceSetMtu("radio0", 1500) <1.42016ms>
05-29 12:05:54.800 E/ConnectivityService( 1847): exception in setMtu()java.lang.IllegalStateException: android.os.ServiceSpecificException: Remote I/O error (code 121)
05-29 12:05:54.801 I/netd    ( 1604): networkAddRoute("192.168.200.0/24", "radio0", 100, "") <0.1238ms>
05-29 12:05:54.802 I/netd    ( 1604): networkAddRoute("fe80::/64", "radio0", 100, "") <0.21552ms>
05-29 12:05:54.805 I/netd    ( 1604): networkAddRoute("fec0::/64", "radio0", 100, "") <0.13278ms>
05-29 12:05:54.807 E/ActivityThread( 2341): Failed to find provider info for com.google.android.gsf.gservices
05-29 12:05:54.808 I/netd    ( 1604): networkAddRoute("0.0.0.0/0", "radio0", 100, "192.168.200.1") <0.09718ms>
05-29 12:05:54.810 I/chatty  ( 2341): uid=10094 com.google.android.gms.persistent identical 1 line
05-29 12:05:54.812 E/ActivityThread( 2341): Failed to find provider info for com.google.android.gsf.gservices
05-29 12:05:54.815 D/ConnectivityService( 1847): Setting DNS servers for network 100 to [/10.0.2.3]
05-29 12:05:54.816 E/ActivityThread( 2341): Failed to find provider info for com.google.android.gsf.gservices
05-29 12:05:54.818 D/DnsManager( 1847): setDnsConfigurationForNetwork(100, [10.0.2.3], [], [1800, 25, 8, 64], , [10.0.2.3])
05-29 12:05:54.820 I/netd    ( 1604): DnsResolverService::setResolverConfiguration(100, [10.0.2.3], [], [1800, 25, 8, 64], "", [10.0.2.3], []) -> (0) (0.2ms)
05-29 12:05:54.824 W/BestClock( 1847): java.time.DateTimeException: Missing NTP fix
05-29 12:05:54.832 I/oadcastreceive( 2403): The ClassLoaderContext is a special shared library.
05-29 12:05:54.842 D/        ( 1976): HostConnection::get() New Host Connection established 0xbfe19a70, tid 2424
05-29 12:05:54.847 D/        ( 1976): HostComposition ext ANDROID_EMU_CHECKSUM_HELPER_v1 ANDROID_EMU_dma_v1 ANDROID_EMU_host_composition_v1 GL_OES_vertex_array_object GL_KHR_texture_compression_astc_ldr ANDROID_EMU_gles_max_version_2 
05-29 12:05:54.700 W/kworker/0:4( 1975): type=1400 audit(0.0:192): avc: denied { module_request } for kmod="net-pf-16-proto-4-type-2-17" scontext=u:r:kernel:s0 tcontext=u:r:kernel:s0 tclass=system permissive=0
05-29 12:05:54.864 D/eglCodecCommon( 1976): setVertexArrayObject: set vao to 0 (0) 0 0
05-29 12:05:54.864 D/EGL_emulation( 1976): eglCreateContext: 0xbd63a160: maj 2 min 0 rcv 2
05-29 12:05:54.873 I/netd    ( 1604): tetherGetStats() <3.94521ms>
05-29 12:05:54.873 D/gralloc_ranchu( 1620): gralloc_alloc: Creating ashmem region of size 8298496
05-29 12:05:54.879 E/ActivityThread( 2341): Failed to find provider info for com.google.android.gsf.gservices
05-29 12:05:54.885 W/BestClock( 1847): java.time.DateTimeException: Missing NTP fix
05-29 12:05:54.890 W/BestClock( 1847): java.time.DateTimeException: Missing NTP fix
05-29 12:05:54.908 I/netd    ( 1604): idletimerAddInterface("0", "radio0", 10) <7.13608ms>
05-29 12:05:54.780 W/kworker/1:2( 1113): type=1400 audit(0.0:193): avc: denied { module_request } for kmod="net-pf-16-proto-4-type-2-17" scontext=u:r:kernel:s0 tcontext=u:r:kernel:s0 tclass=system permissive=0
05-29 12:05:54.915 D/EGL_emulation( 1976): eglMakeCurrent: 0xbd63a160: ver 2 0 (tinfo 0xbd63bc30)
05-29 12:05:54.881 E/ActivityThread( 2341): Failed to find provider info for com.google.android.gsf.gservices
05-29 12:05:54.916 D/ConnectivityService( 1847): Switching to new default network: NetworkAgentInfo{ ni{[type: MOBILE[LTE], state: CONNECTED/CONNECTED, reason: connected, extra: epc.tmobile.com, failover: false, available: true, roaming: false]}  network{100}  nethandle{432902426637}  lp{{InterfaceName: radio0 LinkAddresses: [ 192.168.200.2/24,fe80::c451:1dff:fe6c:66c5/64,fec0::c451:1dff:fe6c:66c5/64,fec0::d17f:5e1f:e1b8:4cb4/64 ] DnsAddresses: [ /10.0.2.3 ] Domains: null MTU: 1500 TcpBufferSizes: 524288,1048576,2097152,262144,524288,1048576 Routes: [ 0.0.0.0/0 -> 192.168.200.1 radio0,192.168.200.0/24 -> 0.0.0.0 radio0,fe80::/64 -> :: radio0,fec0::/64 -> :: radio0 ]}}  nc{[ Transports: CELLULAR Capabilities: MMS&SUPL&DUN&FOTA&IMS&CBS&IA&EIMS&INTERNET&NOT_RESTRICTED&TRUSTED&NOT_VPN&NOT_ROAMING&FOREGROUND&NOT_CONGESTED&NOT_SUSPENDED&MCX LinkUpBandwidth>=51200Kbps LinkDnBandwidth>=102400Kbps Specifier: <1>]}  Score{10}  everValidated{false}  lastValidated{false}  created{true} lingering{false} explicitlySelected{false} acceptUnvalidated{false} everCaptivePortalDetected{false} lastCaptivePortalDetected{false} captivePortalLoginNotified{false} partialConnectivity{false} acceptPartialConnectivity{false} clat{mBaseIface: null, mIface: null, mState: IDLE} }
05-29 12:05:54.919 I/netd    ( 1604): networkSetDefault(100) <0.12701ms>
05-29 12:05:54.922 V/KeyguardUpdateMonitor( 1976): action android.intent.action.SIM_STATE_CHANGED state: READY slotId: 0 subid: -1
05-29 12:05:54.929 I/netd    ( 1604): setTcpRWmemorySize("524288 1048576 2097152", "262144 524288 1048576") <3.87689ms>
05-29 12:05:54.790 W/Binder:1604_4( 1604): type=1400 audit(0.0:194): avc: denied { write } for name="mtu" dev="sysfs" ino=15281 scontext=u:r:netd:s0 tcontext=u:object_r:sysfs:s0 tclass=file permissive=0
05-29 12:05:54.790 W/kworker/1:2( 1113): type=1400 audit(0.0:195): avc: denied { module_request } for kmod="net-pf-16-proto-4-type-2-17" scontext=u:r:kernel:s0 tcontext=u:r:kernel:s0 tclass=system permissive=0
05-29 12:05:54.790 W/kworker/1:2( 1113): type=1400 audit(0.0:196): avc: denied { module_request } for kmod="net-pf-16-proto-4-type-2-17" scontext=u:r:kernel:s0 tcontext=u:r:kernel:s0 tclass=system permissive=0
05-29 12:05:54.933 D/CellBroadcastReceiver( 2403): onReceive Intent { act=android.intent.action.SERVICE_STATE flg=0x1000010 cmp=com.android.cellbroadcastreceiver/.CellBroadcastReceiver (has extras) }
05-29 12:05:54.942 I/VvmSimStateTracker( 2104): android.intent.action.SIM_STATE_CHANGED
05-29 12:05:54.957 D/CellBroadcastReceiver( 2403): onReceive Intent { act=android.intent.action.SERVICE_STATE flg=0x1000010 cmp=com.android.cellbroadcastreceiver/.CellBroadcastReceiver (has extras) }
05-29 12:05:54.974 D/MultiSimSettingController( 2104): onDefaultDataSettingChanged
05-29 12:05:55.000 W/BestClock( 1847): java.time.DateTimeException: Missing NTP fix
05-29 12:05:55.012 D/gralloc_ranchu( 1620): gralloc_alloc: Creating ashmem region of size 8298496
05-29 12:05:55.015 I/ndroid.systemu( 1976): NativeAlloc concurrent copying GC freed 25291(1954KB) AllocSpace objects, 0(0B) LOS objects, 49% free, 3369KB/6738KB, paused 685us total 247.579ms
05-29 12:05:55.017 D/ColorDisplayService( 1847): Setting saturation level: 100
05-29 12:05:55.017 W/InputChannel-JNI( 1976): Input channel object 'swipe-up (client)' was finalized without being disposed!
05-29 12:05:55.022 I/AlarmClock( 2362): AlarmInitReceiver android.intent.action.TIMEZONE_CHANGED
05-29 12:05:55.024 I/AlarmClock( 2362): Connected Dock: null
05-29 12:05:55.031 I/AlarmClock( 2362): Removing AlarmClockInfo
05-29 12:05:55.031 D/MultiSimSettingController( 2104): onAllSubscriptionsLoaded
05-29 12:05:55.032 D/MultiSimSettingController( 2104): updateDefaults
05-29 12:05:55.044 D/CellBroadcastReceiver( 2403): onReceive Intent { act=android.telephony.action.DEFAULT_SMS_SUBSCRIPTION_CHANGED flg=0x21000010 cmp=com.android.cellbroadcastreceiver/.CellBroadcastReceiver (has extras) }
05-29 12:05:55.044 D/CellBroadcastReceiver( 2403): Start Cell Broadcast configuration.
05-29 12:05:55.045 D/MultiSimSettingController( 2104): [updateDefaultValues] records: [{id=1, iccId=890141032[****] simSlotIndex=0 carrierId=1 displayName=Android carrierName=No service nameSource=0 iconTint=-16746133 mNumber=+15555215554 dataRoaming=0 iconBitmap=android.graphics.Bitmap@9cffbca mcc 310 mnc 260mCountryIso=us isEmbedded false accessRules null cardString=890141032[****] cardId=-1 isOpportunistic false mGroupUUID=null mIsGroupDisabled=false profileClass=-1 subscriptionType=0}]
05-29 12:05:55.045 D/MultiSimSettingController( 2104): [updateDefaultValues] Update default data subscription
05-29 12:05:55.050 I/netd    ( 1604): tetherGetStats() <0.68538ms>
05-29 12:05:55.066 D/CellBroadcastConfigService( 2403): Enable CellBroadcast on sub 1
05-29 12:05:55.068 W/BestClock( 1847): java.time.DateTimeException: Missing NTP fix
05-29 12:05:55.071 W/BestClock( 1847): java.time.DateTimeException: Missing NTP fix
05-29 12:05:55.075 D/NetworkTimeUpdateService( 1847): New default network 100; checking time.
05-29 12:05:55.081 I/netd    ( 1604): bandwidthSetInterfaceQuota(9223372036854775807, "radio0") <1.08373ms>
05-29 12:05:55.084 W/BestClock( 1847): java.time.DateTimeException: Missing NTP fix
05-29 12:05:55.085 I/netd    ( 1604): bandwidthSetGlobalAlert(2097152) <0.11321ms>
05-29 12:05:55.087 D/MultiSimSettingController( 2104): [updateDefaultValue] Record.id: 1
05-29 12:05:55.087 D/MultiSimSettingController( 2104): [updateDefaultValue] updates to subId=1
05-29 12:05:55.087 D/MultiSimSettingController( 2104): [updateDefaultValues] Update default voice subscription
05-29 12:05:55.087 D/ConnectivityService( 1847): Sending CONNECTED broadcast for type 0 NetworkAgentInfo [MOBILE (LTE) - 100] isDefaultNetwork=true
05-29 12:05:55.091 I/SyncManager( 1847): Loaded persisted syncs: 0 periodic syncs, 0 oneshot syncs, 11 total system server jobs, JobStats: FirstLoad: 53/2/0 LastSave: -1/-1/-1
05-29 12:05:55.094 W/ConnectivityManager.CallbackHandler( 2104): callback not found for CALLBACK_PRECHECK message
05-29 12:05:55.094 E/ActivityThread( 2341): Failed to find provider info for com.google.android.gsf.gservices
05-29 12:05:55.102 W/BestClock( 1847): java.time.DateTimeException: Missing NTP fix
05-29 12:05:55.102 E/ActivityThread( 2341): Failed to find provider info for com.google.android.gsf.gservices
05-29 12:05:55.103 W/BestClock( 1847): java.time.DateTimeException: Missing NTP fix
05-29 12:05:55.103 W/BestClock( 1847): java.time.DateTimeException: Missing NTP fix
05-29 12:05:55.106 E/ActivityThread( 2341): Failed to find provider info for com.google.android.gsf.gservices
05-29 12:05:55.120 I/netd    ( 1604): bandwidthRemoveInterfaceQuota("radio0") <2.74057ms>
05-29 12:05:55.121 I/netd    ( 1604): bandwidthSetInterfaceQuota(9223372036854775807, "radio0") <0.68538ms>
05-29 12:05:55.123 W/BestClock( 1847): java.time.DateTimeException: Missing NTP fix
05-29 12:05:55.124 I/netd    ( 1604): bandwidthSetGlobalAlert(2097152) <0.08114ms>
05-29 12:05:55.132 W/BestClock( 1847): java.time.DateTimeException: Missing NTP fix
05-29 12:05:55.132 W/BestClock( 1847): java.time.DateTimeException: Missing NTP fix
05-29 12:05:55.132 D/ConnectivityService( 1847): releasing NetworkRequest [ TRACK_DEFAULT id=15, [ Capabilities: INTERNET&NOT_RESTRICTED&TRUSTED Uid: 1001] ] (release request)
05-29 12:05:55.146 D/IccSmsInterfaceManager( 2104): [IccSmsInterfaceManager] Calling setGsmBroadcastConfig with 1 configurations
05-29 12:05:55.148 D/NetworkMonitor/100( 2043): PROBE_DNS www.google.com 125ms OK 172.217.16.36,2a00:1450:401b:808::2004
05-29 12:05:55.155 D/IccSmsInterfaceManager( 2104): [IccSmsInterfaceManager] Failed to add GSM cell broadcast channels range 4370 to 4370
05-29 12:05:55.157 D/IccSmsInterfaceManager( 2104): [IccSmsInterfaceManager] Calling setCdmaBroadcastConfig with 1 configurations
05-29 12:05:55.166 D/MultiSimSettingController( 2104): [updateDefaultValue] Record.id: 1
05-29 12:05:55.166 D/MultiSimSettingController( 2104): [updateDefaultValue] updates to subId=1
05-29 12:05:55.166 D/IccSmsInterfaceManager( 2104): [IccSmsInterfaceManager] Failed to add cdma broadcast channels range 4096 to 4096
05-29 12:05:55.169 D/IccSmsInterfaceManager( 2104): [IccSmsInterfaceManager] Calling setGsmBroadcastConfig with 1 configurations
05-29 12:05:55.172 D/IccSmsInterfaceManager( 2104): [IccSmsInterfaceManager] Failed to add GSM cell broadcast channels range 4383 to 4383
05-29 12:05:55.173 D/NetworkMonitor/100( 2043): PROBE_DNS connectivitycheck.gstatic.com 151ms OK 172.217.20.195,2a00:1450:401b:803::2003
05-29 12:05:55.179 I/netd    ( 1604): tetherGetStats() <0.42143ms>
05-29 12:05:55.181 D/MultiSimSettingController( 2104): [updateDefaultValues] Update default sms subscription
05-29 12:05:55.188 W/BestClock( 1847): java.time.DateTimeException: Missing NTP fix
05-29 12:05:55.190 W/BestClock( 1847): java.time.DateTimeException: Missing NTP fix
05-29 12:05:55.192 D/NetworkSecurityConfig( 2043): No Network Security Config specified, using platform default
05-29 12:05:55.192 W/BestClock( 1847): java.time.DateTimeException: Missing NTP fix
05-29 12:05:55.194 D/IccSmsInterfaceManager( 2104): [IccSmsInterfaceManager] Calling setGsmBroadcastConfig with 1 configurations
05-29 12:05:55.197 D/IccSmsInterfaceManager( 2104): [IccSmsInterfaceManager] Failed to add GSM cell broadcast channels range 4371 to 4372
05-29 12:05:55.202 D/IccSmsInterfaceManager( 2104): [IccSmsInterfaceManager] Calling setCdmaBroadcastConfig with 1 configurations
05-29 12:05:55.211 D/IccSmsInterfaceManager( 2104): [IccSmsInterfaceManager] Failed to add cdma broadcast channels range 4097 to 4097
05-29 12:05:55.214 D/IccSmsInterfaceManager( 2104): [IccSmsInterfaceManager] Calling setGsmBroadcastConfig with 1 configurations
05-29 12:05:55.218 D/IccSmsInterfaceManager( 2104): [IccSmsInterfaceManager] Failed to add GSM cell broadcast channels range 4384 to 4385
05-29 12:05:55.232 D/MultiSimSettingController( 2104): [updateDefaultValue] Record.id: 1
05-29 12:05:55.232 D/MultiSimSettingController( 2104): [updateDefaultValue] updates to subId=1
05-29 12:05:55.249 D/IccSmsInterfaceManager( 2104): [IccSmsInterfaceManager] Calling setGsmBroadcastConfig with 1 configurations
05-29 12:05:55.254 I/TelecomFramework( 2104): : onSubscriptionsChanged - update accounts
05-29 12:05:55.254 I/TelecomFramework( 2104): PstnIncomingCallNotifier: Unregistering: Handler (com.android.internal.telephony.GsmCdmaPhone) {68c047f}
05-29 12:05:55.254 I/TelecomFramework( 2104): TelecomAccountRegistry: setupAccounts: Found 1 phones.  Attempting to register.
05-29 12:05:55.255 I/TelecomFramework( 2104): TelecomAccountRegistry: setupAccounts: Phone with subscription id 1
05-29 12:05:55.262 D/SntpClient( 1847): round trip: 50ms, clock offset: -1209579256ms
05-29 12:05:55.268 D/NetworkMonitor/100( 2043): PROBE_HTTP http://connectivitycheck.gstatic.com/generate_204 time=76ms ret=204 request={Connection=[close], User-Agent=[Mozilla/5.0 (X11; Linux x86_64) AppleWebKit/537.36 (KHTML, like Gecko) Chrome/60.0.3112.32 Safari/537.36]} headers={null=[HTTP/1.1 204 No Content], Connection=[close], Content-Length=[0], Date=[Wed, 15 May 2019 16:06:15 GMT], X-Android-Received-Millis=[1559145955268], X-Android-Response-Source=[NETWORK 204], X-Android-Selected-Protocol=[http/1.1], X-Android-Sent-Millis=[1559145955235]}
05-29 12:05:55.305 I/netd    ( 1604): bandwidthRemoveInterfaceQuota("radio0") <1.04941ms>
05-29 12:05:55.307 I/netd    ( 1604): bandwidthSetInterfaceQuota(9223372036854775807, "radio0") <0.76684ms>
05-29 12:05:55.307 D/MultiSimSettingController( 2104): onSubscriptionsChanged
05-29 12:05:55.307 D/MultiSimSettingController( 2104): updateDefaults
05-29 12:05:55.309 D/MultiSimSettingController( 2104): [updateDefaultValues] records: [{id=1, iccId=890141032[****] simSlotIndex=0 carrierId=1 displayName=Android carrierName=No service nameSource=0 iconTint=-16746133 mNumber=+15555215554 dataRoaming=0 iconBitmap=android.graphics.Bitmap@9cffbca mcc 310 mnc 260mCountryIso=us isEmbedded false accessRules null cardString=890141032[****] cardId=-1 isOpportunistic false mGroupUUID=null mIsGroupDisabled=false profileClass=-1 subscriptionType=0}]
05-29 12:05:55.309 D/MultiSimSettingController( 2104): [updateDefaultValues] Update default data subscription
05-29 12:05:55.310 I/netd    ( 1604): bandwidthSetGlobalAlert(2097152) <0.09365ms>
05-29 12:05:55.314 E/GnssLocationProvider( 1847): android_location_GnssLocationProvider_set_agps_server: AGPS interface not supported
05-29 12:05:55.321 I/Telecom ( 1847): PhoneAccountRegistrar: New phone account registered: [[ ] PhoneAccount: ComponentInfo{com.android.phone/com.android.services.telephony.TelephonyConnectionService}, ***, UserHandle{0} Capabilities: CallProvider MultiUser PlaceEmerg SimSub  Audio Routes: BESW Schemes: tel voicemail  Extras: Bundle[{android.telecom.extra.SUPPORTS_VIDEO_CALLING_FALLBACK=true}] GroupId: ***]: TSI.rPA@ABc
05-29 12:05:55.322 I/Telecom ( 1847): CallsManager: Sending phone-account ComponentInfo{com.android.phone/com.android.services.telephony.TelephonyConnectionService}, ***, UserHandle{0} registered intent as user: TSI.rPA@ABc
05-29 12:05:55.330 I/Telecom ( 1847): CallsManager: Sending phone-account registered intent to default dialer: TSI.rPA@ABc
05-29 12:05:55.331 I/TelecomFramework( 2104): AccountEntry: Registered phoneAccount: [[ ] PhoneAccount: ComponentInfo{com.android.phone/com.android.services.telephony.TelephonyConnectionService}, ***, UserHandle{0} Capabilities: CallProvider MultiUser PlaceEmerg SimSub  Audio Routes: BESW Schemes: tel voicemail  Extras: Bundle[{android.telecom.extra.SUPPORTS_VIDEO_CALLING_FALLBACK=true}] GroupId: ***] with handle: ComponentInfo{com.android.phone/com.android.services.telephony.TelephonyConnectionService}, ***, UserHandle{0}
05-29 12:05:55.331 I/TelecomFramework( 2104): PstnIncomingCallNotifier: Registering: Handler (com.android.internal.telephony.GsmCdmaPhone) {68c047f}
05-29 12:05:55.334 I/TelecomFramework( 2104): TelecomAccountRegistry: Unregistering phone account ComponentInfo{com.android.phone/com.android.services.telephony.TelephonyConnectionService}, ***, UserHandle{0}.
05-29 12:05:55.339 I/Telecom ( 1847): CallsManager: Sending phone-account ComponentInfo{com.android.phone/com.android.services.telephony.TelephonyConnectionService}, ***, UserHandle{0} unregistered intent as user: TSI.uPA@ABk
05-29 12:05:55.339 I/Telecom ( 1847): CallsManager: Sending phone-account unregistered intent to default dialer: TSI.uPA@ABk
05-29 12:05:55.353 D/TelephonyProvider( 2104): match current APN size:  1
05-29 12:05:55.357 D/TelephonyProvider( 2104): match MNO APN: 1
05-29 12:05:55.362 D/TelephonyProvider( 2104): subIdString = 1 subId = 1
05-29 12:05:55.363 I/netd    ( 1604): tetherGetStats() <0.92753ms>
05-29 12:05:55.388 D/TelephonyProvider( 2104): subIdString = 1 subId = 1
05-29 12:05:55.391 D/MultiSimSettingController( 2104): [updateDefaultValue] Record.id: 1
05-29 12:05:55.391 D/MultiSimSettingController( 2104): [updateDefaultValue] updates to subId=1
05-29 12:05:55.392 D/MultiSimSettingController( 2104): [updateDefaultValues] Update default voice subscription
05-29 12:05:55.397 D/TelephonyProvider( 2104): subIdString = 1 subId = 1
05-29 12:05:55.413 D/MultiSimSettingController( 2104): [updateDefaultValue] Record.id: 1
05-29 12:05:55.413 D/MultiSimSettingController( 2104): [updateDefaultValue] updates to subId=1
05-29 12:05:55.413 D/MultiSimSettingController( 2104): [updateDefaultValues] Update default sms subscription
05-29 12:05:55.428 D/TelephonyProvider( 2104): subIdString = 1 subId = 1
05-29 12:05:55.441 W/JHwRemoteBinder( 1847): BinderProxy is being destroyed but the application did not call unlinkToDeath to unlink all of its death recipients beforehand.  Releasing leaked death recipient: com.android.server.wifi.-$$Lambda$HalDeviceManager$jNAzj5YlVhwJm5NjZ6HiKskQStI
05-29 12:05:55.446 I/system_server( 1847): Background concurrent copying GC freed 71168(4297KB) AllocSpace objects, 28(1392KB) LOS objects, 38% free, 9803KB/15MB, paused 4.016ms total 120.750ms
05-29 12:05:55.480 D/MultiSimSettingController( 2104): [updateDefaultValue] Record.id: 1
05-29 12:05:55.480 D/MultiSimSettingController( 2104): [updateDefaultValue] updates to subId=1
05-29 12:05:55.480 D/MultiSimSettingController( 2104): onSubscriptionsChanged
05-29 12:05:55.480 D/MultiSimSettingController( 2104): updateDefaults
05-29 12:05:55.480 D/MultiSimSettingController( 2104): [updateDefaultValues] records: [{id=1, iccId=890141032[****] simSlotIndex=0 carrierId=1 displayName=Android carrierName=Android nameSource=0 iconTint=-16746133 mNumber=+15555215554 dataRoaming=0 iconBitmap=android.graphics.Bitmap@cd5359c mcc 310 mnc 260mCountryIso=us isEmbedded false accessRules null cardString=890141032[****] cardId=-1 isOpportunistic false mGroupUUID=null mIsGroupDisabled=false profileClass=-1 subscriptionType=0}]
05-29 12:05:55.481 D/MultiSimSettingController( 2104): [updateDefaultValues] Update default data subscription
05-29 12:05:55.490 E/GnssLocationProvider( 1847): android_location_GnssLocationProvider_set_agps_server: AGPS interface not supported
05-29 12:05:55.493 D/MultiSimSettingController( 2104): [updateDefaultValue] Record.id: 1
05-29 12:05:55.493 D/MultiSimSettingController( 2104): [updateDefaultValue] updates to subId=1
05-29 12:05:55.493 D/MultiSimSettingController( 2104): [updateDefaultValues] Update default voice subscription
05-29 12:05:55.497 I/netd    ( 1604): bandwidthRemoveInterfaceQuota("radio0") <0.74183ms>
05-29 12:05:55.499 I/netd    ( 1604): bandwidthSetInterfaceQuota(9223372036854775807, "radio0") <1.52888ms>
05-29 12:05:55.502 D/MultiSimSettingController( 2104): [updateDefaultValue] Record.id: 1
05-29 12:05:55.502 D/MultiSimSettingController( 2104): [updateDefaultValue] updates to subId=1
05-29 12:05:55.502 D/MultiSimSettingController( 2104): [updateDefaultValues] Update default sms subscription
05-29 12:05:55.502 I/netd    ( 1604): bandwidthSetGlobalAlert(2097152) <0.09494ms>
05-29 12:05:55.508 D/MultiSimSettingController( 2104): [updateDefaultValue] Record.id: 1
05-29 12:05:55.510 D/MultiSimSettingController( 2104): [updateDefaultValue] updates to subId=1
05-29 12:05:55.516 D/TelephonyProvider( 2104): subIdString = 1 subId = 1
05-29 12:05:55.564 D/MultiSimSettingController( 2104): onSubscriptionsChanged
05-29 12:05:55.564 D/MultiSimSettingController( 2104): updateDefaults
05-29 12:05:55.564 D/MultiSimSettingController( 2104): [updateDefaultValues] records: [{id=1, iccId=890141032[****] simSlotIndex=0 carrierId=1 displayName=Android carrierName=Android nameSource=0 iconTint=-16746133 mNumber=+15555215554 dataRoaming=0 iconBitmap=android.graphics.Bitmap@8c84546 mcc 310 mnc 260mCountryIso=us isEmbedded false accessRules null cardString=890141032[****] cardId=-1 isOpportunistic false mGroupUUID=null mIsGroupDisabled=false profileClass=-1 subscriptionType=0}]
05-29 12:05:55.564 D/MultiSimSettingController( 2104): [updateDefaultValues] Update default data subscription
05-29 12:05:55.586 D/MultiSimSettingController( 2104): [updateDefaultValue] Record.id: 1
05-29 12:05:55.586 D/MultiSimSettingController( 2104): [updateDefaultValue] updates to subId=1
05-29 12:05:55.586 D/MultiSimSettingController( 2104): [updateDefaultValues] Update default voice subscription
05-29 12:05:55.587 I/netd    ( 1604): bandwidthRemoveInterfaceQuota("radio0") <0.93587ms>
05-29 12:05:55.590 I/netd    ( 1604): bandwidthSetInterfaceQuota(9223372036854775807, "radio0") <2.2008ms>
05-29 12:05:55.591 I/netd    ( 1604): bandwidthSetGlobalAlert(2097152) <0.08467ms>
05-29 12:05:55.598 D/MultiSimSettingController( 2104): [updateDefaultValue] Record.id: 1
05-29 12:05:55.598 D/MultiSimSettingController( 2104): [updateDefaultValue] updates to subId=1
05-29 12:05:55.598 D/MultiSimSettingController( 2104): [updateDefaultValues] Update default sms subscription
05-29 12:05:55.599 E/GnssLocationProvider( 1847): android_location_GnssLocationProvider_set_agps_server: AGPS interface not supported
05-29 12:05:55.605 D/NetworkMonitor/100( 2043): PROBE_HTTPS https://www.google.com/generate_204 time=406ms ret=204 request={Connection=[close], User-Agent=[Mozilla/5.0 (X11; Linux x86_64) AppleWebKit/537.36 (KHTML, like Gecko) Chrome/60.0.3112.32 Safari/537.36]} headers={null=[HTTP/1.1 204 No Content], Alt-Svc=[quic=":443"; ma=2592000; v="46,44,43,39"], Connection=[close], Content-Length=[0], Date=[Wed, 15 May 2019 16:06:16 GMT], X-Android-Received-Millis=[1559145955599], X-Android-Response-Source=[NETWORK 204], X-Android-Selected-Protocol=[http/1.1], X-Android-Sent-Millis=[1559145955522]}
05-29 12:05:55.607 D/MultiSimSettingController( 2104): [updateDefaultValue] Record.id: 1
05-29 12:05:55.608 D/MultiSimSettingController( 2104): [updateDefaultValue] updates to subId=1
05-29 12:05:55.615 D/MccTable( 2104): updateMccMncConfiguration mccmnc='310260
05-29 12:05:55.623 E/LocationAccessPolicy( 2104): Allowing com.android.networkstack fine because it doesn't target API 10000 yet. Please fix this app. Called from getServiceStateForSubscriber
05-29 12:05:55.626 D/NetworkMonitor/100( 2043): isCaptivePortal: isSuccessful()=true isPortal()=false RedirectUrl=null Time=655ms
05-29 12:05:55.626 W/BroadcastQueue( 1847): Background execution not allowed: receiving Intent { act=android.net.conn.NETWORK_CONDITIONS_MEASURED flg=0x10 (has extras) } to com.google.android.gms/.chimera.GmsIntentOperationService$PersistentTrustedReceiver
05-29 12:05:55.635 I/TelecomFramework( 2104): PstnPhoneCapabilitiesNotifier: handleVideoCapabilitesChanged. Video capability - false
05-29 12:05:55.635 D/IccSmsInterfaceManager( 2104): [IccSmsInterfaceManager] Failed to add GSM cell broadcast channels range 4373 to 4378
05-29 12:05:55.636 D/MccTable( 2104): updateMccMncConfiguration: mcc=310, mnc=260
05-29 12:05:55.637 D/MccTable( 2104): updateMccMncConfiguration updateConfig config={0.0 310mcc260mnc ?localeList ?layoutDir ?swdp ?wdp ?hdp ?density ?lsize ?long ?ldr ?wideColorGamut ?orien ?uimode ?night ?touch ?keyb/?/? ?nav/? winConfig={ mBounds=Rect(0, 0 - 0, 0) mAppBounds=null mWindowingMode=undefined mDisplayWindowingMode=undefined mActivityType=undefined mAlwaysOnTop=undefined mRotation=undefined}}
05-29 12:05:55.645 D/ConnectivityService( 1847): NetworkAgentInfo [MOBILE (LTE) - 100] validation passed
05-29 12:05:55.656 D/ConnectivityService( 1847): Setting DNS servers for network 100 to [/10.0.2.3]
05-29 12:05:55.656 D/DnsManager( 1847): setDnsConfigurationForNetwork(100, [10.0.2.3], [], [1800, 25, 8, 64], , [10.0.2.3])
05-29 12:05:55.657 I/netd    ( 1604): DnsResolverService::setResolverConfiguration(100, [10.0.2.3], [], [1800, 25, 8, 64], "", [10.0.2.3], []) -> (0) (0.08ms)
05-29 12:05:55.657 D/IccSmsInterfaceManager( 2104): [IccSmsInterfaceManager] Calling setCdmaBroadcastConfig with 1 configurations
05-29 12:05:55.659 I/GnssNetworkConnectivityHandler( 1847): updateNetworkState, state=CLOSED, connected=true, network=100, capabilities=[ Transports: CELLULAR Capabilities: MMS&SUPL&DUN&FOTA&IMS&CBS&IA&EIMS&INTERNET&NOT_RESTRICTED&TRUSTED&NOT_VPN&VALIDATED&NOT_ROAMING&FOREGROUND&NOT_CONGESTED&NOT_SUSPENDED&MCX LinkUpBandwidth>=51200Kbps LinkDnBandwidth>=102400Kbps Specifier: <1>], apn: epc.tmobile.com, availableNetworkCount: 1
05-29 12:05:55.689 I/Telecom ( 1847): PhoneAccountRegistrar: Modify account: [ComponentInfo{com.android.phone/com.android.services.telephony.TelephonyConnectionService}, ***, UserHandle{0}]: TSI.rPA@ABs
05-29 12:05:55.690 I/Telecom ( 1847): CallsManager: handlePhoneAccountChanged: phoneAccount=[[X] PhoneAccount: ComponentInfo{com.android.phone/com.android.services.telephony.TelephonyConnectionService}, ***, UserHandle{0} Capabilities: CallProvider MultiUser PlaceEmerg SimSub  Audio Routes: BESW Schemes: tel voicemail  Extras: Bundle[{android.telecom.extra.SUPPORTS_VIDEO_CALLING_FALLBACK=true}] GroupId: ***]: TSI.rPA@ABs
05-29 12:05:55.697 D/CallNotifier( 2104): updatePhoneStateListeners: update CF notifications.
05-29 12:05:55.697 I/TelecomFramework( 2104): : onSubscriptionsChanged - update accounts
05-29 12:05:55.698 I/TelecomFramework( 2104): PstnIncomingCallNotifier: Unregistering: Handler (com.android.internal.telephony.GsmCdmaPhone) {68c047f}
05-29 12:05:55.698 I/TelecomFramework( 2104): TelecomAccountRegistry: setupAccounts: Found 1 phones.  Attempting to register.
05-29 12:05:55.698 I/TelecomFramework( 2104): TelecomAccountRegistry: setupAccounts: Phone with subscription id 1
05-29 12:05:55.711 D/TelephonyProvider( 2104): subIdString = 1 subId = 1
05-29 12:05:55.719 I/Telecom ( 1847): PhoneAccountRegistrar: Modify account: [ComponentInfo{com.android.phone/com.android.services.telephony.TelephonyConnectionService}, ***, UserHandle{0}]: TSI.rPA@ABw
05-29 12:05:55.719 I/Telecom ( 1847): CallsManager: handlePhoneAccountChanged: phoneAccount=[[X] PhoneAccount: ComponentInfo{com.android.phone/com.android.services.telephony.TelephonyConnectionService}, ***, UserHandle{0} Capabilities: CallProvider MultiUser PlaceEmerg SimSub  Audio Routes: BESW Schemes: tel voicemail  Extras: Bundle[{android.telecom.extra.SUPPORTS_VIDEO_CALLING_FALLBACK=true}] GroupId: ***]: TSI.rPA@ABw
05-29 12:05:55.721 I/TelecomFramework( 2104): AccountEntry: Registered phoneAccount: [[ ] PhoneAccount: ComponentInfo{com.android.phone/com.android.services.telephony.TelephonyConnectionService}, ***, UserHandle{0} Capabilities: CallProvider MultiUser PlaceEmerg SimSub  Audio Routes: BESW Schemes: tel voicemail  Extras: Bundle[{android.telecom.extra.SUPPORTS_VIDEO_CALLING_FALLBACK=true}] GroupId: ***] with handle: ComponentInfo{com.android.phone/com.android.services.telephony.TelephonyConnectionService}, ***, UserHandle{0}
05-29 12:05:55.721 I/TelecomFramework( 2104): PstnIncomingCallNotifier: Registering: Handler (com.android.internal.telephony.GsmCdmaPhone) {68c047f}
05-29 12:05:55.724 D/CallNotifier( 2104): updatePhoneStateListeners: update CF notifications.
05-29 12:05:55.725 I/TelecomFramework( 2104): : onSubscriptionsChanged - update accounts
05-29 12:05:55.726 I/TelecomFramework( 2104): PstnIncomingCallNotifier: Unregistering: Handler (com.android.internal.telephony.GsmCdmaPhone) {68c047f}
05-29 12:05:55.726 I/TelecomFramework( 2104): TelecomAccountRegistry: setupAccounts: Found 1 phones.  Attempting to register.
05-29 12:05:55.726 I/TelecomFramework( 2104): TelecomAccountRegistry: setupAccounts: Phone with subscription id 1
05-29 12:05:55.751 I/Telecom ( 1847): PhoneAccountRegistrar: Modify account: [ComponentInfo{com.android.phone/com.android.services.telephony.TelephonyConnectionService}, ***, UserHandle{0}]: TSI.rPA@AB8
05-29 12:05:55.753 I/Telecom ( 1847): CallsManager: handlePhoneAccountChanged: phoneAccount=[[X] PhoneAccount: ComponentInfo{com.android.phone/com.android.services.telephony.TelephonyConnectionService}, ***, UserHandle{0} Capabilities: CallProvider MultiUser PlaceEmerg SimSub  Audio Routes: BESW Schemes: tel voicemail  Extras: Bundle[{android.telecom.extra.SUPPORTS_VIDEO_CALLING_FALLBACK=true}] GroupId: ***]: TSI.rPA@AB8
05-29 12:05:55.754 I/TelecomFramework( 2104): AccountEntry: Registered phoneAccount: [[ ] PhoneAccount: ComponentInfo{com.android.phone/com.android.services.telephony.TelephonyConnectionService}, ***, UserHandle{0} Capabilities: CallProvider MultiUser PlaceEmerg SimSub  Audio Routes: BESW Schemes: tel voicemail  Extras: Bundle[{android.telecom.extra.SUPPORTS_VIDEO_CALLING_FALLBACK=true}] GroupId: ***] with handle: ComponentInfo{com.android.phone/com.android.services.telephony.TelephonyConnectionService}, ***, UserHandle{0}
05-29 12:05:55.755 I/TelecomFramework( 2104): PstnIncomingCallNotifier: Registering: Handler (com.android.internal.telephony.GsmCdmaPhone) {68c047f}
05-29 12:05:55.763 D/CallNotifier( 2104): updatePhoneStateListeners: update CF notifications.
05-29 12:05:55.764 I/NotificationMgr( 2104): updateMwi(): subId 1 update to false
05-29 12:05:55.767 I/CallNotifier( 2104): onCallForwardingIndicatorChanged(): subId=1, visible=N
05-29 12:05:55.780 I/zygote  ( 1605): Ignoring open file descriptor 31
05-29 12:05:55.782 D/Zygote  ( 1605): Forked child process 2450
05-29 12:05:55.784 I/ActivityManager( 1847): Start proc 2450:com.google.android.dialer/u0a86 for broadcast com.google.android.dialer/com.android.dialer.app.voicemail.LegacyVoicemailNotificationReceiver
05-29 12:05:55.787 W/.android.diale( 2450): Unexpected CPU variant for X86 using defaults: x86
05-29 12:05:55.789 E/.android.diale( 2450): Not starting debugger since process cannot load the jdwp agent.
05-29 12:05:55.822 D/ApplicationLoaders( 2450): Returning zygote-cached class loader: /system/framework/android.hidl.base-V1.0-java.jar
05-29 12:05:55.822 D/ApplicationLoaders( 2450): Returning zygote-cached class loader: /system/framework/android.hidl.manager-V1.0-java.jar
05-29 12:05:55.822 D/ApplicationLoaders( 2450): Returning zygote-cached class loader: /system/framework/android.hidl.base-V1.0-java.jar
05-29 12:05:55.830 I/.android.diale( 2450): The ClassLoaderContext is a special shared library.
05-29 12:05:55.831 I/.android.diale( 2450): The ClassLoaderContext is a special shared library.
05-29 12:05:55.846 W/ContextImpl( 2450): Failed to ensure /data/user/0/com.google.android.dialer/cache: mkdir failed: ENOENT (No such file or directory)
05-29 12:05:55.847 W/ContextImpl( 2450): Failed to update user.inode_cache: stat failed: ENOENT (No such file or directory)
05-29 12:05:55.871 D/CallNotifier( 2104): updatePhoneStateListeners: update CF notifications.
05-29 12:05:55.871 I/NotificationMgr( 2104): updateCfi: subId= 1, visible=N
05-29 12:05:55.873 D/MultiSimSettingController( 2104): onSubscriptionsChanged
05-29 12:05:55.873 D/MultiSimSettingController( 2104): updateDefaults
05-29 12:05:55.875 D/MultiSimSettingController( 2104): [updateDefaultValues] records: [{id=1, iccId=890141032[****] simSlotIndex=0 carrierId=1 displayName=Android carrierName=Android nameSource=0 iconTint=-16746133 mNumber=+15555215554 dataRoaming=0 iconBitmap=android.graphics.Bitmap@28a6f59 mcc 310 mnc 260mCountryIso=us isEmbedded false accessRules null cardString=890141032[****] cardId=-1 isOpportunistic false mGroupUUID=null mIsGroupDisabled=false profileClass=-1 subscriptionType=0}]
05-29 12:05:55.875 D/MultiSimSettingController( 2104): [updateDefaultValues] Update default data subscription
05-29 12:05:55.878 D/TileLifecycleManager( 1976): Package not available: com.android.yadayada
05-29 12:05:55.879 I/NotificationMgr( 2104): updateMwi(): subId 1 update to false
05-29 12:05:55.887 D/IccSmsInterfaceManager( 2104): [IccSmsInterfaceManager] Failed to add cdma broadcast channels range 4098 to 4098
05-29 12:05:55.889 I/TelecomFramework( 2104): PstnPhoneCapabilitiesNotifier: handleVideoCapabilitesChanged. Video capability - false
05-29 12:05:55.902 D/IccSmsInterfaceManager( 2104): [IccSmsInterfaceManager] Calling setGsmBroadcastConfig with 1 configurations
05-29 12:05:55.915 D/MultiSimSettingController( 2104): [updateDefaultValue] Record.id: 1
05-29 12:05:55.917 D/MultiSimSettingController( 2104): [updateDefaultValue] updates to subId=1
05-29 12:05:55.917 D/MultiSimSettingController( 2104): [updateDefaultValues] Update default voice subscription
05-29 12:05:55.939 I/netd    ( 1604): bandwidthRemoveInterfaceQuota("radio0") <1.594ms>
05-29 12:05:55.940 V/StatusBar( 1976): mStatusBarWindow: com.android.systemui.statusbar.phone.StatusBarWindowView{f90f992 V.E...... ......ID 0,0-1080,63} canPanelBeCollapsed(): false
05-29 12:05:55.945 I/Dialer  ( 2450): ClearcutMetricsInitializer.initialize - enter
05-29 12:05:55.946 I/netd    ( 1604): bandwidthSetInterfaceQuota(9223372036854775807, "radio0") <1.22965ms>
05-29 12:05:55.947 I/netd    ( 1604): bandwidthSetGlobalAlert(2097152) <0.15523ms>
05-29 12:05:55.947 E/GnssLocationProvider( 1847): android_location_GnssLocationProvider_set_agps_server: AGPS interface not supported
05-29 12:05:55.952 D/KeyguardViewMediator( 1976): adjustStatusBarLocked (b/113914868): flags=0mShowing=false mStatusBarManager=android.app.StatusBarManager@47f6d8b mOccluded=false isSecure=false force=false
05-29 12:05:55.952 D/StatusBarManagerService( 1847): disabledlocked (b/113914868): displayId=0, net1=0, mDisabled1=0, token=android.os.BinderProxy@78492a2, mDisableRecords=0 => {  }
05-29 12:05:55.954 W/PrimesInit( 2450): Primes instant initialization
05-29 12:05:55.955 I/Dialer  ( 2450): ClearcutMetricsInitializer.initialize - primes metrics monitoring started!
05-29 12:05:55.957 I/Dialer  ( 2450): GoogleDialerApplication.onCreate - enter
05-29 12:05:55.889 I/TelecomFramework( 2104): PstnPhoneCapabilitiesNotifier: handleVideoCapabilitesChanged. Video capability - false
05-29 12:05:55.960 W/BroadcastQueue( 1847): Background execution not allowed: receiving Intent { act=android.intent.action.USER_PRESENT flg=0x24200010 } to com.google.android.gms/.chimera.GmsIntentOperationService$PersistentTrustedReceiver
05-29 12:05:55.961 W/Primes  ( 2450): background initialization
05-29 12:05:55.978 I/Dialer  ( 2450): DialerExecutorModule.newThread - creating low priority thread
05-29 12:05:55.993 E/ActivityThread( 2450): Failed to find provider info for com.google.android.gsf.gservices
05-29 12:05:55.995 I/Telecom ( 1847): PhoneAccountRegistrar: Modify account: [ComponentInfo{com.android.phone/com.android.services.telephony.TelephonyConnectionService}, ***, UserHandle{0}]: TSI.rPA@ACI
05-29 12:05:55.995 I/Telecom ( 1847): CallsManager: handlePhoneAccountChanged: phoneAccount=[[X] PhoneAccount: ComponentInfo{com.android.phone/com.android.services.telephony.TelephonyConnectionService}, ***, UserHandle{0} Capabilities: CallProvider MultiUser PlaceEmerg SimSub  Audio Routes: BESW Schemes: tel voicemail  Extras: Bundle[{android.telecom.extra.SUPPORTS_VIDEO_CALLING_FALLBACK=true}] GroupId: ***]: TSI.rPA@ACI
05-29 12:05:56.002 D/CallNotifier( 2104): updatePhoneStateListeners: update CF notifications.
05-29 12:05:56.002 I/NotificationMgr( 2104): updateCfi: subId= 1, visible=N
05-29 12:05:56.008 I/NotificationMgr( 2104): updateMwi(): subId 1 update to false
05-29 12:05:56.016 I/Dialer  ( 2450): BlockedNumbersAutoMigrator - not attempting auto-migrate: device is locked
05-29 12:05:56.020 I/TelecomFramework( 2104): : onSubscriptionsChanged - update accounts
05-29 12:05:56.020 I/TelecomFramework( 2104): PstnIncomingCallNotifier: Unregistering: Handler (com.android.internal.telephony.GsmCdmaPhone) {68c047f}
05-29 12:05:56.020 I/TelecomFramework( 2104): TelecomAccountRegistry: setupAccounts: Found 1 phones.  Attempting to register.
05-29 12:05:56.023 W/ContextImpl( 2450): Failed to ensure /data/user/0/com.google.android.dialer/shared_prefs: mkdir failed: ENOENT (No such file or directory)
05-29 12:05:56.025 W/Primes  ( 2450): Primes failed to initialized in the background
05-29 12:05:56.025 W/Primes  ( 2450): java.lang.IllegalStateException: SharedPreferences in credential encrypted storage are not available until after user is unlocked
05-29 12:05:56.025 W/Primes  ( 2450): 	at android.app.ContextImpl.getSharedPreferences(ContextImpl.java:458)
05-29 12:05:56.025 W/Primes  ( 2450): 	at android.app.ContextImpl.getSharedPreferences(ContextImpl.java:443)
05-29 12:05:56.025 W/Primes  ( 2450): 	at android.content.ContextWrapper.getSharedPreferences(ContextWrapper.java:178)
05-29 12:05:56.025 W/Primes  ( 2450): 	at giu.a(PG:4)
05-29 12:05:56.025 W/Primes  ( 2450): 	at gim.a(PG:11)
05-29 12:05:56.025 W/Primes  ( 2450): 	at gio.run(PG:3)
05-29 12:05:56.025 W/Primes  ( 2450): 	at java.util.concurrent.Executors$RunnableAdapter.call(Executors.java:462)
05-29 12:05:56.025 W/Primes  ( 2450): 	at java.util.concurrent.FutureTask.run(FutureTask.java:266)
05-29 12:05:56.025 W/Primes  ( 2450): 	at java.util.concurrent.ThreadPoolExecutor.runWorker(ThreadPoolExecutor.java:1167)
05-29 12:05:56.025 W/Primes  ( 2450): 	at java.util.concurrent.ThreadPoolExecutor$Worker.run(ThreadPoolExecutor.java:641)
05-29 12:05:56.025 W/Primes  ( 2450): 	at gjj.run(PG:4)
05-29 12:05:56.025 W/Primes  ( 2450): 	at java.lang.Thread.run(Thread.java:919)
05-29 12:05:56.026 D/StatusBar( 1976): disable<e i a s b h r c s > disable2<q i n >
05-29 12:05:56.045 I/TelecomFramework( 2104): TelecomAccountRegistry: setupAccounts: Phone with subscription id 1
05-29 12:05:56.053 W/System  ( 2104): A resource failed to call end. 
05-29 12:05:56.060 I/m.android.phon( 2104): Background concurrent copying GC freed 73174(5587KB) AllocSpace objects, 7(140KB) LOS objects, 49% free, 1871KB/3743KB, paused 2.851ms total 164.500ms
05-29 12:05:56.066 I/Dialer  ( 2450): DuoModule.provideDuo - enabled, returning impl
05-29 12:05:56.112 D/MultiSimSettingController( 2104): [updateDefaultValue] Record.id: 1
05-29 12:05:56.112 D/MultiSimSettingController( 2104): [updateDefaultValue] updates to subId=1
05-29 12:05:56.112 D/MultiSimSettingController( 2104): [updateDefaultValues] Update default sms subscription
05-29 12:05:56.141 I/Dialer  ( 2450): SpamModule.provideSpam - using in-app spam
05-29 12:05:56.143 I/Telecom ( 1847): PhoneAccountRegistrar: Modify account: [ComponentInfo{com.android.phone/com.android.services.telephony.TelephonyConnectionService}, ***, UserHandle{0}]: TSI.rPA@ACU
05-29 12:05:56.144 I/Telecom ( 1847): CallsManager: handlePhoneAccountChanged: phoneAccount=[[X] PhoneAccount: ComponentInfo{com.android.phone/com.android.services.telephony.TelephonyConnectionService}, ***, UserHandle{0} Capabilities: CallProvider MultiUser PlaceEmerg SimSub  Audio Routes: BESW Schemes: tel voicemail  Extras: Bundle[{android.telecom.extra.SUPPORTS_VIDEO_CALLING_FALLBACK=true}] GroupId: ***]: TSI.rPA@ACU
05-29 12:05:56.144 I/TelecomFramework( 2104): AccountEntry: Registered phoneAccount: [[ ] PhoneAccount: ComponentInfo{com.android.phone/com.android.services.telephony.TelephonyConnectionService}, ***, UserHandle{0} Capabilities: CallProvider MultiUser PlaceEmerg SimSub  Audio Routes: BESW Schemes: tel voicemail  Extras: Bundle[{android.telecom.extra.SUPPORTS_VIDEO_CALLING_FALLBACK=true}] GroupId: ***] with handle: ComponentInfo{com.android.phone/com.android.services.telephony.TelephonyConnectionService}, ***, UserHandle{0}
05-29 12:05:56.144 I/TelecomFramework( 2104): PstnIncomingCallNotifier: Registering: Handler (com.android.internal.telephony.GsmCdmaPhone) {68c047f}
05-29 12:05:56.159 D/IccSmsInterfaceManager( 2104): [IccSmsInterfaceManager] Failed to add GSM cell broadcast channels range 4386 to 4391
05-29 12:05:56.159 I/TelecomFramework( 2104): PstnPhoneCapabilitiesNotifier: handleVideoCapabilitesChanged. Video capability - false
05-29 12:05:56.188 I/Dialer  ( 2450): SpamModule.provideSpam - using in-app spam
05-29 12:05:56.196 I/Dialer  ( 2450): DialerApplication.initializeAnnotatedCallLog - framework not enabled
05-29 12:05:56.202 D/IccSmsInterfaceManager( 2104): [IccSmsInterfaceManager] Calling setGsmBroadcastConfig with 1 configurations
05-29 12:05:56.205 W/ContextImpl( 2450): Failed to ensure /data/user/0/com.google.android.dialer/cache: mkdir failed: ENOENT (No such file or directory)
05-29 12:05:56.206 W/ContextImpl( 2450): Failed to update user.inode_cache: stat failed: ENOENT (No such file or directory)
05-29 12:05:56.223 W/ActivityManager( 1847): Unable to start service Intent { act=com.google.android.gms.telephonyspam.service.START pkg=com.google.android.gms } U=0: not found
05-29 12:05:56.226 W/ActivityManager( 1847): Unbind failed: could not find connection for android.os.BinderProxy@ac93882
05-29 12:05:56.227 E/GmsClient( 2450): unable to connect to service: com.google.android.gms.telephonyspam.service.START on com.google.android.gms
05-29 12:05:56.239 I/Telecom ( 1847): PhoneAccountRegistrar: Modify account: [ComponentInfo{com.android.phone/com.android.services.telephony.TelephonyConnectionService}, ***, UserHandle{0}]: TSI.rPA@ACg
05-29 12:05:56.240 W/ActivityManager( 1847): Unable to start service Intent { act=com.google.android.gms.phenotype.service.START pkg=com.google.android.gms } U=0: not found
05-29 12:05:56.240 I/Telecom ( 1847): CallsManager: handlePhoneAccountChanged: phoneAccount=[[X] PhoneAccount: ComponentInfo{com.android.phone/com.android.services.telephony.TelephonyConnectionService}, ***, UserHandle{0} Capabilities: CallProvider MultiUser PlaceEmerg SimSub  Audio Routes: BESW Schemes: tel voicemail  Extras: Bundle[{android.telecom.extra.SUPPORTS_VIDEO_CALLING_FALLBACK=true}] GroupId: ***]: TSI.rPA@ACg
05-29 12:05:56.241 D/IccSmsInterfaceManager( 2104): [IccSmsInterfaceManager] Failed to add GSM cell broadcast channels range 4379 to 4379
05-29 12:05:56.242 W/ActivityManager( 1847): Unbind failed: could not find connection for android.os.BinderProxy@2a677d0
05-29 12:05:56.248 E/GmsClient( 2450): unable to connect to service: com.google.android.gms.phenotype.service.START on com.google.android.gms
05-29 12:05:56.249 D/IccSmsInterfaceManager( 2104): [IccSmsInterfaceManager] Calling setCdmaBroadcastConfig with 1 configurations
05-29 12:05:56.254 D/IccSmsInterfaceManager( 2104): [IccSmsInterfaceManager] Failed to add cdma broadcast channels range 4099 to 4099
05-29 12:05:56.258 D/IccSmsInterfaceManager( 2104): [IccSmsInterfaceManager] Calling setGsmBroadcastConfig with 1 configurations
05-29 12:05:56.263 I/Dialer  ( 2450): GoogleDialerApplication.onCreate - register new client
05-29 12:05:56.266 W/ActivityManager( 1847): Unable to start service Intent { act=com.google.android.gms.phenotype.service.START pkg=com.google.android.gms } U=0: not found
05-29 12:05:56.268 W/ActivityManager( 1847): Unbind failed: could not find connection for android.os.BinderProxy@44293c9
05-29 12:05:56.269 E/GmsClient( 2450): unable to connect to service: com.google.android.gms.phenotype.service.START on com.google.android.gms
05-29 12:05:56.271 D/IccSmsInterfaceManager( 2104): [IccSmsInterfaceManager] Failed to add GSM cell broadcast channels range 4392 to 4392
05-29 12:05:56.272 I/StatusBar/NavBarView( 1976): updateNavButtonIcons (b/113914868): home disabled=false mDisabledFlags=0
05-29 12:05:56.299 D/IccSmsInterfaceManager( 2104): [IccSmsInterfaceManager] Failed to remove GSM cell broadcast channels range 4380 to 4380
05-29 12:05:56.302 D/IccSmsInterfaceManager( 2104): [IccSmsInterfaceManager] Failed to remove cdma broadcast channels range 4100 to 4100
05-29 12:05:56.302 D/MultiSimSettingController( 2104): [updateDefaultValue] Record.id: 1
05-29 12:05:56.302 D/MultiSimSettingController( 2104): [updateDefaultValue] updates to subId=1
05-29 12:05:56.309 D/IccSmsInterfaceManager( 2104): [IccSmsInterfaceManager] Failed to remove GSM cell broadcast channels range 4393 to 4393
05-29 12:05:56.318 D/TelephonyProvider( 2104): subIdString = 1 subId = 1
05-29 12:05:56.335 D/IccSmsInterfaceManager( 2104): [IccSmsInterfaceManager] Failed to remove GSM cell broadcast channels range 4381 to 4381
05-29 12:05:56.336 I/StatusBar/NavBarView( 1976): updateNavButtonIcons (b/113914868): home disabled=false mDisabledFlags=0
05-29 12:05:56.343 I/Dialer  ( 2450): GoogleDialerApplication.onCreate - registered new client
05-29 12:05:56.345 I/Dialer  ( 2450): LegacyVoicemailNotificationReceiver.onReceive - received legacy voicemail notification
05-29 12:05:56.345 I/Dialer  ( 2450): LegacyVoicemailNotificationReceiver.onReceive - isRefresh: false
05-29 12:05:56.346 D/IccSmsInterfaceManager( 2104): [IccSmsInterfaceManager] Failed to remove GSM cell broadcast channels range 4394 to 4394
05-29 12:05:56.348 I/StatusBar/NavBarView( 1976): updateNavButtonIcons (b/113914868): home disabled=false mDisabledFlags=0
05-29 12:05:56.351 I/Dialer  ( 2450): LegacyVoicemailNotificationReceiver.onReceive - clearing notification
05-29 12:05:56.351 I/Dialer  ( 2450): LegacyVoicemailNotifier.cancelNotification - enter
05-29 12:05:56.356 I/Dialer  ( 2450): Flags.register - phenotype register status: false
05-29 12:05:56.356 I/Dialer  ( 2450): LegacyVoicemailNotificationReceiver.onReceive - received legacy voicemail notification
05-29 12:05:56.358 I/Dialer  ( 2450): LegacyVoicemailNotificationReceiver.onReceive - isRefresh: true
05-29 12:05:56.358 I/Dialer  ( 2450): LegacyVoicemailNotificationReceiver.onReceive - clearing notification
05-29 12:05:56.358 I/Dialer  ( 2450): LegacyVoicemailNotifier.cancelNotification - enter
05-29 12:05:56.365 D/IccSmsInterfaceManager( 2104): [IccSmsInterfaceManager] Failed to remove GSM cell broadcast channels range 4382 to 4382
05-29 12:05:56.366 I/Dialer  ( 2450): LegacyVoicemailNotificationReceiver.onReceive - received legacy voicemail notification
05-29 12:05:56.367 I/Dialer  ( 2450): LegacyVoicemailNotificationReceiver.onReceive - isRefresh: true
05-29 12:05:56.367 I/Dialer  ( 2450): LegacyVoicemailNotificationReceiver.onReceive - clearing notification
05-29 12:05:56.367 I/Dialer  ( 2450): LegacyVoicemailNotifier.cancelNotification - enter
05-29 12:05:56.370 D/IccSmsInterfaceManager( 2104): [IccSmsInterfaceManager] Failed to remove GSM cell broadcast channels range 4395 to 4395
05-29 12:05:56.399 D/IccSmsInterfaceManager( 2104): [IccSmsInterfaceManager] Calling setGsmBroadcastConfig with 1 configurations
05-29 12:05:56.403 D/IccSmsInterfaceManager( 2104): [IccSmsInterfaceManager] Failed to add GSM cell broadcast channels range 4352 to 4354
05-29 12:05:56.407 I/StatusBar/NavBarView( 1976): updateNavButtonIcons (b/113914868): home disabled=false mDisabledFlags=0
05-29 12:05:56.411 D/IccSmsInterfaceManager( 2104): [IccSmsInterfaceManager] Calling setGsmBroadcastConfig with 1 configurations
05-29 12:05:56.415 D/IccSmsInterfaceManager( 2104): [IccSmsInterfaceManager] Failed to add GSM cell broadcast channels range 4356 to 4356
05-29 12:05:56.418 E/ActivityThread( 2450): Failed to find provider info for com.google.android.gsf.gservices
05-29 12:05:56.423 I/StatusBar/NavBarView( 1976): updateNavButtonIcons (b/113914868): home disabled=false mDisabledFlags=0
