05-29 12:05:47.593 I/SystemServiceManager( 1847): Starting com.android.server.power.PowerManagerService
05-29 12:05:47.609 I/SystemServer( 1847): StartThermalManager
05-29 12:05:47.609 I/SystemServiceManager( 1847): Starting com.android.server.power.ThermalManagerService
05-29 12:05:47.611 I/SystemServer( 1847): InitPowerManagement
05-29 12:05:47.612 I/SystemServer( 1847): StartRecoverySystemService
05-29 12:05:47.612 I/SystemServiceManager( 1847): Starting com.android.server.RecoverySystemService
05-29 12:05:47.613 V/RescueParty( 1847): Disabled because of manual property
05-29 12:05:47.613 I/SystemServer( 1847): StartLightsService
05-29 12:05:47.613 I/SystemServiceManager( 1847): Starting com.android.server.lights.LightsService
05-29 12:05:47.618 I/SystemServer( 1847): StartSidekickService
05-29 12:05:47.618 I/SystemServer( 1847): StartDisplayManager
05-29 12:05:47.618 I/SystemServiceManager( 1847): Starting com.android.server.display.DisplayManagerService
05-29 12:05:47.624 I/SystemServer( 1847): WaitForDisplay
05-29 12:05:47.624 I/SystemServiceManager( 1847): Starting phase 100
05-29 12:05:47.626 E/SurfaceFlinger( 1632): ro.sf.lcd_density must be defined as a build property
05-29 12:05:47.633 I/DisplayManagerService( 1847): Display device added: DisplayDeviceInfo{"Built-in Screen": uniqueId="local:0", 1080 x 1920, modeId 1, defaultModeId 1, supportedModes [{id=1, width=1080, height=1920, fps=60.000004}], colorMode 0, supportedColorModes [0], HdrCapabilities android.view.Display$HdrCapabilities@40f16308, density 420, 420.0 x 420.0 dpi, appVsyncOff 1000000, presDeadline 16666666, touch INTERNAL, rotation 0, type BUILT_IN, state UNKNOWN, FLAG_DEFAULT_DISPLAY, FLAG_ROTATES_WITH_CONTENT, FLAG_SECURE, FLAG_SUPPORTS_PROTECTED_BUFFERS}
05-29 12:05:47.635 D/SurfaceFlinger( 1632): Setting power mode 2 on display 0
05-29 12:05:47.635 I/hwservicemanager( 1512): getTransport: Cannot find entry android.hardware.light@2.0::ILight/default in either framework or device manifest.
05-29 12:05:47.636 I/DisplayManagerService( 1847): Display device changed state: "Built-in Screen", ON
05-29 12:05:47.636 I/SystemServer( 1847): StartPackageManagerService
05-29 12:05:47.641 I/ServiceManager( 1663): Waiting for service 'package_native' on '/dev/binder'...
05-29 12:05:47.670 D/SELinuxMMAC( 1847): Using policy file /system/etc/selinux/plat_mac_permissions.xml
05-29 12:05:47.671 D/SELinuxMMAC( 1847): Using policy file /vendor/etc/selinux/vendor_mac_permissions.xml
05-29 12:05:47.674 D/FallbackCategoryProvider( 1847): Found 387 fallback categories
05-29 12:05:47.724 W/PackageManager( 1847): Unknown element under <package>: uses-static-lib
05-29 12:05:47.742 I/ServiceManager( 1663): Waiting for service 'package_native' on '/dev/binder'...
05-29 12:05:47.729 W/PackageManager( 1847): Unknown element under <package>: uses-static-lib
05-29 12:05:47.803 D/PackageManager( 1847): Keeping known cache 2d4da60bf8e914f8223de2af59fcdcffdc06968b
05-29 12:05:47.804 D/PackageManager( 1847): No files in app dir /vendor/overlay
05-29 12:05:47.828 D/PackageManager( 1847): No files in app dir /product_services/overlay
05-29 12:05:47.828 D/PackageManager( 1847): No files in app dir /odm/overlay
05-29 12:05:47.834 W/PackageManager( 1847): Failed to parse /system/framework/x86: Missing base APK in /system/framework/x86
05-29 12:05:47.838 W/PackageManager( 1847): Failed to parse /system/framework/oat: Missing base APK in /system/framework/oat
05-29 12:05:47.843 I/ServiceManager( 1663): Waiting for service 'package_native' on '/dev/binder'...
05-29 12:05:47.935 D/PackageManager( 1847): No files in app dir /vendor/priv-app
05-29 12:05:47.935 D/PackageManager( 1847): No files in app dir /vendor/app
05-29 12:05:47.935 D/PackageManager( 1847): No files in app dir /odm/priv-app
05-29 12:05:47.935 D/PackageManager( 1847): No files in app dir /odm/app
05-29 12:05:47.936 D/PackageManager( 1847): No files in app dir /oem/app
05-29 12:05:47.943 I/ServiceManager( 1663): Waiting for service 'package_native' on '/dev/binder'...
05-29 12:05:47.981 W/PackageManager( 1847): Failed to scan /system/product/priv-app/Phonesky: Package com.android.vending at /system/product/priv-app/Phonesky ignored: updated version 81471800 better than this 81425800
05-29 12:05:47.997 W/PackageManager( 1847): Skipping provider name com.google.android.settings.intelligence (in package com.google.android.settings.intelligence): name already used by com.google.android.settings.intelligence
05-29 12:05:48.001 W/PackageManager( 1847): Failed to scan /system/product/priv-app/PrebuiltGmsCore: Package com.google.android.gms at /system/product/priv-app/PrebuiltGmsCore ignored: updated version 17122040 better than this 16790022
05-29 12:05:48.003 W/PackageManager( 1847): Skipping provider name com.google.android.apps.safetyhub (in package com.google.android.apps.safetyhub): name already used by com.google.android.apps.safetyhub
05-29 12:05:48.044 I/ServiceManager( 1663): Waiting for service 'package_native' on '/dev/binder'...
05-29 12:05:48.052 D/PackageManager( 1847): No files in app dir /product_services/priv-app
05-29 12:05:48.053 D/PackageManager( 1847): No files in app dir /product_services/app
05-29 12:05:48.054 I/PackageManager( 1847): Finished scanning system apps. Time: 252 ms, packageCount: 157 , timePerPackage: 1 , cached: 159
05-29 12:05:48.098 W/PackageParser( 1847): Unknown element under <manifest>: uses-sdk at /data/app/com.wezpigulke-2qQFcMzpQHa7tGeSiwOVpg==/split_lib_resources_apk.apk Binary XML file line #7
05-29 12:05:48.102 I/PackageManager( 1847): Finished scanning non-system apps. Time: 48 ms, packageCount: 3 , timePerPackage: 16 , cached: 2
05-29 12:05:48.107 I/PackageManager( 1847): Time to scan packages: 0.305 seconds
05-29 12:05:48.109 I/PackageManager( 1847): Un-granting permission android.permission.MANAGE_DOCUMENTS from package com.google.android.youtube (protectionLevel=262146 flags=0x305bbe45)
05-29 12:05:48.111 I/PackageManager( 1847): Un-granting permission com.google.android.googleapps.permission.GOOGLE_AUTH from package com.android.providers.calendar (protectionLevel=2 flags=0x30083e45)
05-29 12:05:48.111 I/PackageManager( 1847): Un-granting permission com.google.android.googleapps.permission.GOOGLE_AUTH.cl from package com.android.providers.calendar (protectionLevel=2 flags=0x30083e45)
05-29 12:05:48.112 I/PackageManager( 1847): Un-granting permission com.google.android.setupwizard.READ_DEVICE_ORIGIN from package com.google.android.apps.messaging (protectionLevel=18 flags=0x384bbe45)
05-29 12:05:48.113 I/PackageManager( 1847): Un-granting permission android.permission.SEND_DOWNLOAD_COMPLETED_INTENTS from package com.android.vending (protectionLevel=2 flags=0x384abec5)
05-29 12:05:48.113 I/PackageManager( 1847): Un-granting permission android.permission.INSTALL_GRANT_RUNTIME_PERMISSIONS from package com.android.vending (protectionLevel=770 flags=0x384abec5)
05-29 12:05:48.113 I/PackageManager( 1847): Un-granting permission android.permission.GRANT_RUNTIME_PERMISSIONS from package com.android.vending (protectionLevel=770 flags=0x384abec5)
05-29 12:05:48.113 I/PackageManager( 1847): Un-granting permission android.permission.REVOKE_RUNTIME_PERMISSIONS from package com.android.vending (protectionLevel=770 flags=0x384abec5)
05-29 12:05:48.113 I/PackageManager( 1847): Un-granting permission android.permission.SET_PREFERRED_APPLICATIONS from package com.android.vending (protectionLevel=770 flags=0x384abec5)
05-29 12:05:48.113 I/PackageManager( 1847): Un-granting permission android.permission.ACCESS_INSTANT_APPS from package com.android.vending (protectionLevel=131842 flags=0x384abec5)
05-29 12:05:48.113 I/PackageManager( 1847): Un-granting permission android.permission.MANAGE_APP_OPS_MODES from package com.android.vending (protectionLevel=770 flags=0x384abec5)
05-29 12:05:48.114 I/PackageManager( 1847): Un-granting permission android.permission.MANAGE_ROLLBACKS from package com.android.vending (protectionLevel=514 flags=0x384abec5)
05-29 12:05:48.114 I/PackageManager( 1847): Un-granting permission android.permission.SET_HARMFUL_APP_WARNINGS from package com.android.vending (protectionLevel=514 flags=0x384abec5)
05-29 12:05:48.115 I/PackageManager( 1847): Un-granting permission android.permission.BIND_WALLPAPER from package com.android.camera2 (protectionLevel=18 flags=0x2058bc45)
05-29 12:05:48.117 I/PackageManager( 1847): Un-granting permission android.permission.REQUEST_INSTALL_PACKAGES from package com.google.android.gm (protectionLevel=66 flags=0x384bbe45)
05-29 12:05:48.117 I/PackageManager( 1847): Un-granting permission android.permission.CLEAR_APP_USER_DATA from package com.google.android.permissioncontroller (protectionLevel=258 flags=0x20483e05)
05-29 12:05:48.117 I/PackageManager( 1847): Un-granting permission android.permission.GRANT_RUNTIME_PERMISSIONS from package com.google.android.permissioncontroller (protectionLevel=770 flags=0x20483e05)
05-29 12:05:48.117 I/PackageManager( 1847): Un-granting permission android.permission.REVOKE_RUNTIME_PERMISSIONS from package com.google.android.permissioncontroller (protectionLevel=770 flags=0x20483e05)
05-29 12:05:48.117 I/PackageManager( 1847): Un-granting permission android.permission.ADJUST_RUNTIME_PERMISSIONS_POLICY from package com.google.android.permissioncontroller (protectionLevel=258 flags=0x20483e05)
05-29 12:05:48.117 I/PackageManager( 1847): Un-granting permission android.permission.WHITELIST_RESTRICTED_PERMISSIONS from package com.google.android.permissioncontroller (protectionLevel=258 flags=0x20483e05)
05-29 12:05:48.117 I/PackageManager( 1847): Un-granting permission android.permission.INTERACT_ACROSS_USERS_FULL from package com.google.android.permissioncontroller (protectionLevel=258 flags=0x20483e05)
05-29 12:05:48.117 I/PackageManager( 1847): Un-granting permission android.permission.MANAGE_APP_OPS_MODES from package com.google.android.permissioncontroller (protectionLevel=770 flags=0x20483e05)
05-29 12:05:48.117 I/PackageManager( 1847): Un-granting permission android.permission.KILL_UID from package com.google.android.permissioncontroller (protectionLevel=258 flags=0x20483e05)
05-29 12:05:48.117 I/PackageManager( 1847): Un-granting permission android.permission.MANAGE_APP_OPS_RESTRICTIONS from package com.google.android.permissioncontroller (protectionLevel=258 flags=0x20483e05)
05-29 12:05:48.118 I/PackageManager( 1847): Un-granting permission android.permission.HIDE_NON_SYSTEM_OVERLAY_WINDOWS from package com.google.android.permissioncontroller (protectionLevel=258 flags=0x20483e05)
05-29 12:05:48.118 I/PackageManager( 1847): Un-granting permission android.permission.MANAGE_ROLE_HOLDERS from package com.google.android.permissioncontroller (protectionLevel=258 flags=0x20483e05)
05-29 12:05:48.118 I/PackageManager( 1847): Un-granting permission android.permission.OBSERVE_ROLE_HOLDERS from package com.google.android.permissioncontroller (protectionLevel=258 flags=0x20483e05)
05-29 12:05:48.118 I/PackageManager( 1847): Un-granting permission android.permission.SET_PREFERRED_APPLICATIONS from package com.google.android.permissioncontroller (protectionLevel=770 flags=0x20483e05)
05-29 12:05:48.118 I/PackageManager( 1847): Un-granting permission android.permission.ACCESS_SHARED_LIBRARIES from package com.google.android.permissioncontroller (protectionLevel=258 flags=0x20483e05)
05-29 12:05:48.118 I/PackageManager( 1847): Un-granting permission android.permission.ACCESS_INSTANT_APPS from package com.google.android.permissioncontroller (protectionLevel=131842 flags=0x20483e05)
05-29 12:05:48.118 I/PackageManager( 1847): Un-granting permission android.permission.OPEN_ACCESSIBILITY_DETAILS_SETTINGS from package com.google.android.permissioncontroller (protectionLevel=258 flags=0x20483e05)
05-29 12:05:48.118 I/PackageManager( 1847): Un-granting permission android.permission.MANAGE_DEVICE_ADMINS from package com.google.android.setupwizard (protectionLevel=2 flags=0x38c83e05)
05-29 12:05:48.119 I/PackageManager( 1847): Un-granting permission android.permission.REQUEST_INSTALL_PACKAGES from package com.google.android.apps.docs (protectionLevel=66 flags=0x384bbe45)
05-29 12:05:48.120 I/PackageManager( 1847): Un-granting permission android.permission.INTERACT_ACROSS_USERS from package com.google.android.syncadapters.contacts (protectionLevel=50 flags=0x20083e45)
05-29 12:05:48.120 I/PackageManager( 1847): Un-granting permission android.permission.REQUEST_INSTALL_PACKAGES from package com.android.chrome (protectionLevel=66 flags=0xa04bbe45)
05-29 12:05:48.121 I/PackageManager( 1847): Un-granting permission android.permission.HIDE_NON_SYSTEM_OVERLAY_WINDOWS from package com.google.android.packageinstaller (protectionLevel=258 flags=0x30483e45)
05-29 12:05:48.121 I/PackageManager( 1847): Un-granting permission android.permission.MANAGE_APP_OPS_MODES from package com.google.android.packageinstaller (protectionLevel=770 flags=0x30483e45)
05-29 12:05:48.121 I/PackageManager( 1847): Un-granting permission android.permission.INTERACT_ACROSS_USERS_FULL from package com.google.android.packageinstaller (protectionLevel=258 flags=0x30483e45)
05-29 12:05:48.121 I/PackageManager( 1847): Un-granting permission android.permission.CAPTURE_VIDEO_OUTPUT from package com.google.android.gms (protectionLevel=2 flags=0xa04abec5)
05-29 12:05:48.121 I/PackageManager( 1847): Un-granting permission android.permission.MANAGE_DEVICE_ADMINS from package com.google.android.gms (protectionLevel=2 flags=0xa04abec5)
05-29 12:05:48.121 I/PackageManager( 1847): Un-granting permission android.permission.MANAGE_ACTIVITY_STACKS from package com.google.android.gms (protectionLevel=2 flags=0xa04abec5)
05-29 12:05:48.122 I/PackageManager( 1847): Un-granting permission android.permission.CAPTURE_SECURE_VIDEO_OUTPUT from package com.google.android.gms (protectionLevel=2 flags=0xa04abec5)
05-29 12:05:48.123 I/PackageManager( 1847): Un-granting permission com.google.android.googleapps.permission.GOOGLE_AUTH from package com.google.android.videos (protectionLevel=2 flags=0x385bbe45)
05-29 12:05:48.124 I/PackageManager( 1847): Un-granting permission android.permission.WRITE_MEDIA_STORAGE from package com.google.android.apps.photos (protectionLevel=18 flags=0x3859be45)
05-29 12:05:48.124 I/PackageManager( 1847): Un-granting permission android.permission.WRITE_DEVICE_CONFIG from package com.google.android.settings.intelligence (protectionLevel=524290 flags=0x3048be45)
05-29 12:05:48.125 I/PackageManager( 1847): Un-granting permission android.permission.NETWORK_BYPASS_PRIVATE_DNS from package com.android.captiveportallogin (protectionLevel=2 flags=0x3848be45)
05-29 12:05:48.126 V/PackageManager( 1847): reconcileAppsData for null u0 0x1 migrateAppData=true
05-29 12:05:48.129 I/SELinux ( 1655): SELinux: Loaded file_contexts
05-29 12:05:48.144 I/ServiceManager( 1663): Waiting for service 'package_native' on '/dev/binder'...
05-29 12:05:48.140 W/Binder:1655_1( 1655): type=1400 audit(0.0:84): avc: denied { write } for name="tasks" dev="tmpfs" ino=6842 scontext=u:r:installd:s0 tcontext=u:object_r:device:s0 tclass=file permissive=0
05-29 12:05:48.152 V/PackageManager( 1847): reconcileAppsData finished 21 packages
05-29 12:05:48.191 I/SELinux ( 1847): SELinux: Loaded file_contexts
05-29 12:05:48.211 W/installd( 1655): Ignoring /data/data/mUUmEVM2qAdw2gfIKg7nsolh,hn1+1TuEnA98B/vsvO3GKtX7m9IKEeKKGPaB with unexpected GID 0 instead of 10043
05-29 12:05:48.211 W/installd( 1655): Ignoring /data/data/A07TqdhuEsRU3YMHxz0fK4JYLRr1pEdf3SUEEC/0gbI8JAey3Vh62Lju+zPmD with unexpected GID 0 instead of 10128
05-29 12:05:48.217 W/installd( 1655): Ignoring /data/data/_AAAAAAAAAAAyewZkBKwiRqCLdOtYmPup/IBvVC,LFOxAlxETCUED,hA with unexpected GID 0 instead of 10104
05-29 12:05:48.218 W/installd( 1655): Ignoring /data/data/_AAAAAAAAAAgNQdCnmnzA8+16QrUqD2Ct/Sz83cNPbJcNUhG9zN0MdkA with unexpected GID 0 instead of 10124
05-29 12:05:48.222 W/installd( 1655): Ignoring /data/data/_AAAAAAAAAAQABqxDBTV26YMRj31TZQiM/8SOccLgRKLFKR3HZUw6XlA with unexpected GID 0 instead of 10118
05-29 12:05:48.223 W/installd( 1655): Ignoring /data/data/IWPNtTROLXb1XmOOD9CHt1gOI4t7Soex/xPdwYPi5Uoysg9iw3ToYhA with unexpected GID 0 instead of 10123
05-29 12:05:48.225 W/installd( 1655): Ignoring /data/data/Ymr32j7tRWWLCqOouIVdsRmP7GGpUB1Y/h0v2oZz+fTfF8qDv49YLhC with unexpected GID 0 instead of 10049
05-29 12:05:48.225 W/installd( 1655): Ignoring /data/data/8+G8fBKK3nWHESMfbtGa31hTo8J/ozceefm3bo+u+TBAwJHxFA with unexpected GID 0 instead of 10084
05-29 12:05:48.226 W/installd( 1655): Ignoring /data/data/AR9Ya9KY7fwUkDLsU95C+891E2DG0dTm/PaV1qI7zSIBtr6hEI6vWUB with unexpected GID 0 instead of 10076
05-29 12:05:48.231 W/installd( 1655): Ignoring /data/data/uihfup5T7oi98AXbRjApqkJPtOI/SptsVQLC,+oPhhmqyQgoZB with unexpected GID 0 instead of 10109
05-29 12:05:48.231 W/installd( 1655): Ignoring /data/data/_AAAAAAAAAAAoQKLY6OIrwaskHOwum+iQ/N9yQh,7V+kHEETw+wBPpbC with unexpected GID 0 instead of 10064
05-29 12:05:48.232 W/installd( 1655): Ignoring /data/data/sgI,TjVn5ca9yLbGadl3,C/8ZdVWs96etqkbkMfwSe85B with unexpected GID 0 instead of 1027
05-29 12:05:48.234 W/installd( 1655): Ignoring /data/data/T4aFfPl30cCD15,7bly7H5JYLRr1pEdf/MWtnNhkA6jXNm,AQQtHcuA with unexpected GID 0 instead of 10097
05-29 12:05:48.236 W/installd( 1655): Ignoring /data/data/dtEbpdWJ62Q+qBBAibJdy6JYLRr1pEdf3SUEEeZgelM/GtgTl4Vxb3OtZN6hX939jB with unexpected GID 0 instead of 10088
05-29 12:05:48.237 W/installd( 1655): Ignoring /data/data/xfgZMQ8DIpxx,m7oXkno27JYLRr1pEdf/vENkk,FzHe+EysG31hwN4D with unexpected GID 0 instead of 10090
05-29 12:05:48.240 W/installd( 1655): Ignoring /data/data/lqbdfbmfus558hpehiPZtfctvhKaSdJD/3RC3m5B7MH5Z4uTcPuW1BA with unexpected GID 0 instead of 10071
05-29 12:05:48.242 W/installd( 1655): Ignoring /data/data/a+az2HkN,SyJTBU6SqqYaA/ODlSEbvz9n2dnMAhCcVs2D with unexpected GID 0 instead of 10078
05-29 12:05:48.243 W/installd( 1655): Ignoring /data/data/CmGv2cEMaZYjITDHEH3fD5JYLRr1pEdf3SUEEC/6txzkWA95FMmUzRa1rMXJC with unexpected GID 0 instead of 10127
05-29 12:05:48.245 W/installd( 1655): Ignoring /data/data/TAyZoG,U6eTuojjtbvZ3m4JYLRr1pEdf3SUEEC/ueUBs0Wj42fkDTaQeGPhyD with unexpected GID 0 instead of 10106
05-29 12:05:48.246 W/installd( 1655): Ignoring /data/data/c47wMZgoiWdl4LkmVQvA77JYLRr1pEdf3SUEEC/lwxzlAQtpVs6Jrylm+alND with unexpected GID 0 instead of 10105
05-29 12:05:48.247 I/ServiceManager( 1663): Waiting for service 'package_native' on '/dev/binder'...
05-29 12:05:48.248 W/installd( 1655): Ignoring /data/data/FmJxnZBWK26YyecdRAmDn4JYLRr1pEdf3SUEEC/JLnc42UXvwp0u3Y,iwJzgC with unexpected GID 0 instead of 10122
05-29 12:05:48.250 W/installd( 1655): Ignoring /data/data/i7N0WDqZLui3yqGeodbn8xpGzrK/DU+8C6rXWoyImQZLF+KKsB with unexpected GID 0 instead of 10107
05-29 12:05:48.251 W/installd( 1655): Ignoring /data/data/FyYtxpVkHCzAlh2yEvm+i4JYLRr1pEdf/0ZJYf,MpAoRa7AgvpKuWjA with unexpected GID 0 instead of 10094
05-29 12:05:48.252 W/installd( 1655): Ignoring /data/data/eBE1JFCoEB5O8bAXzY2N37JYLRr1pEdf/xVu6Klnz2uSxgy9+QTjE5C with unexpected GID 0 instead of 10094
05-29 12:05:48.252 W/installd( 1655): Ignoring /data/data/dKTjrDi7nvWgWtUjQcTnq7JYLRr1pEdf/ohp3ZO+9aMjDD+8ACMhPaB with unexpected GID 0 instead of 10115
05-29 12:05:48.255 W/installd( 1655): Ignoring /data/data/iq79w2jf7dXx,HGqZYlsE4JYLRr1pEdf3SUEEC/R+vz7AfA0K7STQz6lVWIiB with unexpected GID 0 instead of 10120
05-29 12:05:48.257 W/installd( 1655): Ignoring /data/data/m2Oz8RfFUP94QsIbxEZSR4JYLRr1pEdf3SUEEeZgelM/Fqv0BJWfFeL6GaacNKEzCD with unexpected GID 0 instead of 10114
05-29 12:05:48.260 W/installd( 1655): Ignoring /data/data/_AAAAAAAAAAgw9O6pI1uL43o19M42uS3n/U2kFxMRxkWs72ncapYTybB with unexpected GID 0 instead of 10063
05-29 12:05:48.261 W/installd( 1655): Ignoring /data/data/_AAAAAAAAAAwD256sUzUhBrge9,AT35hB/Rb3Uir+vYCdclJwNTvu4gA with unexpected GID 0 instead of 10060
05-29 12:05:48.263 W/installd( 1655): Ignoring /data/data/_AAAAAAAAAAAA+lLw9QdPyiCJ6BLCYCHN/H2XUtnPxTdCb2s3NPi8J,A with unexpected GID 0 instead of 10112
05-29 12:05:48.267 W/installd( 1655): Ignoring /data/data/DQ6wv2KSTFLz7Y4k9fxuK8J6rYo2XGFr/tUxCgnC7rKHRV6GSbrN,eB with unexpected GID 0 instead of 1002
05-29 12:05:48.269 W/installd( 1655): Ignoring /data/data/_AAAAAAAAAAQvVHL9cCLUidqrl1CXSR06/MqeMJb3,jZxqy00oMRB3cD with unexpected GID 0 instead of 10125
05-29 12:05:48.271 I/system_server( 1847): Explicit concurrent copying GC freed 197379(11MB) AllocSpace objects, 124(5072KB) LOS objects, 42% free, 7526KB/12MB, paused 779us total 58.832ms
05-29 12:05:48.273 I/SystemServer( 1847): StartOtaDexOptService
05-29 12:05:48.273 D/OTADexopt( 1847): No upgrade, skipping A/B artifacts check.
05-29 12:05:48.273 I/SystemServer( 1847): StartUserManagerService
05-29 12:05:48.273 I/SystemServiceManager( 1847): Starting com.android.server.pm.UserManagerService$LifeCycle
05-29 12:05:48.274 I/SystemServer( 1847): InitAttributerCache
05-29 12:05:48.274 I/SystemServer( 1847): SetSystemProcess
05-29 12:05:48.280 I/        ( 1651): Waiting for sensor privacy service
05-29 12:05:48.285 I/lowmemorykiller( 1631): lmkd data connection established
05-29 12:05:48.290 I/        ( 1629): Waiting for sensor privacy service
05-29 12:05:48.290 I/SystemServer( 1847): StartOverlayManagerService
05-29 12:05:48.320 W/Binder:1655_2( 1655): type=1400 audit(0.0:85): avc: denied { write } for name="tasks" dev="tmpfs" ino=6842 scontext=u:r:installd:s0 tcontext=u:object_r:device:s0 tclass=file permissive=0
05-29 12:05:48.357 I/storaged( 1663): storaged: Start
05-29 12:05:48.330 W/Binder:1655_3( 1655): type=1400 audit(0.0:86): avc: denied { write } for name="tasks" dev="tmpfs" ino=6842 scontext=u:r:installd:s0 tcontext=u:object_r:device:s0 tclass=file permissive=0
05-29 12:05:48.340 W/storaged( 1663): type=1400 audit(0.0:87): avc: denied { write } for name="tasks" dev="tmpfs" ino=6842 scontext=u:r:storaged:s0 tcontext=u:object_r:device:s0 tclass=file permissive=0
05-29 12:05:48.407 E/OverlayManager( 1847): Failed to set default overlay 'com.google.android.theme.pixel' for user 0
05-29 12:05:48.407 E/OverlayManager( 1847): com.android.server.om.OverlayManagerSettings$BadKeyException: Bad key mPackageName=com.google.android.theme.pixel mUserId=0
05-29 12:05:48.407 E/OverlayManager( 1847): 	at com.android.server.om.OverlayManagerSettings.getOverlayInfo(OverlayManagerSettings.java:114)
05-29 12:05:48.407 E/OverlayManager( 1847): 	at com.android.server.om.OverlayManagerServiceImpl.updateOverlaysForUser(OverlayManagerServiceImpl.java:227)
05-29 12:05:48.407 E/OverlayManager( 1847): 	at com.android.server.om.OverlayManagerService.onSwitchUser(OverlayManagerService.java:296)
05-29 12:05:48.407 E/OverlayManager( 1847): 	at com.android.server.om.OverlayManagerService.<init>(OverlayManagerService.java:257)
05-29 12:05:48.407 E/OverlayManager( 1847): 	at com.android.server.SystemServer.startBootstrapServices(SystemServer.java:774)
05-29 12:05:48.407 E/OverlayManager( 1847): 	at com.android.server.SystemServer.run(SystemServer.java:510)
05-29 12:05:48.407 E/OverlayManager( 1847): 	at com.android.server.SystemServer.main(SystemServer.java:349)
05-29 12:05:48.407 E/OverlayManager( 1847): 	at java.lang.reflect.Method.invoke(Native Method)
05-29 12:05:48.407 E/OverlayManager( 1847): 	at com.android.internal.os.RuntimeInit$MethodAndArgsCaller.run(RuntimeInit.java:492)
05-29 12:05:48.407 E/OverlayManager( 1847): 	at com.android.internal.os.ZygoteInit.main(ZygoteInit.java:903)
05-29 12:05:48.410 I/SystemServer( 1847): StartSensorPrivacyService
05-29 12:05:48.411 I/SystemServer( 1847): StartBatteryService
05-29 12:05:48.411 I/SystemServiceManager( 1847): Starting com.android.server.BatteryService
05-29 12:05:48.415 I/android_os_HwBinder( 1847): HwBinder: Starting thread pool for getting: android.hardware.health@2.0::IHealth/default
05-29 12:05:48.415 D/SensorService( 1847): nuSensorService starting...
05-29 12:05:48.415 W/cutils  ( 1655): Expected path /data/user_de/0/com.google.android.gms with mode 700 but found 711
05-29 12:05:48.416 I/hwservicemanager( 1512): getTransport: Cannot find entry android.hardware.sensors@2.0::ISensors/default in either framework or device manifest.
05-29 12:05:48.422 I/hwservicemanager( 1512): getTransport: Cannot find entry android.hardware.soundtrigger@2.0::ISoundTriggerHw/default in either framework or device manifest.
05-29 12:05:48.423 E/SoundTriggerHwService( 1629): could not read implementation properties
05-29 12:05:48.425 E/BluetoothAdapter( 1847): Bluetooth binder is null
05-29 12:05:48.426 E/BatteryExternalStatsWorker( 1847): no controller energy info supplied for telephony
05-29 12:05:48.426 E/KernelCpuUidFreqTimeReader( 1847): Failed to read /proc/uid_time_in_state: java.nio.file.NoSuchFileException: /proc/uid_time_in_state
05-29 12:05:48.426 E/KernelCpuSpeedReader( 1847): Failed to read cpu-freq: /sys/devices/system/cpu/cpu0/cpufreq/stats/time_in_state: open failed: ENOENT (No such file or directory)
05-29 12:05:48.427 I/BatteryStatsImpl( 1847): Resetting battery stats: level=100 status=4 dischargeLevel=100 lowAmount=0 highAmount=0
05-29 12:05:48.431 I/android_os_HwBinder( 1847): HwBinder: Starting thread pool for getting: android.hidl.manager@1.0::IServiceManager/default
05-29 12:05:48.436 I/HealthServiceWrapper( 1847): health: HealthServiceWrapper listening to instance default
05-29 12:05:48.436 I/BatteryService( 1847): health: Waited 0ms and received the update.
05-29 12:05:48.437 I/SystemServer( 1847): StartUsageService
05-29 12:05:48.437 I/SystemServiceManager( 1847): Starting com.android.server.usage.UsageStatsService
05-29 12:05:48.437 I/ServiceManagement( 1651): Registered android.frameworks.cameraservice.service@2.0::ICameraService/default (start delay of 4139ms)
05-29 12:05:48.441 I/android_os_HwBinder( 1847): HwBinder: Starting thread pool for getting: android.hardware.health@2.0::IHealth/default
05-29 12:05:48.441 E/SensorService( 1847): Reported power 0.000000 not deemed sane, clamping to 0.001000
05-29 12:05:48.448 D/SensorService( 1847): nuSensorService thread starting...
05-29 12:05:48.453 D/SensorService( 1847): new thread SensorEventAckReceiver
05-29 12:05:48.455 D/UsageStatsDatabase( 1847): Found 1 stat files for interval 0
05-29 12:05:48.457 D/UsageStatsDatabase( 1847): Found 1 stat files for interval 1
05-29 12:05:48.458 D/UsageStatsDatabase( 1847): Found 1 stat files for interval 2
05-29 12:05:48.459 D/UsageStatsDatabase( 1847): Found 1 stat files for interval 3
05-29 12:05:48.459 I/PackageManager( 1847): Deferred reconcileAppsData finished 139 packages
05-29 12:05:48.470 E/UsageStatsDatabase( 1847): 
05-29 12:05:48.470 E/UsageStatsDatabase( 1847): Unexpected event timestamp 1211014594 loaded (beginTime : 1559142447432, endTime : 1559145931218)
05-29 12:05:48.470 E/UsageStatsDatabase( 1847): Error found in:
05-29 12:05:48.470 E/UsageStatsDatabase( 1847): /data/system/usagestats/0/daily/1559142447432
05-29 12:05:48.470 E/UsageStatsDatabase( 1847): Please go to b/115429334 to help root cause this issue
05-29 12:05:48.479 E/KernelCpuUidFreqTimeReader( 1847): Failed to read /proc/uid_time_in_state: java.nio.file.NoSuchFileException: /proc/uid_time_in_state
05-29 12:05:48.480 E/KernelCpuSpeedReader( 1847): Failed to read cpu-freq: /sys/devices/system/cpu/cpu0/cpufreq/stats/time_in_state: open failed: ENOENT (No such file or directory)
05-29 12:05:48.481 I/UsageStatsService( 1847): User[0] Rollover scheduled @ 2019-05-30 11:07:27(1559228847432)
05-29 12:05:48.481 I/SystemServer( 1847): StartWebViewUpdateService
05-29 12:05:48.481 I/SystemServiceManager( 1847): Starting com.android.server.webkit.WebViewUpdateService
05-29 12:05:48.486 I/SystemServer( 1847): StartCachedDeviceStateService
05-29 12:05:48.486 I/SystemServiceManager( 1847): Starting com.android.server.CachedDeviceStateService
05-29 12:05:48.486 I/SystemServer( 1847): StartBinderCallsStatsService
05-29 12:05:48.486 I/SystemServiceManager( 1847): Starting com.android.server.BinderCallsStatsService$LifeCycle
05-29 12:05:48.487 I/SystemServer( 1847): StartLooperStatsService
05-29 12:05:48.488 I/SystemServiceManager( 1847): Starting com.android.server.LooperStatsService$Lifecycle
05-29 12:05:48.489 I/SystemServer( 1847): StartRollbackManagerService
05-29 12:05:48.489 I/SystemServiceManager( 1847): Starting com.android.server.rollback.RollbackManagerService
05-29 12:05:48.494 D/installd( 1655): Found quota mount /dev/block/vdc at /data
05-29 12:05:48.496 V/PackageWatchdog( 1847): Earliest package time is 9223372036854775807
05-29 12:05:48.496 I/PackageWatchdog( 1847): No monitored packages, ending package cleanup
05-29 12:05:48.497 I/SystemServer( 1847): StartBugreportManagerService
05-29 12:05:48.497 I/SystemServiceManager( 1847): Starting com.android.server.os.BugreportManagerService
05-29 12:05:48.497 I/SystemServer( 1847): GpuService
05-29 12:05:48.497 I/SystemServiceManager( 1847): Starting com.android.server.gpu.GpuService
05-29 12:05:48.498 I/SystemServer( 1847): StartKeyAttestationApplicationIdProviderService
05-29 12:05:48.498 I/SystemServer( 1847): SecondaryZygotePreload
05-29 12:05:48.498 I/SystemServer( 1847): StartKeyChainSystemService
05-29 12:05:48.498 I/SystemServiceManager( 1847): Starting com.android.server.security.KeyChainSystemService
05-29 12:05:48.498 I/SystemServer( 1847): StartSchedulingPolicyService
05-29 12:05:48.499 I/SystemServer( 1847): StartTelecomLoaderService
05-29 12:05:48.499 I/SystemServiceManager( 1847): Starting com.android.server.telecom.TelecomLoaderService
05-29 12:05:48.500 I/SystemServer( 1847): StartTelephonyRegistry
05-29 12:05:48.500 I/SystemServer( 1847): StartEntropyMixer
05-29 12:05:48.502 E/SystemServer( 1847): Unable to preload default resources
05-29 12:05:48.502 I/SchedulingPolicyService( 1847): Moving 1665 back to group default
05-29 12:05:48.517 I/EntropyMixer( 1847): Added HW RNG output to entropy pool
05-29 12:05:48.517 I/EntropyMixer( 1847): Writing entropy...
05-29 12:05:48.522 I/SystemServer( 1847): StartAccountManagerService
05-29 12:05:48.522 I/SystemServiceManager( 1847): Starting com.android.server.accounts.AccountManagerService$Lifecycle
05-29 12:05:48.526 I/SystemServer( 1847): StartContentService
05-29 12:05:48.526 I/SystemServiceManager( 1847): Starting com.android.server.content.ContentService$Lifecycle
05-29 12:05:48.530 I/SystemServer( 1847): InstallSystemProviders
05-29 12:05:48.536 I/system_server( 1847): The ClassLoaderContext is a special shared library.
05-29 12:05:48.556 I/SystemServer( 1847): StartDropBoxManager
05-29 12:05:48.556 I/SystemServiceManager( 1847): Starting com.android.server.DropBoxManagerService
05-29 12:05:48.557 I/SystemServer( 1847): StartVibratorService
05-29 12:05:48.560 I/hwservicemanager( 1512): getTransport: Cannot find entry android.hardware.vibrator@1.0::IVibrator/default in either framework or device manifest.
05-29 12:05:48.560 I/hwservicemanager( 1512): getTransport: Cannot find entry android.hardware.vibrator@1.0::IVibrator/default in either framework or device manifest.
05-29 12:05:48.560 E/VibratorService( 1847): vibratorOff command failed (1).
05-29 12:05:48.561 I/hwservicemanager( 1512): getTransport: Cannot find entry android.hardware.vibrator@1.0::IVibrator/default in either framework or device manifest.
05-29 12:05:48.562 I/hwservicemanager( 1512): getTransport: Cannot find entry android.hardware.vibrator@1.3::IVibrator/default in either framework or device manifest.
05-29 12:05:48.564 I/SystemServer( 1847): StartDynamicSystemService
05-29 12:05:48.565 I/SystemServer( 1847): StartConsumerIrService
05-29 12:05:48.566 I/hwservicemanager( 1512): getTransport: Cannot find entry android.hardware.ir@1.0::IConsumerIr/default in either framework or device manifest.
05-29 12:05:48.566 I/SystemServer( 1847): StartAlarmManagerService
05-29 12:05:48.568 D/AlarmManagerService( 1847): Kernel timezone updated to 240 minutes west of GMT
05-29 12:05:48.570 I/SystemServer( 1847): InitWatchdog
05-29 12:05:48.570 I/SystemServer( 1847): StartInputManagerService
05-29 12:05:48.570 I/InputManager( 1847): Initializing input manager, mUseDevInputEventForAudioJack=true
05-29 12:05:48.571 I/InputClassifier( 1847): Deep press feature enabled.
05-29 12:05:48.571 I/hwservicemanager( 1512): getTransport: Cannot find entry android.hardware.input.classifier@1.0::IInputClassifier/default in either framework or device manifest.
05-29 12:05:48.571 I/InputClassifier( 1847): Could not obtain InputClassifier HAL
05-29 12:05:48.573 I/SystemServer( 1847): StartWindowManagerService
05-29 12:05:48.578 I/WindowManager( 1847): No existing display settings, starting empty
05-29 12:05:48.581 I/WindowTracing( 1847): Setting window tracing log level to 1
05-29 12:05:48.581 I/WindowTracing( 1847): Setting window tracing buffer capacity to 2097152bytes
05-29 12:05:48.584 I/SystemServer( 1847): SetWindowManagerService
05-29 12:05:48.605 I/SystemServer( 1847): WindowManagerServiceOnInitReady
05-29 12:05:48.641 W/ShortcutManager( 1847): Unable to add bookmark: com.google.android.talk/com.google.android.talk.SigningInActivity
05-29 12:05:48.641 W/ShortcutManager( 1847): android.content.pm.PackageManager$NameNotFoundException: ComponentInfo{com.google.android.talk/com.google.android.talk.SigningInActivity}
05-29 12:05:48.641 W/ShortcutManager( 1847): 	at android.app.ApplicationPackageManager.getActivityInfo(ApplicationPackageManager.java:456)
05-29 12:05:48.641 W/ShortcutManager( 1847): 	at com.android.server.policy.ShortcutManager.loadShortcuts(ShortcutManager.java:142)
05-29 12:05:48.641 W/ShortcutManager( 1847): 	at com.android.server.policy.ShortcutManager.<init>(ShortcutManager.java:62)
05-29 12:05:48.641 W/ShortcutManager( 1847): 	at com.android.server.policy.PhoneWindowManager.init(PhoneWindowManager.java:1756)
05-29 12:05:48.641 W/ShortcutManager( 1847): 	at com.android.server.wm.WindowManagerService$5.run(WindowManagerService.java:980)
05-29 12:05:48.641 W/ShortcutManager( 1847): 	at android.os.Handler$BlockingRunnable.run(Handler.java:906)
05-29 12:05:48.641 W/ShortcutManager( 1847): 	at android.os.Handler.handleCallback(Handler.java:883)
05-29 12:05:48.641 W/ShortcutManager( 1847): 	at android.os.Handler.dispatchMessage(Handler.java:100)
05-29 12:05:48.641 W/ShortcutManager( 1847): 	at android.os.Looper.loop(Looper.java:214)
05-29 12:05:48.641 W/ShortcutManager( 1847): 	at android.os.HandlerThread.run(HandlerThread.java:67)
05-29 12:05:48.641 W/ShortcutManager( 1847): 	at com.android.server.ServiceThread.run(ServiceThread.java:44)
05-29 12:05:48.641 W/ShortcutManager( 1847): 	at com.android.server.UiThread.run(UiThread.java:43)
05-29 12:05:48.700 I/SystemServer( 1847): StartInputManager
05-29 12:05:48.700 I/ServiceManagement( 1847): Registered android.frameworks.sensorservice@1.0::ISensorManager/default (start delay of 1592ms)
05-29 12:05:48.701 I/ServiceManagement( 1847): Registered android.frameworks.schedulerservice@1.0::ISchedulingPolicyService/default (start delay of 1593ms)
05-29 12:05:48.702 I/InputManager( 1847): Starting input manager
05-29 12:05:48.704 I/SystemServer( 1847): DisplayManagerWindowManagerAndInputReady
05-29 12:05:48.704 I/SystemServer( 1847): No Bluetooth Service (emulator)
05-29 12:05:48.705 I/SystemServer( 1847): IpConnectivityMetrics
05-29 12:05:48.705 I/SystemServiceManager( 1847): Starting com.android.server.connectivity.IpConnectivityMetrics
05-29 12:05:48.706 D/EventHub( 1847): No input device configuration file found for device 'Power Button'.
05-29 12:05:48.708 I/SystemServer( 1847): NetworkWatchlistService
05-29 12:05:48.708 I/SystemServiceManager( 1847): Starting com.android.server.net.watchlist.NetworkWatchlistService$Lifecycle
05-29 12:05:48.710 W/EventHub( 1847): Unable to disable kernel key repeat for /dev/input/event0: Function not implemented
05-29 12:05:48.710 I/EventHub( 1847): wakeMechanism=EPOLLWAKEUP, usingClockIoctl=true
05-29 12:05:48.710 I/EventHub( 1847): New device: id=1, fd=112, path='/dev/input/event0', name='Power Button', classes=0x1, configuration='', keyLayout='/system/usr/keylayout/Generic.kl', keyCharacterMap='/system/usr/keychars/Generic.kcm', builtinKeyboard=false, 
05-29 12:05:48.713 W/EventHub( 1847): Unable to disable kernel key repeat for /dev/input/event1: Function not implemented
05-29 12:05:48.713 I/EventHub( 1847): wakeMechanism=EPOLLWAKEUP, usingClockIoctl=true
05-29 12:05:48.714 I/EventHub( 1847): New device: id=2, fd=113, path='/dev/input/event1', name='qwerty2', classes=0x97, configuration='/system/usr/idc/qwerty2.idc', keyLayout='/system/usr/keylayout/qwerty.kl', keyCharacterMap='/system/usr/keychars/qwerty2.kcm', builtinKeyboard=true, 
05-29 12:05:48.714 I/WatchlistSettings( 1847): Reload watchlist settings done
05-29 12:05:48.716 I/WatchlistLoggingHandler( 1847): Start aggregating watchlist records.
05-29 12:05:48.716 I/SystemServer( 1847): PinnerService
05-29 12:05:48.717 I/InputReader( 1847): Device added: id=-1, name='Virtual', sources=0x00000301
05-29 12:05:48.716 I/SystemServiceManager( 1847): Starting com.android.server.PinnerService
05-29 12:05:48.718 I/InputReader( 1847): Touch device 'qwerty2' could not query the properties of its associated display.  The device will be inoperable until the display size becomes available.
05-29 12:05:48.718 I/InputReader( 1847): Device added: id=0, name='qwerty2', sources=0x80001103
05-29 12:05:48.718 I/InputReader( 1847): Device added: id=1, name='Power Button', sources=0x00000101
05-29 12:05:48.720 I/SystemServer( 1847): IorapForwardingService
05-29 12:05:48.720 I/SystemServiceManager( 1847): Starting com.google.android.startop.iorap.IorapForwardingService
05-29 12:05:48.722 I/SystemServer( 1847): SignedConfigService
05-29 12:05:48.726 I/WindowManager( 1847): SAFE MODE not enabled
05-29 12:05:48.726 I/SystemServer( 1847): StartInputMethodManagerLifecycle
05-29 12:05:48.726 I/SystemServiceManager( 1847): Starting com.android.server.inputmethod.InputMethodManagerService$Lifecycle
05-29 12:05:48.733 I/SystemServer( 1847): StartAccessibilityManagerService
05-29 12:05:48.733 I/SystemServiceManager( 1847): Starting com.android.server.accessibility.AccessibilityManagerService$Lifecycle
05-29 12:05:48.734 I/SystemServer( 1847): MakeDisplayReady
05-29 12:05:48.735 W/InputReader( 1847): Device has associated, but no associated display id.
05-29 12:05:48.785 I/ActivityTaskManager( 1847): Config changes=20005df8 {1.0 ?mcc?mnc [en_US] ldltr sw411dp w411dp h659dp 420dpi nrml port ?uimode ?night finger qwerty/v/v -nav/h winConfig={ mBounds=Rect(0, 0 - 1080, 1920) mAppBounds=Rect(0, 0 - 1080, 1794) mWindowingMode=fullscreen mDisplayWindowingMode=fullscreen mActivityType=undefined mAlwaysOnTop=undefined mRotation=ROTATION_0} s.2}
05-29 12:05:48.795 I/ActivityTaskManager( 1847): Override config changes=60007dfc {1.0 ?mcc?mnc [en_US] ldltr sw411dp w411dp h659dp 420dpi nrml port ?uimode ?night finger qwerty/v/v -nav/h winConfig={ mBounds=Rect(0, 0 - 1080, 1920) mAppBounds=Rect(0, 0 - 1080, 1794) mWindowingMode=fullscreen mDisplayWindowingMode=fullscreen mActivityType=undefined mAlwaysOnTop=undefined mRotation=ROTATION_0} s.2} for displayId=0
05-29 12:05:48.803 I/SystemServer( 1847): StartStorageManagerService
05-29 12:05:48.803 I/SystemServiceManager( 1847): Starting com.android.server.StorageManagerService$Lifecycle
05-29 12:05:48.807 I/InputManager-JNI( 1847): Viewport [0] to add: local:0
05-29 12:05:48.811 I/SystemServer( 1847): StartStorageStatsService
05-29 12:05:48.811 I/SystemServiceManager( 1847): Starting com.android.server.usage.StorageStatsService$Lifecycle
05-29 12:05:48.811 I/InputReader( 1847): Reconfiguring input devices.  changes=0x00000004
05-29 12:05:48.811 I/InputReader( 1847): Device reconfigured: id=0, name='qwerty2', size 1080x1920, orientation 0, mode 1, display id 0
05-29 12:05:48.813 D/StorageManagerService( 1847): Thinking about init, mBootCompleted=false, mDaemonConnected=true
05-29 12:05:48.813 D/StorageManagerService( 1847): Thinking about reset, mBootCompleted=false, mDaemonConnected=true
05-29 12:05:48.816 D/installd( 1655): Found quota mount /dev/block/vdc at /data
05-29 12:05:48.819 I/SystemServer( 1847): StartUiModeManager
05-29 12:05:48.819 I/SystemServiceManager( 1847): Starting com.android.server.UiModeManagerService
05-29 12:05:48.824 I/ActivityTaskManager( 1847): Config changes=200 {1.0 ?mcc?mnc [en_US] ldltr sw411dp w411dp h659dp 420dpi nrml port finger qwerty/v/v -nav/h winConfig={ mBounds=Rect(0, 0 - 1080, 1920) mAppBounds=Rect(0, 0 - 1080, 1794) mWindowingMode=fullscreen mDisplayWindowingMode=fullscreen mActivityType=undefined mAlwaysOnTop=undefined mRotation=ROTATION_0} s.4}
05-29 12:05:48.827 I/SystemServer( 1847): UpdatePackagesIfNeeded
05-29 12:05:48.827 I/SystemServer( 1847): PerformFstrimIfNeeded
05-29 12:05:48.827 W/PackageManager( 1847): No disk maintenance in 345916827; running immediately
05-29 12:05:48.827 I/StorageManagerService( 1847): Running fstrim idle maintenance
05-29 12:05:48.829 I/SystemServer( 1847): StartLockSettingsService
05-29 12:05:48.829 I/SystemServiceManager( 1847): Starting com.android.server.locksettings.LockSettingsService$Lifecycle
05-29 12:05:48.830 I/ActivityTaskManager( 1847): Override config changes=200 {1.0 ?mcc?mnc [en_US] ldltr sw411dp w411dp h659dp 420dpi nrml port finger qwerty/v/v -nav/h winConfig={ mBounds=Rect(0, 0 - 1080, 1920) mAppBounds=Rect(0, 0 - 1080, 1794) mWindowingMode=fullscreen mDisplayWindowingMode=fullscreen mActivityType=undefined mAlwaysOnTop=undefined mRotation=ROTATION_0} s.4} for displayId=0
05-29 12:05:48.835 D/vold    ( 1526): Starting trim of /data
05-29 12:05:48.835 W/vold    ( 1526): Trim failed on /data: Operation not supported on transport endpoint
05-29 12:05:48.817 D/installd( 1655): Found quota mount /dev/block/vdc at /data
05-29 12:05:48.853 I/hwservicemanager( 1512): getTransport: Cannot find entry android.hardware.oemlock@1.0::IOemLock/default in either framework or device manifest.
05-29 12:05:48.854 I/OemLock ( 1847): OemLock HAL not present on device
05-29 12:05:48.854 I/SystemServer( 1847): StartDeviceIdleController
05-29 12:05:48.855 I/SystemServiceManager( 1847): Starting com.android.server.DeviceIdleController
05-29 12:05:48.863 I/SystemServer( 1847): StartDevicePolicyManager
05-29 12:05:48.863 I/SystemServiceManager( 1847): Starting com.android.server.devicepolicy.DevicePolicyManagerService$Lifecycle
05-29 12:05:48.871 I/SystemServer( 1847): StartStatusBarManagerService
05-29 12:05:48.874 D/SystemServer( 1847): ContentCaptureService explicitly disabled by DeviceConfig
05-29 12:05:48.874 D/SystemServer( 1847): AttentionService is not configured on this device
05-29 12:05:48.874 I/SystemServer( 1847): StartAppPredictionService
05-29 12:05:48.874 I/SystemServiceManager( 1847): Starting com.android.server.appprediction.AppPredictionManagerService
05-29 12:05:48.877 I/SystemServer( 1847): StartContentSuggestionsService
05-29 12:05:48.878 I/SystemServiceManager( 1847): Starting com.android.server.contentsuggestions.ContentSuggestionsManagerService
05-29 12:05:48.879 I/SystemServer( 1847): StartClipboardService
05-29 12:05:48.879 I/SystemServiceManager( 1847): Starting com.android.server.clipboard.ClipboardService
05-29 12:05:48.883 I/SystemServer( 1847): InitNetworkStackClient
05-29 12:05:48.890 I/SystemServer( 1847): StartNetworkManagementService
05-29 12:05:48.892 I/netd    ( 1604): registerUnsolicitedEventListener() <0.11258ms>
05-29 12:05:48.893 I/SystemServer( 1847): StartIpSecService
05-29 12:05:48.894 I/SystemServer( 1847): StartTextServicesManager
05-29 12:05:48.895 I/SystemServiceManager( 1847): Starting com.android.server.textservices.TextServicesManagerService$Lifecycle
05-29 12:05:48.896 I/SystemServer( 1847): StartTextClassificationManagerService
05-29 12:05:48.896 I/SystemServiceManager( 1847): Starting com.android.server.textclassifier.TextClassificationManagerService$Lifecycle
05-29 12:05:48.898 I/SystemServer( 1847): StartNetworkScoreService
05-29 12:05:48.898 I/SystemServiceManager( 1847): Starting com.android.server.NetworkScoreService$Lifecycle
05-29 12:05:48.899 I/NetworkScoreService( 1847): Registering network_score
05-29 12:05:48.899 I/SystemServer( 1847): StartNetworkStatsService
05-29 12:05:48.939 I/SystemServer( 1847): StartNetworkPolicyManagerService
05-29 12:05:48.947 I/SystemServer( 1847): StartWifi
05-29 12:05:48.979 I/SystemServiceManager( 1847): Starting com.android.server.wifi.WifiService
05-29 12:05:49.098 E/HostapdHal( 1847): Malformed channel value detected: java.lang.NumberFormatException: For input string: ""
05-29 12:05:49.118 D/WifiCountryCode( 1847): mDefaultCountryCode null mRevertCountryCodeOnCellularLoss false
05-29 12:05:49.119 D/WifiApConfigStore( 1847): 2G band allowed channels are:1,6,11
05-29 12:05:49.123 I/WifiScoringParams( 1847): rssi2=-83:-80:-73:-60,rssi5=-80:-77:-70:-57,pps=0:1:100,horizon=15,nud=8,expid=0
05-29 12:05:49.167 D/WifiOpenNetworkNotifier( 1847): Settings toggle enabled=true
05-29 12:05:49.168 D/WifiCarrierNetworkNotifier( 1847): Settings toggle enabled=true
05-29 12:05:49.171 E/WifiClientModeImpl( 1847): getWifiLinkLayerStats called without an interface
05-29 12:05:49.173 D/WifiActiveModeWarden( 1847): Starting Wifi in WifiDisabledState
05-29 12:05:49.173 D/WifiActiveModeWarden( 1847): Entering WifiDisabledState
05-29 12:05:49.174 D/WakeupController( 1847): WifiWake enabled
05-29 12:05:49.178 D/WifiController( 1847): isAirplaneModeOn = false, isWifiEnabled = true, isScanningAvailable = true, isLocationModeActive = false
05-29 12:05:49.182 E/SupplicantStaIfaceHal( 1847): Can't call setDebugParams, ISupplicant is null
05-29 12:05:49.182 W/WifiDiags( 1847): no ring buffers found
05-29 12:05:49.182 W/WifiDiags( 1847): Failed to start packet fate monitoring
05-29 12:05:49.183 I/WifiService( 1847): Registering wifi
05-29 12:05:49.184 I/SystemServer( 1847): StartWifiScanning
05-29 12:05:49.184 I/SystemServiceManager( 1847): Starting com.android.server.wifi.scanner.WifiScanningService
05-29 12:05:49.184 I/WifiScanningService( 1847): Creating wifiscanner
05-29 12:05:49.187 I/WifiScanningService( 1847): Publishing wifiscanner
05-29 12:05:49.187 I/SystemServer( 1847): StartWifiP2P
05-29 12:05:49.188 I/SystemServiceManager( 1847): Starting com.android.server.wifi.p2p.WifiP2pService
05-29 12:05:49.199 W/HalDevMgr( 1847): isWifiStarted called but mWifi is null!?
05-29 12:05:49.199 I/WifiP2pService( 1847): Registering wifip2p
05-29 12:05:49.200 I/SystemServer( 1847): StartConnectivityService
05-29 12:05:49.201 D/ConnectivityService( 1847): ConnectivityService starting up
05-29 12:05:49.210 D/ConnectivityService( 1847): wifiOnly=false
05-29 12:05:49.218 I/SystemServer( 1847): StartNsdService
05-29 12:05:49.221 D/NsdService( 1847): Network service discovery is enabled
05-29 12:05:49.224 I/SystemServer( 1847): StartSystemUpdateManagerService
05-29 12:05:49.224 I/SystemUpdateManagerService( 1847): No existing info file /data/system/system-update-info.xml
05-29 12:05:49.226 I/SystemServer( 1847): StartUpdateLockService
05-29 12:05:49.227 I/SystemServer( 1847): StartNotificationManager
05-29 12:05:49.227 I/SystemServiceManager( 1847): Starting com.android.server.notification.NotificationManagerService
05-29 12:05:49.247 D/ConditionProviders.SCP( 1847): new ScheduleConditionProvider()
05-29 12:05:49.253 I/NotificationListeners( 1847): Read notification listener permissions from xml
05-29 12:05:49.254 I/NotificationAssistants( 1847): Read notification assistant permissions from xml
05-29 12:05:49.254 I/ConditionProviders( 1847): Read condition provider permissions from xml
05-29 12:05:49.254 I/ConditionProviders( 1847): Read condition provider permissions from xml
05-29 12:05:49.254 D/NotificationAssistants( 1847): Approving default notification assistant for user 0
05-29 12:05:49.254 I/ConditionProviders( 1847):  Allowing condition provider com.google.android.ext.services/android.ext.services.notification.Assistant
05-29 12:05:49.255 V/ConditionProviders( 1847): enabling condition provider for 0: ComponentInfo{com.google.android.apps.wellbeing/com.google.android.apps.wellbeing.dnd.impl.DndConditionProviderService}
05-29 12:05:49.255 V/ConditionProviders( 1847): binding: Intent { act=android.service.notification.ConditionProviderService cmp=com.google.android.apps.wellbeing/.dnd.impl.DndConditionProviderService (has extras) }
05-29 12:05:49.258 D/NotificationService( 1847): Set default NAS to be com.google.android.ext.services/android.ext.services.notification.Assistant in 0
05-29 12:05:49.269 I/SystemServer( 1847): StartDeviceMonitor
05-29 12:05:49.269 I/SystemServiceManager( 1847): Starting com.android.server.storage.DeviceStorageMonitorService
05-29 12:05:49.270 I/SystemServer( 1847): StartLocationManagerService
05-29 12:05:49.273 I/SystemServer( 1847): StartCountryDetectorService
05-29 12:05:49.273 I/SystemServer( 1847): StartTimeDetectorService
05-29 12:05:49.273 I/SystemServiceManager( 1847): Starting com.android.server.timedetector.TimeDetectorService$Lifecycle
05-29 12:05:49.277 I/SystemServer( 1847): StartSearchManagerService
05-29 12:05:49.277 I/SystemServiceManager( 1847): Starting com.android.server.search.SearchManagerService$Lifecycle
05-29 12:05:49.278 I/SystemServer( 1847): StartWallpaperManagerService
05-29 12:05:49.278 I/SystemServiceManager( 1847): Starting com.android.server.wallpaper.WallpaperManagerService$Lifecycle
05-29 12:05:49.281 I/SystemServer( 1847): StartAudioService
05-29 12:05:49.281 I/SystemServiceManager( 1847): Starting com.android.server.audio.AudioService$Lifecycle
05-29 12:05:49.312 W/TelecomManager( 1847): Telecom Service not found.
05-29 12:05:49.313 D/PermissionCache( 1629): checking android.permission.MODIFY_AUDIO_ROUTING for uid=1000 => granted (1189 us)
05-29 12:05:49.313 D/PermissionCache( 1629): checking android.permission.MODIFY_AUDIO_SETTINGS for uid=1000 => granted (169 us)
05-29 12:05:49.315 W/AudioFlinger( 1629): no wake lock to update, system not ready yet
