05-29 12:05:44.957 I/RenderEngine( 1632): extensions: EGL_KHR_get_all_proc_addresses EGL_ANDROID_presentation_time EGL_KHR_swap_buffers_with_damage EGL_ANDROID_get_native_client_buffer EGL_ANDROID_front_buffer_auto_refresh EGL_ANDROID_get_frame_timestamps EGL_EXT_surface_SMPTE2086_metadata EGL_EXT_surface_CTA861_3_metadata EGL_KHR_image EGL_KHR_image_base EGL_KHR_gl_texture_2D_image EGL_KHR_fence_sync EGL_ANDROID_image_native_buffer EGL_ANDROID_recordable 
05-29 12:05:44.957 I/RenderEngine( 1632): Client API: OpenGL_ES
05-29 12:05:44.957 I/RenderEngine( 1632): EGLSurface: 8-8-8-8, config=0x2
05-29 12:05:44.964 I/ServiceManagement( 1610): Registered android.hardware.audio@4.0::IDevicesFactory/default (start delay of 896ms)
05-29 12:05:44.964 I/ServiceManagement( 1610): Removing namespace from process name android.hardware.audio@2.0-service to audio@2.0-service.
05-29 12:05:44.965 I/audiohalservice( 1610): Registration complete for android.hardware.audio@4.0::IDevicesFactory/default.
05-29 12:05:44.966 I/hwservicemanager( 1512): getTransport: Cannot find entry android.hardware.audio.effect@5.0::IEffectsFactory/default in either framework or device manifest.
05-29 12:05:44.967 E/audiohalservice( 1610): Could not get passthrough implementation for android.hardware.audio.effect@5.0::IEffectsFactory/default.
05-29 12:05:44.979 D/eglCodecCommon( 1632): setVertexArrayObject: set vao to 0 (0) 0 0
05-29 12:05:44.980 D/EGL_emulation( 1632): eglCreateContext: 0xea812c00: maj 2 min 0 rcv 2
05-29 12:05:44.984 D/EGL_emulation( 1632): eglMakeCurrent: 0xea812c00: ver 2 0 (tinfo 0xea807800)
05-29 12:05:45.001 I/ServiceManagement( 1610): Registered android.hardware.audio.effect@4.0::IEffectsFactory/default (start delay of 933ms)
05-29 12:05:45.001 I/audiohalservice( 1610): Registration complete for android.hardware.audio.effect@4.0::IEffectsFactory/default.
05-29 12:05:45.002 I/hwservicemanager( 1512): getTransport: Cannot find entry android.hardware.soundtrigger@2.2::ISoundTriggerHw/default in either framework or device manifest.
05-29 12:05:45.004 I/RenderEngine( 1632): OpenGL ES informations:
05-29 12:05:45.004 I/RenderEngine( 1632): vendor    : Google (ATI Technologies Inc.)
05-29 12:05:45.004 I/RenderEngine( 1632): renderer  : Android Emulator OpenGL ES Translator (AMD Radeon HD 7900 Series)
05-29 12:05:45.004 I/RenderEngine( 1632): version   : OpenGL ES 2.0 (4.5.13539 Core Profile Context 24.20.13011.1009)
05-29 12:05:45.004 I/RenderEngine( 1632): extensions: GL_EXT_debug_marker GL_EXT_robustness GL_OES_EGL_image GL_OES_EGL_image_external GL_OES_depth24 GL_OES_depth32 GL_OES_element_index_uint GL_OES_texture_float GL_OES_texture_float_linear GL_OES_compressed_ETC1_RGB8_texture GL_OES_depth_texture GL_OES_texture_half_float GL_OES_texture_half_float_linear GL_OES_packed_depth_stencil GL_OES_texture_npot GL_OES_rgb8_rgba8 GL_EXT_texture_format_BGRA8888 ANDROID_EMU_CHECKSUM_HELPER_v1 ANDROID_EMU_dma_v1 ANDROID_EMU_host_composition_v1 GL_OES_vertex_array_object GL_KHR_texture_compression_astc_ldr ANDROID_EMU_gles_max_version_2 
05-29 12:05:45.004 I/RenderEngine( 1632): GL_MAX_TEXTURE_SIZE = 16384
05-29 12:05:45.004 I/RenderEngine( 1632): GL_MAX_VIEWPORT_DIMS = 16384
05-29 12:05:45.011 E/audiohalservice( 1610): Could not get passthrough implementation for android.hardware.soundtrigger@2.2::ISoundTriggerHw/default.
05-29 12:05:45.015 I/hwservicemanager( 1512): getTransport: Cannot find entry android.hardware.soundtrigger@2.1::ISoundTriggerHw/default in either framework or device manifest.
05-29 12:05:45.019 E/audiohalservice( 1610): Could not get passthrough implementation for android.hardware.soundtrigger@2.1::ISoundTriggerHw/default.
05-29 12:05:45.020 I/hwservicemanager( 1512): getTransport: Cannot find entry android.hardware.soundtrigger@2.0::ISoundTriggerHw/default in either framework or device manifest.
05-29 12:05:45.020 V/MediaUtils( 1658): physMem: 2089623552
05-29 12:05:45.020 V/MediaUtils( 1658): requested limit: 417924700
05-29 12:05:45.021 I/libc    ( 1658): malloc_limit: Allocation limit enabled, max size 417924700 bytes
05-29 12:05:45.025 I/hwservicemanager( 1512): getTransport: Cannot find entry android.hardware.graphics.mapper@3.0::IMapper/default in either framework or device manifest.
05-29 12:05:45.025 W/ComposerHal( 1621): failed to get mapper 3.0 service
05-29 12:05:45.040 W//system/bin/mediaextractor( 1658): Could not read additional policy file '/vendor/etc/seccomp_policy/mediaextractor.policy'
05-29 12:05:45.040 E/SoundTriggerHalImpl( 1610): couldn't load sound trigger module sound_trigger.primary (No such file or directory)
05-29 12:05:45.040 W//system/bin/mediaextractor( 1658): libminijail[1658]: failed to get path of fd 5: No such file or directory
05-29 12:05:45.040 W//system/bin/mediaextractor( 1658): libminijail[1658]: allowing syscall: socketcall
05-29 12:05:45.041 W//system/bin/mediaextractor( 1658): libminijail[1658]: allowing syscall: writev
05-29 12:05:45.041 W//system/bin/mediaextractor( 1658): libminijail[1658]: allowing syscall: fcntl64
05-29 12:05:45.041 W//system/bin/mediaextractor( 1658): libminijail[1658]: allowing syscall: clock_gettime
05-29 12:05:45.043 W//system/bin/mediaextractor( 1658): libminijail[1658]: logging seccomp filter failures
05-29 12:05:45.048 I/HWComposer( 1632): Switching to legacy multi-display mode
05-29 12:05:45.050 I/AndroidRuntime( 1605): Using default boot image
05-29 12:05:45.053 I/ServiceManagement( 1610): Registered android.hardware.soundtrigger@2.0::ISoundTriggerHw/default (start delay of 985ms)
05-29 12:05:45.053 I/audiohalservice( 1610): Registration complete for android.hardware.soundtrigger@2.0::ISoundTriggerHw/default.
05-29 12:05:45.054 I/hwservicemanager( 1512): getTransport: Cannot find entry android.hardware.bluetooth.audio@2.0::IBluetoothAudioProvidersFactory/default in either framework or device manifest.
05-29 12:05:45.055 E/audiohalservice( 1610): Could not get passthrough implementation for android.hardware.bluetooth.audio@2.0::IBluetoothAudioProvidersFactory/default.
05-29 12:05:45.055 W/audiohalservice( 1610): Could not register Bluetooth Audio API 2.0
05-29 12:05:45.056 I/hwservicemanager( 1512): getTransport: Cannot find entry android.hardware.bluetooth.a2dp@1.0::IBluetoothAudioOffload/default in either framework or device manifest.
05-29 12:05:45.061 E/audiohalservice( 1610): Could not get passthrough implementation for android.hardware.bluetooth.a2dp@1.0::IBluetoothAudioOffload/default.
05-29 12:05:45.062 W/audiohalservice( 1610): Could not register Bluetooth audio offload 1.0
05-29 12:05:45.066 I/zygote  ( 1605): option[0]=-Xzygote
05-29 12:05:45.066 I/zygote  ( 1605): option[1]=-Xcheck:jni
05-29 12:05:45.066 I/hwservicemanager( 1512): getTransport: Cannot find entry android.hardware.graphics.mapper@3.0::IMapper/default in either framework or device manifest.
05-29 12:05:45.066 I/zygote  ( 1605): option[2]=exit
05-29 12:05:45.066 I/zygote  ( 1605): option[3]=vfprintf
05-29 12:05:45.066 I/zygote  ( 1605): option[4]=sensitiveThread
05-29 12:05:45.066 W/Gralloc3( 1632): mapper 3.x is not supported
05-29 12:05:45.066 I/zygote  ( 1605): option[5]=-verbose:gc
05-29 12:05:45.066 I/zygote  ( 1605): option[6]=-Xms4m
05-29 12:05:45.066 I/zygote  ( 1605): option[7]=-Xmx512m
05-29 12:05:45.066 I/zygote  ( 1605): option[8]=-Xusejit:true
05-29 12:05:45.066 I/zygote  ( 1605): option[9]=-Xjitsaveprofilinginfo
05-29 12:05:45.066 I/zygote  ( 1605): option[10]=-XjdwpOptions:suspend=n,server=y
05-29 12:05:45.066 I/zygote  ( 1605): option[11]=-XjdwpProvider:default
05-29 12:05:45.066 I/zygote  ( 1605): option[12]=-Ximage-compiler-option
05-29 12:05:45.066 I/zygote  ( 1605): option[13]=--runtime-arg
05-29 12:05:45.066 I/zygote  ( 1605): option[14]=-Ximage-compiler-option
05-29 12:05:45.066 I/zygote  ( 1605): option[15]=-Xms64m
05-29 12:05:45.066 I/zygote  ( 1605): option[16]=-Ximage-compiler-option
05-29 12:05:45.066 I/zygote  ( 1605): option[17]=--runtime-arg
05-29 12:05:45.066 I/zygote  ( 1605): option[18]=-Ximage-compiler-option
05-29 12:05:45.066 I/zygote  ( 1605): option[19]=-Xmx64m
05-29 12:05:45.066 I/zygote  ( 1605): option[20]=-Ximage-compiler-option
05-29 12:05:45.066 I/zygote  ( 1605): option[21]=--profile-file=/system/etc/boot-image.prof
05-29 12:05:45.066 I/zygote  ( 1605): option[22]=-Ximage-compiler-option
05-29 12:05:45.066 I/zygote  ( 1605): option[23]=--compiler-filter=speed-profile
05-29 12:05:45.066 I/zygote  ( 1605): option[24]=-Xcompiler-option
05-29 12:05:45.066 I/zygote  ( 1605): option[25]=--runtime-arg
05-29 12:05:45.066 I/zygote  ( 1605): option[26]=-Xcompiler-option
05-29 12:05:45.066 I/zygote  ( 1605): option[27]=-Xms64m
05-29 12:05:45.066 I/zygote  ( 1605): option[28]=-Xcompiler-option
05-29 12:05:45.066 I/zygote  ( 1605): option[29]=--runtime-arg
05-29 12:05:45.067 I/zygote  ( 1605): option[30]=-Xcompiler-option
05-29 12:05:45.067 I/zygote  ( 1605): option[31]=-Xmx512m
05-29 12:05:45.067 I/zygote  ( 1605): option[32]=-Ximage-compiler-option
05-29 12:05:45.067 I/zygote  ( 1605): option[33]=--instruction-set-variant=x86
05-29 12:05:45.067 I/zygote  ( 1605): option[34]=-Xcompiler-option
05-29 12:05:45.067 I/zygote  ( 1605): option[35]=--instruction-set-variant=x86
05-29 12:05:45.067 I/zygote  ( 1605): option[36]=-Ximage-compiler-option
05-29 12:05:45.067 I/zygote  ( 1605): option[37]=--instruction-set-features=default
05-29 12:05:45.067 I/zygote  ( 1605): option[38]=-Xcompiler-option
05-29 12:05:45.067 I/zygote  ( 1605): option[39]=--instruction-set-features=default
05-29 12:05:45.067 I/zygote  ( 1605): option[40]=-Duser.locale=en-US
05-29 12:05:45.067 I/zygote  ( 1605): option[41]=--cpu-abilist=x86
05-29 12:05:45.067 I/zygote  ( 1605): option[42]=-Xcompiler-option
05-29 12:05:45.067 I/zygote  ( 1605): option[43]=--generate-mini-debug-info
05-29 12:05:45.067 I/zygote  ( 1605): option[44]=-Xfingerprint:google/sdk_gphone_x86/generic_x86:10/QPP3.190404.015.A1/5506116:user/release-keys
05-29 12:05:45.070 I/media.codec( 1665): mediacodecservice starting
05-29 12:05:45.071 I/hwservicemanager( 1512): getTransport: Cannot find entry android.hardware.graphics.allocator@3.0::IAllocator/default in either framework or device manifest.
05-29 12:05:45.071 W/Gralloc3( 1632): allocator 3.x is not supported
05-29 12:05:45.071 W/media.codec( 1665): Could not read additional policy file '/vendor/etc/seccomp_policy/mediacodec.policy'
05-29 12:05:45.071 W/media.codec( 1665): libminijail[1665]: failed to get path of fd 5: No such file or directory
05-29 12:05:45.071 W/media.codec( 1665): libminijail[1665]: allowing syscall: socketcall
05-29 12:05:45.071 W/media.codec( 1665): libminijail[1665]: allowing syscall: writev
05-29 12:05:45.071 W/media.codec( 1665): libminijail[1665]: allowing syscall: fcntl64
05-29 12:05:45.072 W/media.codec( 1665): libminijail[1665]: allowing syscall: clock_gettime
05-29 12:05:45.072 D/        ( 1620): HostComposition ext ANDROID_EMU_CHECKSUM_HELPER_v1 ANDROID_EMU_dma_v1 ANDROID_EMU_host_composition_v1 GL_OES_vertex_array_object GL_KHR_texture_compression_astc_ldr ANDROID_EMU_gles_max_version_2 
05-29 12:05:45.072 W/media.codec( 1665): libminijail[1665]: compile_file: <fd>(34): nonexistent syscall 'newfstatat'
05-29 12:05:45.072 D/gralloc_ranchu( 1620): gralloc_alloc: Creating ashmem region of size 8298496
05-29 12:05:45.073 W/media.codec( 1665): libminijail[1665]: logging seccomp filter failures
05-29 12:05:45.083 D/        ( 1632): createUnique: call
05-29 12:05:45.084 D/        ( 1632): HostConnection::get() New Host Connection established 0xea817e50, tid 1632
05-29 12:05:45.085 D/        ( 1632): HostComposition ext ANDROID_EMU_CHECKSUM_HELPER_v1 ANDROID_EMU_dma_v1 ANDROID_EMU_host_composition_v1 GL_OES_vertex_array_object GL_KHR_texture_compression_astc_ldr ANDROID_EMU_gles_max_version_2 
05-29 12:05:45.091 D/gralloc_ranchu( 1620): gralloc_alloc: Creating ashmem region of size 8298496
05-29 12:05:45.090 W/MediaCodecsXmlParser( 1665): unable to open media codecs configuration xml file: /data/misc/media/media_codecs_profiling_results.xml
05-29 12:05:45.091 W/MediaCodecsXmlParser( 1665): parseTopLevelXMLFile(/data/misc/media/media_codecs_profiling_results.xml) failed
05-29 12:05:45.092 I/ServiceManagement( 1665): Registered android.hardware.media.omx@1.0::IOmxStore/default (start delay of 774ms)
05-29 12:05:45.093 I/ServiceManagement( 1665): Removing namespace from process name android.hardware.media.omx@1.0-service to omx@1.0-service.
05-29 12:05:45.093 E/vndksupport( 1665): Could not load libstagefrighthw.so from default namespace: dlopen failed: library "libstagefrighthw.so" not found.
05-29 12:05:45.095 W/MediaCodecsXmlParser( 1665): unable to open media codecs configuration xml file: /data/misc/media/media_codecs_profiling_results.xml
05-29 12:05:45.095 W/MediaCodecsXmlParser( 1665): parseTopLevelXMLFile(/data/misc/media/media_codecs_profiling_results.xml) failed
05-29 12:05:45.100 D/gralloc_ranchu( 1620): gralloc_alloc: Creating ashmem region of size 8298496
05-29 12:05:45.107 I/ServiceManagement( 1665): Registered android.hardware.media.omx@1.0::IOmx/default (start delay of 789ms)
05-29 12:05:45.107 I/ServiceManagement( 1665): Removing namespace from process name android.hardware.media.omx@1.0-service to omx@1.0-service.
05-29 12:05:45.107 I/media.codec( 1665): IOmx HAL service created.
05-29 12:05:45.108 I/ServiceManager( 1663): Waiting for service 'package_native' on '/dev/binder'...
05-29 12:05:45.148 I/netd    ( 1604): Setting up StrictController hooks: 523.8ms
05-29 12:05:45.149 I/ClatdController( 1604): 4.9+ kernel and device shipped with P - clat ebpf might work.
05-29 12:05:45.149 I/netd    ( 1604): Initializing ClatdController: 0.2ms
05-29 12:05:45.150 I/netd    ( 1604): Initializing traffic control: 1.7ms
05-29 12:05:45.159 I/cameraserver( 1651): ServiceManager: 0xf4e08b80
05-29 12:05:45.162 I/CameraService( 1651): CameraService started (pid=1651)
05-29 12:05:45.162 I/CameraService( 1651): CameraService process starting
05-29 12:05:45.163 W/BatteryNotifier( 1651): batterystats service unavailable!
05-29 12:05:45.164 W/BatteryNotifier( 1651): batterystats service unavailable!
05-29 12:05:45.166 I/CameraProviderManager( 1651): Connecting to new camera provider: legacy/0, isRemote? 1
05-29 12:05:45.167 I/CameraProviderManager( 1651): Enumerating new camera device: device@3.3/legacy/0
05-29 12:05:45.167 E/CameraProviderManager( 1651): DeviceInfo3: Converted ICameraDevice instance to nullptr
05-29 12:05:45.167 I/CameraProviderManager( 1651): Enumerating new camera device: device@3.3/legacy/1
05-29 12:05:45.168 E/CameraProviderManager( 1651): DeviceInfo3: Converted ICameraDevice instance to nullptr
05-29 12:05:45.168 I/CameraProviderManager( 1651): Camera provider legacy/0 ready with 2 camera devices
05-29 12:05:45.169 I/hwservicemanager( 1512): getTransport: Cannot find entry android.hardware.camera.provider@2.4::ICameraProvider/external/0 in either framework or device manifest.
05-29 12:05:45.170 W/CameraProviderManager( 1651): addProviderLocked: Camera provider HAL with name 'legacy/0' already registered
05-29 12:05:45.172 I/CameraHardwareInterface( 1651): Opening camera 1
05-29 12:05:45.172 E/CameraHardwareInterface( 1651): initialize: openSession failed! No such file or directory (-2)
05-29 12:05:45.172 E/CameraFlashlight( 1651): connectCameraDevice: initializing camera 1 failed
05-29 12:05:45.172 I/CameraHardwareInterface( 1651): Destroying camera 1
05-29 12:05:45.172 E/CameraFlashlight( 1651): findFlashUnits: failed to check if camera 1 has a flash unit. No such file or directory (-2)
05-29 12:05:45.172 I/CameraHardwareInterface( 1651): Opening camera 0
05-29 12:05:45.172 E/CameraHardwareInterface( 1651): initialize: openSession failed! No such file or directory (-2)
05-29 12:05:45.172 E/CameraFlashlight( 1651): connectCameraDevice: initializing camera 0 failed
05-29 12:05:45.172 I/CameraHardwareInterface( 1651): Destroying camera 0
05-29 12:05:45.172 E/CameraFlashlight( 1651): findFlashUnits: failed to check if camera 0 has a flash unit. No such file or directory (-2)
05-29 12:05:45.172 I/CameraService( 1651): onDeviceStatusChanged: Status changed for cameraId=1, newStatus=1
05-29 12:05:45.172 I/CameraService( 1651): onDeviceStatusChanged: Unknown camera ID 1, a new camera is added
05-29 12:05:45.172 I/CameraService( 1651): onDeviceStatusChanged: Status changed for cameraId=0, newStatus=1
05-29 12:05:45.172 I/CameraService( 1651): onDeviceStatusChanged: Unknown camera ID 0, a new camera is added
05-29 12:05:45.175 I/        ( 1651): Waiting for activity service
05-29 12:05:45.187 I/mediaserver( 1660): ServiceManager: 0xf3408ba0
05-29 12:05:45.187 W/BatteryNotifier( 1660): batterystats service unavailable!
05-29 12:05:45.194 I/netd    ( 1604): Enabling bandwidth control: 43.6ms
05-29 12:05:45.194 E/Netd    ( 1604): cannot find interface dummy0
05-29 12:05:45.195 I/netd    ( 1604): Initializing RouteController: 0.8ms
05-29 12:05:45.180 W/kworker/1:2( 1113): type=1400 audit(0.0:13): avc: denied { module_request } for kmod="net-pf-16-proto-4-type-2-17" scontext=u:r:kernel:s0 tcontext=u:r:kernel:s0 tclass=system permissive=0
05-29 12:05:45.195 D/XfrmController( 1604): XfrmController::ipSecAddXfrmInterface, line=1379
05-29 12:05:45.195 D/XfrmController( 1604): XfrmController::ipSecRemoveTunnelInterface, line=1592
05-29 12:05:45.195 D/XfrmController( 1604): deviceName=ipsec_test
05-29 12:05:45.195 D/XfrmController( 1604): Sending Netlink XFRM Message: XFRM_MSG_FLUSHSA
05-29 12:05:45.195 D/XfrmController( 1604): Sending Netlink XFRM Message: XFRM_MSG_FLUSHPOLICY
05-29 12:05:45.195 I/netd    ( 1604): Initializing XfrmController: 0.6ms
05-29 12:05:45.196 E/Netd    ( 1604): Unable to create netlink socket for family 5: Protocol not supported
05-29 12:05:45.196 W/Netd    ( 1604): Unable to open qlog quota socket, check if xt_quota2 can send via UeventHandler
05-29 12:05:45.200 I/libnetd_resolv( 1604): resolv_init: Initializing resolver
05-29 12:05:45.200 I/res_debug( 1604): logSeverityStrToEnum: 3
05-29 12:05:45.206 D/MDnsDS  ( 1604): MDnsSdListener::Hander starting up
05-29 12:05:45.207 I/netd    ( 1604): Registering NetdNativeService: 1.4ms
05-29 12:05:45.207 I/netd    ( 1604): Starting CommandListener: 0.2ms
05-29 12:05:45.208 I/ServiceManager( 1663): Waiting for service 'package_native' on '/dev/binder'...
05-29 12:05:45.210 I/ServiceManagement( 1604): Registered android.system.net.netd@1.1::INetd/default (start delay of 1182ms)
05-29 12:05:45.210 D/MDnsDS  ( 1604): MDnsSdListener starting to monitor
05-29 12:05:45.211 D/MDnsDS  ( 1604): Going to poll with pollCount 1
05-29 12:05:45.211 I/netd    ( 1604): Registering NetdHwService: 3.2ms
05-29 12:05:45.212 I/netd    ( 1604): Netd started in 1128ms
05-29 12:05:45.200 W/Binder:1604_3( 1604): type=1400 audit(0.0:14): avc: denied { write } for name="tasks" dev="tmpfs" ino=6842 scontext=u:r:netd:s0 tcontext=u:object_r:device:s0 tclass=file permissive=0
05-29 12:05:45.210 W/netd    ( 1604): type=1400 audit(0.0:15): avc: denied { write } for name="tasks" dev="tmpfs" ino=6842 scontext=u:r:netd:s0 tcontext=u:object_r:device:s0 tclass=file permissive=0
05-29 12:05:45.220 W/kworker/1:2( 1113): type=1400 audit(0.0:16): avc: denied { module_request } for kmod="net-pf-16-proto-4-type-2-17" scontext=u:r:kernel:s0 tcontext=u:r:kernel:s0 tclass=system permissive=0
05-29 12:05:45.220 I/chatty  ( 1113): uid=0(root) kworker/1:2 identical 1 line
05-29 12:05:45.270 W/kworker/1:2( 1113): type=1400 audit(0.0:18): avc: denied { module_request } for kmod="net-pf-16-proto-4-type-2-17" scontext=u:r:kernel:s0 tcontext=u:r:kernel:s0 tclass=system permissive=0
05-29 12:05:45.296 I//apex/com.android.media.swcodec/bin/mediaswcodec( 1668): media swcodec service starting
05-29 12:05:45.298 W//apex/com.android.media.swcodec/bin/mediaswcodec( 1668): Could not read additional policy file '/vendor/etc/seccomp_policy/mediaswcodec.policy'
05-29 12:05:45.299 W//apex/com.android.media.swcodec/bin/mediaswcodec( 1668): libminijail[1668]: failed to get path of fd 5: No such file or directory
05-29 12:05:45.299 W//apex/com.android.media.swcodec/bin/mediaswcodec( 1668): libminijail[1668]: allowing syscall: socketcall
05-29 12:05:45.299 W//apex/com.android.media.swcodec/bin/mediaswcodec( 1668): libminijail[1668]: allowing syscall: writev
05-29 12:05:45.299 W//apex/com.android.media.swcodec/bin/mediaswcodec( 1668): libminijail[1668]: allowing syscall: fcntl64
05-29 12:05:45.299 W//apex/com.android.media.swcodec/bin/mediaswcodec( 1668): libminijail[1668]: allowing syscall: clock_gettime
05-29 12:05:45.299 W//apex/com.android.media.swcodec/bin/mediaswcodec( 1668): libminijail[1668]: compile_file: <fd>(34): nonexistent syscall 'newfstatat'
05-29 12:05:45.300 W//apex/com.android.media.swcodec/bin/mediaswcodec( 1668): libminijail[1668]: logging seccomp filter failures
05-29 12:05:45.301 I/CodecServiceRegistrant( 1668): Creating software Codec2 service...
05-29 12:05:45.306 I/ServiceManagement( 1668): Registered android.hardware.media.c2@1.0::IComponentStore/software (start delay of 938ms)
05-29 12:05:45.306 I/CodecServiceRegistrant( 1668): Software Codec2 service created.
05-29 12:05:45.309 I/ServiceManager( 1663): Waiting for service 'package_native' on '/dev/binder'...
05-29 12:05:45.315 E/netmgr  ( 1780): Failed to open QEMU pipe 'qemud:network': Invalid argument
05-29 12:05:45.316 E/netmgr  ( 1780): WifiForwarder unable to open QEMU pipe: Invalid argument
05-29 12:05:45.379 I/FastMixerState( 1629): sMaxFastTracks = 8
05-29 12:05:45.381 V/MediaUtils( 1629): physMem: 2089623552
05-29 12:05:45.381 V/MediaUtils( 1629): requested limit: 417924700
05-29 12:05:45.381 I/libc    ( 1629): malloc_limit: Allocation limit enabled, max size 417924700 bytes
05-29 12:05:45.382 I/audioserver( 1629): ServiceManager: 0xf357db80
05-29 12:05:45.382 W/BatteryNotifier( 1629): batterystats service unavailable!
05-29 12:05:45.383 I/hwservicemanager( 1512): getTransport: Cannot find entry android.hardware.audio@5.0::IDevicesFactory/default in either framework or device manifest.
05-29 12:05:45.388 I/hwservicemanager( 1512): getTransport: Cannot find entry android.hardware.audio@4.0::IDevicesFactory/msd in either framework or device manifest.
05-29 12:05:45.389 I/hwservicemanager( 1512): getTransport: Cannot find entry android.hardware.audio.effect@5.0::IEffectsFactory/default in either framework or device manifest.
05-29 12:05:45.393 I/AudioFlinger( 1629): Using default 3000 mSec as standby time.
05-29 12:05:45.403 D/RenderEngine( 1632): shader cache generated - 48 shaders in 289.388123 ms
05-29 12:05:45.405 I/ServiceManagement( 1632): Registered android.frameworks.displayservice@1.0::IDisplayService/default (start delay of 1257ms)
05-29 12:05:45.405 D/SurfaceFlinger( 1632): Setting power mode 2 on display 0
05-29 12:05:45.406 D/SurfaceFlinger( 1632): Finished setting power mode 2 on display 0
05-29 12:05:45.409 I/ServiceManager( 1663): Waiting for service 'package_native' on '/dev/binder'...
05-29 12:05:45.412 E/APM::Serializer( 1629): deserialize: Could not parse /odm/etc/audio_policy_configuration.xml document.
05-29 12:05:45.416 E/APM::AudioPolicyEngine/Config( 1629): parse: Could not parse document /vendor/etc/audio_policy_engine_configuration.xml
05-29 12:05:45.416 W/APM::AudioPolicyEngine/Base( 1629): loadAudioPolicyEngineConfig: No configuration found, using default matching phone experience.
05-29 12:05:45.416 E/APM::AudioPolicyEngine/Config( 1629): parseLegacyVolumeFile: Could not parse document /odm/etc/audio_policy_configuration.xml
05-29 12:05:45.422 D/audio_hw_generic( 1610): Emulator host-side ALSA audio emulation detected.
05-29 12:05:45.423 D/audio_hw_generic( 1610): mixer 0 name Master Playback Volume
05-29 12:05:45.423 D/audio_hw_generic( 1610): set ctl 0 to 100
05-29 12:05:45.423 D/audio_hw_generic( 1610): set ctl 1 to 100
05-29 12:05:45.423 D/audio_hw_generic( 1610): mixer 1 name Master Playback Switch
05-29 12:05:45.423 D/audio_hw_generic( 1610): set ctl 0 to 1
05-29 12:05:45.423 D/audio_hw_generic( 1610): set ctl 1 to 1
05-29 12:05:45.424 D/audio_hw_generic( 1610): mixer 2 name Capture Volume
05-29 12:05:45.424 D/audio_hw_generic( 1610): set ctl 0 to 100
05-29 12:05:45.424 D/audio_hw_generic( 1610): set ctl 1 to 100
05-29 12:05:45.424 D/audio_hw_generic( 1610): mixer 3 name Capture Switch
05-29 12:05:45.424 D/audio_hw_generic( 1610): set ctl 0 to 1
05-29 12:05:45.424 D/audio_hw_generic( 1610): set ctl 1 to 1
05-29 12:05:45.424 D/audio_hw_generic( 1610): mixer 4 name Line Phantom Jack
05-29 12:05:45.425 D/audio_hw_generic( 1610): mixer 5 name Line Out Phantom Jack
05-29 12:05:45.425 D/audio_hw_generic( 1610): mixer 6 name Playback Channel Map
05-29 12:05:45.425 D/audio_hw_generic( 1610): mixer 7 name Capture Channel Map
05-29 12:05:45.426 W/DeviceHAL( 1610): Error from HAL Device in function get_master_volume: Function not implemented
05-29 12:05:45.426 W/DeviceHAL( 1610): Error from HAL Device in function get_master_mute: Function not implemented
05-29 12:05:45.426 W/DeviceHAL( 1610): Error from HAL Device in function set_master_volume: Function not implemented
05-29 12:05:45.426 W/DeviceHAL( 1610): Error from HAL Device in function set_master_mute: Function not implemented
05-29 12:05:45.426 I/AudioFlinger( 1629): loadHwModule() Loaded primary audio interface, handle 10
05-29 12:05:45.426 I/AudioFlinger( 1629): openOutput() this 0xf35ad000, module 10 Device 0x2, SamplingRate 44100, Format 0x000001, Channels 0x3, flags 0x2
05-29 12:05:45.428 W/AudioFlinger( 1629): HAL output buffer size is 661 frames but AudioMixer requires multiples of 16 frames
05-29 12:05:45.428 I/AudioFlinger( 1629): HAL output buffer size 661 frames, normal sink buffer size 1056 frames
05-29 12:05:45.429 I/hwservicemanager( 1512): getTransport: Cannot find entry android.hardware.audio.effect@5.0::IEffectsFactory/default in either framework or device manifest.
05-29 12:05:45.443 I/BufferProvider( 1629): found effect "Multichannel Downmix To Stereo" from The Android Open Source Project
05-29 12:05:45.443 I/AudioFlinger( 1629): Using module 10 as the primary audio interface
05-29 12:05:45.445 I/AudioFlinger( 1629): AudioFlinger's thread 0xf3603040 tid=1810 ready to run
05-29 12:05:45.447 W/AudioFlinger( 1629): no wake lock to update, system not ready yet
05-29 12:05:45.450 W/AudioFlinger( 1629): no wake lock to update, system not ready yet
05-29 12:05:45.451 V/APM_AudioPolicyManager( 1629): checkAndSetVolume cannot set volume group 3 volume with force use = 0 for comm
05-29 12:05:45.482 W/AudioFlinger( 1629): moveEffects() bad srcOutput 0
05-29 12:05:45.482 V/APM_AudioPolicyManager( 1629): selectOutputForMusicEffects selected output 13
05-29 12:05:45.482 V/APM_AudioPolicyManager( 1629): setOutputDevices device {type:0x2,@:} delayMs 0
05-29 12:05:45.482 V/APM_AudioPolicyManager( 1629): setOutputDevices() prevDevice {type:0x2,@:}
05-29 12:05:45.482 V/APM_AudioPolicyManager( 1629): setOutputDevices changing device to {type:0x2,@:}
05-29 12:05:45.487 V/APM_AudioPolicyManager( 1629): setOutputDevices() AF::createAudioPatch returned 0 patchHandle 12 num_sources 1 num_sinks 1
05-29 12:05:45.489 V/APM_AudioPolicyManager( 1629): checkAndSetVolume cannot set volume group 3 volume with force use = 0 for comm
05-29 12:05:45.510 I/ServiceManager( 1663): Waiting for service 'package_native' on '/dev/binder'...
05-29 12:05:45.519 I/AudioFlinger( 1629): AudioFlinger's thread 0xef41abc0 tid=1816 ready to run
05-29 12:05:45.523 W/AudioFlinger( 1629): no wake lock to update, system not ready yet
05-29 12:05:45.526 W/AudioFlinger( 1629): no wake lock to update, system not ready yet
05-29 12:05:45.531 I/r_submix( 1610): adev_open(name=audio_hw_if)
05-29 12:05:45.531 I/r_submix( 1610): adev_init_check()
05-29 12:05:45.531 W/DeviceHAL( 1610): Error from HAL Device in function set_master_volume: Function not implemented
05-29 12:05:45.531 W/DeviceHAL( 1610): Error from HAL Device in function set_master_mute: Function not implemented
05-29 12:05:45.531 I/AudioFlinger( 1629): loadHwModule() Loaded r_submix audio interface, handle 18
05-29 12:05:45.532 D/r_submix( 1610): adev_open_input_stream(addr=0)
05-29 12:05:45.532 D/r_submix( 1610): submix_audio_device_create_pipe_l(addr=0, idx=9)
05-29 12:05:45.532 D/r_submix( 1610):   now using address 0 for route 9
05-29 12:05:45.538 I/AudioFlinger( 1629): AudioFlinger's thread 0xef41ae80 tid=1819 ready to run
05-29 12:05:45.541 D/r_submix( 1610): adev_close_input_stream()
05-29 12:05:45.541 D/r_submix( 1610): submix_audio_device_release_pipe_l(idx=9) addr=0
05-29 12:05:45.541 D/r_submix( 1610): submix_audio_device_destroy_pipe_l(): pipe destroyed
05-29 12:05:45.541 I/        ( 1629): Waiting for activity service
05-29 12:05:45.585 D/BootAnimation( 1802): BootAnimationStartTiming start time: 4267ms
05-29 12:05:45.585 D/BootAnimation( 1802): BootAnimationPreloadTiming start time: 4267ms
05-29 12:05:45.610 I/ServiceManager( 1663): Waiting for service 'package_native' on '/dev/binder'...
05-29 12:05:45.639 D/ICU     ( 1605): Time zone APEX file found: /apex/com.android.tzdata/etc/icu/icu_tzdata.dat
05-29 12:05:45.699 W/zygote  ( 1605): Unexpected CPU variant for X86 using defaults: x86
05-29 12:05:45.711 I/ServiceManager( 1663): Waiting for service 'package_native' on '/dev/binder'...
05-29 12:05:45.720 D/BootAnimation( 1802): BootAnimationPreloadStopTiming start time: 4402ms
05-29 12:05:45.722 E/SurfaceFlinger( 1632): ro.sf.lcd_density must be defined as a build property
05-29 12:05:45.725 D/libEGL  ( 1802): Emulator has host GPU support, qemu.gles is set to 1.
05-29 12:05:45.726 E/vndksupport( 1802): Could not load /vendor/lib/egl/libGLES_emulation.so from sphal namespace: dlopen failed: library "/vendor/lib/egl/libGLES_emulation.so" not found.
05-29 12:05:45.726 E/libEGL  ( 1802): load_driver(/vendor/lib/egl/libGLES_emulation.so): unknown
05-29 12:05:45.731 D/libEGL  ( 1802): loaded /vendor/lib/egl/libEGL_emulation.so
05-29 12:05:45.732 D/libEGL  ( 1802): loaded /vendor/lib/egl/libGLESv1_CM_emulation.so
05-29 12:05:45.733 D/libEGL  ( 1802): loaded /vendor/lib/egl/libGLESv2_emulation.so
05-29 12:05:45.747 D/        ( 1802): HostConnection::get() New Host Connection established 0xf6a844a0, tid 1828
05-29 12:05:45.747 D/        ( 1802): HostComposition ext ANDROID_EMU_CHECKSUM_HELPER_v1 ANDROID_EMU_dma_v1 ANDROID_EMU_host_composition_v1 GL_OES_vertex_array_object GL_KHR_texture_compression_astc_ldr ANDROID_EMU_gles_max_version_2 
05-29 12:05:45.749 E/EGL_emulation( 1802): tid 1828: eglQueryString(923): error 0x3008 (EGL_BAD_DISPLAY)
05-29 12:05:45.752 D/gralloc_ranchu( 1620): gralloc_alloc: Creating ashmem region of size 8298496
05-29 12:05:45.759 D/        ( 1632): HostConnection::get() New Host Connection established 0xe8719550, tid 1727
05-29 12:05:45.760 D/        ( 1632): HostComposition ext ANDROID_EMU_CHECKSUM_HELPER_v1 ANDROID_EMU_dma_v1 ANDROID_EMU_host_composition_v1 GL_OES_vertex_array_object GL_KHR_texture_compression_astc_ldr ANDROID_EMU_gles_max_version_2 
05-29 12:05:45.762 I/hwservicemanager( 1512): getTransport: Cannot find entry android.hardware.graphics.mapper@3.0::IMapper/default in either framework or device manifest.
05-29 12:05:45.763 W/Gralloc3( 1802): mapper 3.x is not supported
05-29 12:05:45.767 D/        ( 1802): createUnique: call
05-29 12:05:45.768 D/        ( 1802): HostConnection::get() New Host Connection established 0xf6a844f0, tid 1828
05-29 12:05:45.768 D/        ( 1802): HostComposition ext ANDROID_EMU_CHECKSUM_HELPER_v1 ANDROID_EMU_dma_v1 ANDROID_EMU_host_composition_v1 GL_OES_vertex_array_object GL_KHR_texture_compression_astc_ldr ANDROID_EMU_gles_max_version_2 
05-29 12:05:45.785 D/eglCodecCommon( 1802): setVertexArrayObject: set vao to 0 (0) 0 0
05-29 12:05:45.786 D/EGL_emulation( 1802): eglCreateContext: 0xf6aa04e0: maj 1 min 0 rcv 1
05-29 12:05:45.787 D/EGL_emulation( 1802): eglMakeCurrent: 0xf6aa04e0: ver 1 0 (tinfo 0xf6a640c0)
05-29 12:05:45.812 I/ServiceManager( 1663): Waiting for service 'package_native' on '/dev/binder'...
05-29 12:05:45.818 D/BootAnimation( 1802): BootAnimationShownTiming start time: 4500ms
05-29 12:05:45.818 E/BootAnimation( 1802): Could not add watch for /data/system
05-29 12:05:45.860 D/gralloc_ranchu( 1620): gralloc_alloc: Creating ashmem region of size 8298496
05-29 12:05:45.862 W/zygote  ( 1605): JNI RegisterNativeMethods: attempt to register 0 native methods for android.media.AudioAttributes
05-29 12:05:45.864 I/SurfaceFlinger( 1632): Enter boot animation
05-29 12:05:45.869 D/        ( 1621): createUnique: call
05-29 12:05:45.869 D/        ( 1621): HostConnection::get() New Host Connection established 0xf5016410, tid 1621
05-29 12:05:45.870 D/        ( 1621): HostComposition ext ANDROID_EMU_CHECKSUM_HELPER_v1 ANDROID_EMU_dma_v1 ANDROID_EMU_host_composition_v1 GL_OES_vertex_array_object GL_KHR_texture_compression_astc_ldr ANDROID_EMU_gles_max_version_2 
05-29 12:05:45.872 D/gralloc_ranchu( 1621): gralloc_alloc: Creating ashmem region of size 8298496
05-29 12:05:45.881 I/EmuHWC2 ( 1621): targetCb 1992
05-29 12:05:45.887 D/Zygote  ( 1605): begin preload
05-29 12:05:45.888 I/Zygote  ( 1605): Calling ZygoteHooks.beginPreload()
05-29 12:05:45.912 I/Zygote  ( 1605): Preloading classes...
05-29 12:05:45.913 I/ServiceManager( 1663): Waiting for service 'package_native' on '/dev/binder'...
05-29 12:05:45.916 W/Zygote  ( 1605): Class not found for preloading: android.app.ActivityThread$2
05-29 12:05:45.965 W/Zygote  ( 1605): Class not found for preloading: android.app.role.IRoleManagerCallback$Stub
05-29 12:05:45.965 W/Zygote  ( 1605): Class not found for preloading: android.app.role.IRoleManagerCallback
05-29 12:05:45.976 I/PackageBackwardCompatibility( 1605): Could not find android.content.pm.AndroidTestBaseUpdater, ignoring
05-29 12:05:45.976 W/Zygote  ( 1605): Class not found for preloading: android.content.pm.PackageParser$2
05-29 12:05:45.976 W/Zygote  ( 1605): Class not found for preloading: android.content.pm.PackageParser$AbstractVersionsAccessor
05-29 12:05:46.015 I/ServiceManager( 1663): Waiting for service 'package_native' on '/dev/binder'...
05-29 12:05:46.117 I/ServiceManager( 1663): Waiting for service 'package_native' on '/dev/binder'...
05-29 12:05:46.201 E/hostapd ( 1840): Configuration file: /data/vendor/wifi/hostapd/hostapd.conf
05-29 12:05:46.210 I/hostapd ( 1840): rfkill: Cannot get wiphy information
05-29 12:05:46.210 I/hostapd ( 1840): wlan1: interface state UNINITIALIZED->COUNTRY_UPDATE
05-29 12:05:46.219 I/ServiceManager( 1663): Waiting for service 'package_native' on '/dev/binder'...
05-29 12:05:46.320 I/ServiceManager( 1663): Waiting for service 'package_native' on '/dev/binder'...
05-29 12:05:46.340 W/kworker/1:2( 1113): type=1400 audit(0.0:82): avc: denied { module_request } for kmod="net-pf-16-proto-4-type-2-17" scontext=u:r:kernel:s0 tcontext=u:r:kernel:s0 tclass=system permissive=0
05-29 12:05:46.421 I/ServiceManager( 1663): Waiting for service 'package_native' on '/dev/binder'...
05-29 12:05:46.443 E/ActivityRecognitionHardware( 1605): activity_recognition HAL is deprecated. class_init is effectively a no-op
05-29 12:05:46.486 I/zygote  ( 1605): Thread[1,tid=1605,Native,Thread*=0xe9434e00,peer=0x12c021a8,"main"] recursive attempt to load library "libmedia_jni.so"
05-29 12:05:46.486 D/MtpDeviceJNI( 1605): register_android_mtp_MtpDevice
05-29 12:05:46.486 I/zygote  ( 1605): Thread[1,tid=1605,Native,Thread*=0xe9434e00,peer=0x12c021a8,"main"] recursive attempt to load library "libmedia_jni.so"
05-29 12:05:46.486 I/zygote  ( 1605): Thread[1,tid=1605,Native,Thread*=0xe9434e00,peer=0x12c021a8,"main"] recursive attempt to load library "libmedia_jni.so"
05-29 12:05:46.499 W/Zygote  ( 1605): Class not found for preloading: android.media.session.ControllerCallbackLink$CallbackStub
05-29 12:05:46.507 W/Zygote  ( 1605): Class not found for preloading: android.media.session.SessionCallbackLink
05-29 12:05:46.507 W/Zygote  ( 1605): Class not found for preloading: android.media.session.SessionLink
05-29 12:05:46.509 W/Zygote  ( 1605): Class not found for preloading: android.net.IpMemoryStore
05-29 12:05:46.514 W/Zygote  ( 1605): Class not found for preloading: android.net.UidRangeParcel$1
05-29 12:05:46.515 W/Zygote  ( 1605): Class not found for preloading: android.net.UidRangeParcel
05-29 12:05:46.522 I/ServiceManager( 1663): Waiting for service 'package_native' on '/dev/binder'...
05-29 12:05:46.522 W/zygote  ( 1605): Core platform API violation: Ljava/nio/NIOAccess;->getBasePointer(Ljava/nio/Buffer;)J from Landroid/opengl/EGL15; using JNI
05-29 12:05:46.522 W/zygote  ( 1605): Core platform API violation: Ljava/nio/NIOAccess;->getBaseArray(Ljava/nio/Buffer;)Ljava/lang/Object; from Landroid/opengl/EGL15; using JNI
05-29 12:05:46.522 W/zygote  ( 1605): Core platform API violation: Ljava/nio/NIOAccess;->getBaseArrayOffset(Ljava/nio/Buffer;)I from Landroid/opengl/EGL15; using JNI
05-29 12:05:46.523 W/zygote  ( 1605): Core platform API violation: Ljava/nio/Buffer;->position:I from Landroid/opengl/EGL15; using JNI
05-29 12:05:46.523 W/zygote  ( 1605): Core platform API violation: Ljava/nio/Buffer;->limit:I from Landroid/opengl/EGL15; using JNI
05-29 12:05:46.523 W/zygote  ( 1605): Core platform API violation: Ljava/nio/Buffer;->_elementSizeShift:I from Landroid/opengl/EGL15; using JNI
05-29 12:05:46.537 W/Zygote  ( 1605): Class not found for preloading: android.rolecontrollerservice.IRoleControllerService$Stub
05-29 12:05:46.537 W/Zygote  ( 1605): Class not found for preloading: android.rolecontrollerservice.IRoleControllerService
05-29 12:05:46.620 W/Zygote  ( 1605): Class not found for preloading: android.telephony.DataSpecificRegistrationStates$1
05-29 12:05:46.621 W/Zygote  ( 1605): Class not found for preloading: android.telephony.DataSpecificRegistrationStates
05-29 12:05:46.621 W/Zygote  ( 1605): Class not found for preloading: android.telephony.DebugEventReporter
05-29 12:05:46.621 W/Zygote  ( 1605): Class not found for preloading: android.telephony.NetworkRegistrationState$1
05-29 12:05:46.621 W/Zygote  ( 1605): Class not found for preloading: android.telephony.NetworkRegistrationState
05-29 12:05:46.623 I/ServiceManager( 1663): Waiting for service 'package_native' on '/dev/binder'...
05-29 12:05:46.628 W/Zygote  ( 1605): Class not found for preloading: android.telephony.VoiceSpecificRegistrationStates$1
05-29 12:05:46.628 W/Zygote  ( 1605): Class not found for preloading: android.telephony.VoiceSpecificRegistrationStates
05-29 12:05:46.645 W/Zygote  ( 1605): Class not found for preloading: android.view.autofill.-$$Lambda$AutofillManager$AutofillManagerClient$V-s28jF4_S72cRk4llkGpwbJnmk
05-29 12:05:46.647 W/Zygote  ( 1605): Class not found for preloading: android.view.textclassifier.IntentFactory
05-29 12:05:46.648 W/Zygote  ( 1605): Class not found for preloading: android.view.textclassifier.LegacyIntentFactory
05-29 12:05:46.648 W/Zygote  ( 1605): Class not found for preloading: android.view.textclassifier.TemplateClassificationIntentFactory
05-29 12:05:46.648 W/Zygote  ( 1605): Class not found for preloading: android.view.textclassifier.TemplateIntentFactory
05-29 12:05:46.658 W/Zygote  ( 1605): Class not found for preloading: com.android.internal.net.NetworkStatsFactory
05-29 12:05:46.668 W/Zygote  ( 1605): Class not found for preloading: com.android.internal.telephony.-$$Lambda$TelephonyComponentFactory$InjectedComponents$JvIoCy0AgfF5fVN1H6UnTpH4kxc
05-29 12:05:46.668 W/Zygote  ( 1605): Class not found for preloading: com.android.internal.telephony.-$$Lambda$TelephonyComponentFactory$InjectedComponents$lPb9esCECA9I6VLqv3Aq2ZDh9Iw
05-29 12:05:46.668 W/Zygote  ( 1605): Class not found for preloading: com.android.internal.telephony.-$$Lambda$TelephonyComponentFactory$InjectedComponents$tidvzo4mrKSDaluwYNp7qAWJEV8
05-29 12:05:46.681 W/Zygote  ( 1605): Class not found for preloading: com.android.internal.telephony.PhoneConfigurationModels
05-29 12:05:46.689 W/Zygote  ( 1605): Class not found for preloading: com.android.internal.telephony.UiccSmsController
05-29 12:05:46.705 W/Zygote  ( 1605): Class not found for preloading: dalvik.system.-$$Lambda$DexPathList$8b_maZ6RkV67r03QVmaVjC7Wj6M
05-29 12:05:46.724 I/ServiceManager( 1663): Waiting for service 'package_native' on '/dev/binder'...
05-29 12:05:46.729 I/Zygote  ( 1605): ...preloaded 7486 classes in 817ms.
05-29 12:05:46.729 I/zygote  ( 1605): VMRuntime.preloadDexCaches starting
05-29 12:05:46.750 I/zygote  ( 1605): VMRuntime.preloadDexCaches strings total=379488 before=10153 after=10153
05-29 12:05:46.750 I/zygote  ( 1605): VMRuntime.preloadDexCaches types total=35950 before=7504 after=7935
05-29 12:05:46.750 I/zygote  ( 1605): VMRuntime.preloadDexCaches fields total=159761 before=8423 after=8625
05-29 12:05:46.750 I/zygote  ( 1605): VMRuntime.preloadDexCaches methods total=282927 before=11397 after=11829
05-29 12:05:46.750 I/zygote  ( 1605): VMRuntime.preloadDexCaches finished
05-29 12:05:46.754 I/zygote  ( 1605): The ClassLoaderContext is a special shared library.
05-29 12:05:46.756 D/ApplicationLoaders( 1605): Created zygote-cached class loader: /system/framework/android.hidl.base-V1.0-java.jar
05-29 12:05:46.758 I/zygote  ( 1605): The ClassLoaderContext is a special shared library.
05-29 12:05:46.759 D/ApplicationLoaders( 1605): Created zygote-cached class loader: /system/framework/android.hidl.manager-V1.0-java.jar
05-29 12:05:46.825 I/ServiceManager( 1663): Waiting for service 'package_native' on '/dev/binder'...
05-29 12:05:46.926 I/ServiceManager( 1663): Waiting for service 'package_native' on '/dev/binder'...
05-29 12:05:46.977 I/Zygote  ( 1605): Preloading resources...
05-29 12:05:46.991 W/Resources( 1605): Preloaded drawable resource #0x1080274 (android:drawable/dialog_background_material) that varies with configuration!!
05-29 12:05:47.002 I/Zygote  ( 1605): ...preloaded 64 resources in 25ms.
05-29 12:05:47.004 I/Zygote  ( 1605): ...preloaded 41 resources in 2ms.
05-29 12:05:47.009 I/Zygote  ( 1605): Preloading shared libraries...
05-29 12:05:47.019 I/Zygote  ( 1605): Called ZygoteHooks.endPreload()
05-29 12:05:47.020 I/Zygote  ( 1605): Installed AndroidKeyStoreProvider in 1ms.
05-29 12:05:47.023 I/Zygote  ( 1605): Warmed up JCA providers in 3ms.
05-29 12:05:47.025 D/Zygote  ( 1605): end preload
05-29 12:05:47.026 I/zygote  ( 1605): Waiting for a blocking GC Explicit
05-29 12:05:47.033 I/zygote  ( 1605): WaitForGcToComplete blocked Explicit on None for 7.929ms
05-29 12:05:47.034 I/ServiceManager( 1663): Waiting for service 'package_native' on '/dev/binder'...
05-29 12:05:47.043 I/zygote  ( 1605): Explicit concurrent copying GC freed 6414(213KB) AllocSpace objects, 0(0B) LOS objects, 72% free, 2360KB/8504KB, paused 476us total 9.578ms
05-29 12:05:47.053 I/zygote  ( 1605): Explicit concurrent copying GC freed 13(32KB) AllocSpace objects, 0(0B) LOS objects, 72% free, 2359KB/8503KB, paused 377us total 8.704ms
05-29 12:05:47.116 I/zygote  ( 1605): Ignoring open file descriptor 31
05-29 12:05:47.118 D/Zygote  ( 1605): Forked child process 1847
05-29 12:05:47.118 I/Zygote  ( 1605): System server process 1847 has been created
05-29 12:05:47.119 I/Zygote  ( 1605): Accepting command socket connections
05-29 12:05:47.127 I/system_server( 1847): The ClassLoaderContext is a special shared library.
05-29 12:05:47.137 I/ServiceManager( 1663): Waiting for service 'package_native' on '/dev/binder'...
05-29 12:05:47.141 I/system_server( 1847): The ClassLoaderContext is a special shared library.
05-29 12:05:47.153 I/chatty  ( 1847): uid=1000 system_server identical 1 line
05-29 12:05:47.159 I/system_server( 1847): The ClassLoaderContext is a special shared library.
05-29 12:05:47.162 W/system_server( 1847): Unexpected CPU variant for X86 using defaults: x86
05-29 12:05:47.166 E/system_server( 1847): Not starting debugger since process cannot load the jdwp agent.
05-29 12:05:47.188 I/SystemServer( 1847): InitBeforeStartServices
05-29 12:05:47.192 I/SystemServer( 1847): Entered the Android system server!
05-29 12:05:47.230 W/kworker/0:1(   34): type=1400 audit(0.0:83): avc: denied { module_request } for kmod="net-pf-16-proto-4-type-2-17" scontext=u:r:kernel:s0 tcontext=u:r:kernel:s0 tclass=system permissive=0
05-29 12:05:47.238 I/ServiceManager( 1663): Waiting for service 'package_native' on '/dev/binder'...
05-29 12:05:47.239 E/ipv6proxy( 1837): Failed to forward Router Advertisement from eth0 to wlan1: Network is unreachable
05-29 12:05:47.239 E/ipv6proxy( 1837): Failed to forward Router Advertisement from eth0 to radio0-peer: Cannot assign requested address
05-29 12:05:47.339 I/ServiceManager( 1663): Waiting for service 'package_native' on '/dev/binder'...
05-29 12:05:47.352 E/UsbAlsaJackDetectorJNI( 1847): Can't register UsbAlsaJackDetector native methods
05-29 12:05:47.377 I/SystemServer( 1847): StartServices
05-29 12:05:47.377 I/SystemServer( 1847): Reading configuration...
05-29 12:05:47.377 I/SystemServer( 1847): ReadingSystemConfig
05-29 12:05:47.378 I/SystemServer( 1847): StartInstaller
05-29 12:05:47.378 I/SystemServiceManager( 1847): Starting com.android.server.pm.Installer
05-29 12:05:47.382 D/gralloc_ranchu( 1620): gralloc_alloc: Creating ashmem region of size 8298496
05-29 12:05:47.390 D/installd( 1655): Found quota mount /dev/block/vdc at /data
05-29 12:05:47.394 I/SystemServer( 1847): DeviceIdentifiersPolicyService
05-29 12:05:47.394 I/SystemServiceManager( 1847): Starting com.android.server.os.DeviceIdentifiersPolicyService
05-29 12:05:47.396 I/SystemServer( 1847): UriGrantsManagerService
05-29 12:05:47.396 I/SystemServiceManager( 1847): Starting com.android.server.uri.UriGrantsManagerService$Lifecycle
05-29 12:05:47.410 I/SystemServer( 1847): StartActivityManager
05-29 12:05:47.410 I/SystemServiceManager( 1847): Starting com.android.server.wm.ActivityTaskManagerService$Lifecycle
05-29 12:05:47.422 I/SystemServiceManager( 1847): Starting com.android.server.am.ActivityManagerService$Lifecycle
05-29 12:05:47.439 I/SystemConfig( 1847): Adding association: com.google.android.as <- com.android.providers.telephony
05-29 12:05:47.439 I/ServiceManager( 1663): Waiting for service 'package_native' on '/dev/binder'...
05-29 12:05:47.440 I/SystemConfig( 1847): Adding association: com.google.android.as <- com.android.providers.contacts
05-29 12:05:47.441 I/SystemConfig( 1847): Adding association: com.google.android.as <- com.google.android.gms
05-29 12:05:47.441 I/SystemConfig( 1847): Adding association: com.google.android.as <- com.google.android.gsf
05-29 12:05:47.441 I/SystemConfig( 1847): Adding association: com.google.android.as <- com.google.android.apps.nexuslauncher
05-29 12:05:47.441 I/SystemConfig( 1847): Adding association: com.google.android.as <- com.google.android.googlequicksearchbox
05-29 12:05:47.441 I/SystemConfig( 1847): Adding association: com.google.android.as <- com.android.providers.media
05-29 12:05:47.442 I/SystemConfig( 1847): Adding association: com.google.android.as <- com.android.systemui.navbarhint
05-29 12:05:47.443 I/SystemConfig( 1847): Adding association: com.google.android.as <- com.android.systemui
05-29 12:05:47.449 I/ActivityManager( 1847): Memory class: 512
05-29 12:05:47.468 W/SystemConfig( 1847): No directory /product_services/etc/sysconfig, skipping
05-29 12:05:47.469 W/SystemConfig( 1847): No directory /product_services/etc/permissions, skipping
05-29 12:05:47.472 D/BatteryStatsImpl( 1847): Reading daily items from /data/system/batterystats-daily.xml
05-29 12:05:47.491 E/BluetoothAdapter( 1847): Bluetooth binder is null
05-29 12:05:47.495 E/BatteryExternalStatsWorker( 1847): no controller energy info supplied for telephony
05-29 12:05:47.499 E/KernelCpuUidFreqTimeReader( 1847): Failed to read /proc/uid_time_in_state: java.nio.file.NoSuchFileException: /proc/uid_time_in_state
05-29 12:05:47.501 W/KernelCpuProcStringReader( 1847): File not found. It's normal if not implemented: /proc/uid_time_in_state
05-29 12:05:47.501 W/KernelCpuProcStringReader( 1847): File not found. It's normal if not implemented: /proc/uid_concurrent_active_time
05-29 12:05:47.504 W/KernelCpuProcStringReader( 1847): File not found. It's normal if not implemented: /proc/uid_concurrent_policy_time
05-29 12:05:47.504 E/KernelCpuSpeedReader( 1847): Failed to read cpu-freq: /sys/devices/system/cpu/cpu0/cpufreq/stats/time_in_state: open failed: ENOENT (No such file or directory)
05-29 12:05:47.508 W/KernelMemoryBandwidthStats( 1847): No kernel memory bandwidth stats available
05-29 12:05:47.510 I/hwservicemanager( 1512): getTransport: Cannot find entry android.hardware.power.stats@1.0::IPowerStats/default in either framework or device manifest.
05-29 12:05:47.511 I/BatteryStatsService( 1847): Using power HAL
05-29 12:05:47.512 I/PowerManagerService-JNI( 1847): Loaded power HAL 1.0 service
05-29 12:05:47.512 I/PowerManagerService-JNI( 1847): Loaded power HAL 1.1 service
05-29 12:05:47.513 I/hwservicemanager( 1512): getTransport: Cannot find entry android.hardware.power.stats@1.0::IPowerStats/default in either framework or device manifest.
05-29 12:05:47.513 I/BatteryStatsService( 1847): Using power HAL
05-29 12:05:47.513 E/BatteryStatsService( 1847): Unable to load Power.Stats.HAL. Setting rail availability to false
05-29 12:05:47.534 I/hwservicemanager( 1512): getTransport: Cannot find entry android.hardware.memtrack@1.0::IMemtrack/default in either framework or device manifest.
05-29 12:05:47.534 E/memtrack( 1847): Couldn't load memtrack module
05-29 12:05:47.534 W/android.os.Debug( 1847): failed to get memory consumption info: -1
05-29 12:05:47.540 I/ServiceManager( 1663): Waiting for service 'package_native' on '/dev/binder'...
05-29 12:05:47.555 I/IntentFirewall( 1847): Read new rules (A:0 B:0 S:0)
05-29 12:05:47.588 D/AppOps  ( 1847): AppOpsService published
05-29 12:05:47.593 I/SystemServer( 1847): StartPowerManager
