05-29 12:05:53.110 I/TelecomFramework( 2104): AccountEntry: Registered phoneAccount: [[ ] PhoneAccount: ComponentInfo{com.android.phone/com.android.services.telephony.TelephonyConnectionService}, ***, UserHandle{0} Capabilities: CallProvider MultiUser PlaceEmerg SimSub  Audio Routes: BESW Schemes: tel voicemail  Extras: Bundle[{android.telecom.extra.SUPPORTS_VIDEO_CALLING_FALLBACK=true}] GroupId: ***] with handle: ComponentInfo{com.android.phone/com.android.services.telephony.TelephonyConnectionService}, ***, UserHandle{0}
05-29 12:05:53.110 I/TelecomFramework( 2104): PstnIncomingCallNotifier: Registering: Handler (com.android.internal.telephony.GsmCdmaPhone) {68c047f}
05-29 12:05:53.113 E/.gms.persisten( 2341): Not starting debugger since process cannot load the jdwp agent.
05-29 12:05:53.117 W/ContextImpl( 2292): Failed to ensure /data/user/0/com.google.android.apps.wellbeing/shared_prefs: mkdir failed: ENOENT (No such file or directory)
05-29 12:05:53.122 W/Primes  ( 2292): Primes failed to initialized in the background
05-29 12:05:53.122 W/Primes  ( 2292): java.lang.IllegalStateException: SharedPreferences in credential encrypted storage are not available until after user is unlocked
05-29 12:05:53.122 W/Primes  ( 2292): 	at android.app.ContextImpl.getSharedPreferences(ContextImpl.java:458)
05-29 12:05:53.122 W/Primes  ( 2292): 	at android.app.ContextImpl.getSharedPreferences(ContextImpl.java:443)
05-29 12:05:53.122 W/Primes  ( 2292): 	at android.content.ContextWrapper.getSharedPreferences(ContextWrapper.java:178)
05-29 12:05:53.122 W/Primes  ( 2292): 	at eth.a(PG:4)
05-29 12:05:53.122 W/Primes  ( 2292): 	at eta.run(PG:18)
05-29 12:05:53.122 W/Primes  ( 2292): 	at esz.run(PG:4)
05-29 12:05:53.122 W/Primes  ( 2292): 	at java.util.concurrent.Executors$RunnableAdapter.call(Executors.java:462)
05-29 12:05:53.122 W/Primes  ( 2292): 	at java.util.concurrent.FutureTask.run(FutureTask.java:266)
05-29 12:05:53.122 W/Primes  ( 2292): 	at java.util.concurrent.ThreadPoolExecutor.runWorker(ThreadPoolExecutor.java:1167)
05-29 12:05:53.122 W/Primes  ( 2292): 	at java.util.concurrent.ThreadPoolExecutor$Worker.run(ThreadPoolExecutor.java:641)
05-29 12:05:53.122 W/Primes  ( 2292): 	at etx.run(PG:5)
05-29 12:05:53.122 W/Primes  ( 2292): 	at java.lang.Thread.run(Thread.java:919)
05-29 12:05:53.123 I/TelecomFramework( 2104): TelecomAccountRegistry: Unregistering phone account ComponentInfo{com.android.phone/com.android.services.telephony.TelephonyConnectionService}, ***, UserHandle{0}.
05-29 12:05:53.130 I/Telecom ( 1847): CallsManager: Sending phone-account ComponentInfo{com.android.phone/com.android.services.telephony.TelephonyConnectionService}, ***, UserHandle{0} unregistered intent as user: TSI.uPA@AAY
05-29 12:05:53.130 I/Telecom ( 1847): CallsManager: Sending phone-account unregistered intent to default dialer: TSI.uPA@AAY
05-29 12:05:53.148 W/PhoneGlobals( 2104): Can't get phone with sub id = -1
05-29 12:05:53.165 I/netd    ( 1604): bandwidthAddNiceApp(10094) <0.03688ms>
05-29 12:05:53.172 D/ApplicationLoaders( 2341): Returning zygote-cached class loader: /system/framework/android.hidl.base-V1.0-java.jar
05-29 12:05:53.172 D/ApplicationLoaders( 2341): Returning zygote-cached class loader: /system/framework/android.hidl.manager-V1.0-java.jar
05-29 12:05:53.172 D/ApplicationLoaders( 2341): Returning zygote-cached class loader: /system/framework/android.hidl.base-V1.0-java.jar
05-29 12:05:53.173 I/.gms.persisten( 2341): The ClassLoaderContext is a special shared library.
05-29 12:05:53.194 W/ActivityManager( 1847): Unable to start service Intent { act=com.google.android.gms.phenotype.service.START pkg=com.google.android.gms } U=0: not found
05-29 12:05:53.195 W/ActivityManager( 1847): Unbind failed: could not find connection for android.os.BinderProxy@539aece
05-29 12:05:53.189 I/chatty  ( 2341): uid=10094 com.google.android.gms.persistent identical 1 line
05-29 12:05:53.190 I/.gms.persisten( 2341): The ClassLoaderContext is a special shared library.
05-29 12:05:53.195 E/GmsClient( 2292): unable to connect to service: com.google.android.gms.phenotype.service.START on com.google.android.gms
05-29 12:05:53.269 W/ContextImpl( 2341): Failed to ensure /data/user/0/com.google.android.gms/cache: mkdir failed: ENOENT (No such file or directory)
05-29 12:05:53.269 W/ContextImpl( 2341): Failed to update user.inode_cache: stat failed: ENOENT (No such file or directory)
05-29 12:05:53.277 I/TelecomFramework( 2104): PstnPhoneCapabilitiesNotifier: handleVideoCapabilitesChanged. Video capability - false
05-29 12:05:53.277 E/PhoneInterfaceManager( 2104): [PhoneIntfMgr] getIccId: No UICC
05-29 12:05:53.278 E/PhoneInterfaceManager( 2104): [PhoneIntfMgr] isRttSupported: no Phone found. Invalid subId:-1
05-29 12:05:53.283 W/ActivityManager( 1847): Unable to start service Intent { act=com.google.android.gms.phenotype.service.START pkg=com.google.android.gms } U=0: not found
05-29 12:05:53.283 W/ActivityManager( 1847): Unbind failed: could not find connection for android.os.BinderProxy@7209701
05-29 12:05:53.284 E/GmsClient( 2292): unable to connect to service: com.google.android.gms.phenotype.service.START on com.google.android.gms
05-29 12:05:53.288 E/MendelPackageState( 2292): Failed to commit to config
05-29 12:05:53.288 E/MendelPackageState( 2292): czp: 17: API: Phenotype.API is not available on this device.
05-29 12:05:53.288 E/MendelPackageState( 2292): 	at dej.a(PG:2)
05-29 12:05:53.288 E/MendelPackageState( 2292): 	at dan.a(PG:2)
05-29 12:05:53.288 E/MendelPackageState( 2292): 	at dal.a(PG:12)
05-29 12:05:53.288 E/MendelPackageState( 2292): 	at dcn.a(PG:191)
05-29 12:05:53.288 E/MendelPackageState( 2292): 	at dcn.a(PG:111)
05-29 12:05:53.288 E/MendelPackageState( 2292): 	at dcv.run(PG:15)
05-29 12:05:53.288 E/MendelPackageState( 2292): 	at android.os.Handler.handleCallback(Handler.java:883)
05-29 12:05:53.288 E/MendelPackageState( 2292): 	at android.os.Handler.dispatchMessage(Handler.java:100)
05-29 12:05:53.288 E/MendelPackageState( 2292): 	at android.os.Looper.loop(Looper.java:214)
05-29 12:05:53.288 E/MendelPackageState( 2292): 	at android.os.HandlerThread.run(HandlerThread.java:67)
05-29 12:05:53.290 I/Telecom ( 1847): PhoneAccountRegistrar: Modify account: [ComponentInfo{com.android.phone/com.android.services.telephony.TelephonyConnectionService}, ***, UserHandle{0}]: TSI.rPA@AAg
05-29 12:05:53.291 I/Telecom ( 1847): CallsManager: handlePhoneAccountChanged: phoneAccount=[[X] PhoneAccount: ComponentInfo{com.android.phone/com.android.services.telephony.TelephonyConnectionService}, ***, UserHandle{0} Capabilities: CallProvider MultiUser PlaceEmerg SimSub  Audio Routes: BESW Schemes: tel voicemail  Extras: Bundle[{android.telecom.extra.SUPPORTS_VIDEO_CALLING_FALLBACK=true}] GroupId: ***]: TSI.rPA@AAg
05-29 12:05:53.294 E/MendelPackageState( 2292): Failed to fetch after encountering old config
05-29 12:05:53.294 E/MendelPackageState( 2292): czp: 17: API: Phenotype.API is not available on this device.
05-29 12:05:53.294 E/MendelPackageState( 2292): 	at dej.a(PG:2)
05-29 12:05:53.294 E/MendelPackageState( 2292): 	at dan.a(PG:2)
05-29 12:05:53.294 E/MendelPackageState( 2292): 	at dal.a(PG:12)
05-29 12:05:53.294 E/MendelPackageState( 2292): 	at dcn.a(PG:191)
05-29 12:05:53.294 E/MendelPackageState( 2292): 	at dcn.a(PG:111)
05-29 12:05:53.294 E/MendelPackageState( 2292): 	at dcv.run(PG:15)
05-29 12:05:53.294 E/MendelPackageState( 2292): 	at android.os.Handler.handleCallback(Handler.java:883)
05-29 12:05:53.294 E/MendelPackageState( 2292): 	at android.os.Handler.dispatchMessage(Handler.java:100)
05-29 12:05:53.294 E/MendelPackageState( 2292): 	at android.os.Looper.loop(Looper.java:214)
05-29 12:05:53.294 E/MendelPackageState( 2292): 	at android.os.HandlerThread.run(HandlerThread.java:67)
05-29 12:05:53.351 D/StatusBar( 1976): mUserSetupObserver - DeviceProvisionedListener called for user 0
05-29 12:05:53.353 D/StatusBar( 1976): updateQsExpansionEnabled - QS Expand enabled: true
05-29 12:05:53.356 D/StatusBar( 1976): mUserSetupObserver - DeviceProvisionedListener called for user 0
05-29 12:05:53.356 D/OpenGLRenderer( 1976): profile bars disabled
05-29 12:05:53.356 D/OpenGLRenderer( 1976): ambientRatio = 1.50
05-29 12:05:53.374 I/ModuleManager( 2242): Unexpected key 'com.google.android.backup.api_key' does not match 'module:'
05-29 12:05:53.390 W/BestClock( 1847): java.time.DateTimeException: Missing NTP fix
05-29 12:05:53.391 W/BestClock( 1847): java.time.DateTimeException: Missing NTP fix
05-29 12:05:53.391 I/netd    ( 1604): bandwidthSetGlobalAlert(2097152) <0.10391ms>
05-29 12:05:53.403 D/ColorDisplayService( 1847): Setting saturation level: 100
05-29 12:05:53.417 I/zygote  ( 1605): Ignoring open file descriptor 31
05-29 12:05:53.420 D/Zygote  ( 1605): Forked child process 2362
05-29 12:05:53.420 D/MultiSimSettingController( 2104): onSubscriptionsChanged
05-29 12:05:53.422 I/KeyboardViewUtil( 2242): systemKeyboardHeightRatio:1.000000; userKeyboardHeightRatio:1.000000.
05-29 12:05:53.426 I/ActivityManager( 1847): Start proc 2362:com.google.android.deskclock/u0a117 for broadcast com.google.android.deskclock/com.android.deskclock.AlarmInitReceiver
05-29 12:05:53.440 W/droid.deskcloc( 2362): Unexpected CPU variant for X86 using defaults: x86
05-29 12:05:53.443 E/ActivityThread( 2341): Failed to find provider info for com.google.android.gsf.gservices
05-29 12:05:53.449 D/ServiceStateProvider( 2104): subId=-1
05-29 12:05:53.457 E/BluetoothAdapter( 1976): Bluetooth binder is null
05-29 12:05:53.475 E/droid.deskcloc( 2362): Not starting debugger since process cannot load the jdwp agent.
05-29 12:05:53.491 I/ConfigNotification( 2242): Get device mode by ui mode:1 and smallestScreenWidthDp:411
05-29 12:05:53.497 I/TelecomFramework( 2104): : onSubscriptionsChanged - update accounts
05-29 12:05:53.499 I/TelecomFramework( 2104): PstnIncomingCallNotifier: Unregistering: Handler (com.android.internal.telephony.GsmCdmaPhone) {68c047f}
05-29 12:05:53.499 I/TelecomFramework( 2104): TelecomAccountRegistry: setupAccounts: Found 1 phones.  Attempting to register.
05-29 12:05:53.499 I/TelecomFramework( 2104): TelecomAccountRegistry: setupAccounts: Phone with subscription id -1
05-29 12:05:53.499 I/TelecomFramework( 2104): TelecomAccountRegistry: setupAccounts: adding default
05-29 12:05:53.500 E/PhoneInterfaceManager( 2104): [PhoneIntfMgr] getIccId: No UICC
05-29 12:05:53.502 E/PhoneInterfaceManager( 2104): [PhoneIntfMgr] isRttSupported: no Phone found. Invalid subId:-1
05-29 12:05:53.506 E/ActivityThread( 2341): Failed to find provider info for com.google.android.gsf.gservices
05-29 12:05:53.511 I/Telecom ( 1847): PhoneAccountRegistrar: Modify account: [ComponentInfo{com.android.phone/com.android.services.telephony.TelephonyConnectionService}, ***, UserHandle{0}]: TSI.rPA@AAo
05-29 12:05:53.512 I/Telecom ( 1847): CallsManager: handlePhoneAccountChanged: phoneAccount=[[X] PhoneAccount: ComponentInfo{com.android.phone/com.android.services.telephony.TelephonyConnectionService}, ***, UserHandle{0} Capabilities: CallProvider MultiUser PlaceEmerg SimSub  Audio Routes: BESW Schemes: tel voicemail  Extras: Bundle[{android.telecom.extra.SUPPORTS_VIDEO_CALLING_FALLBACK=true}] GroupId: ***]: TSI.rPA@AAo
05-29 12:05:53.513 I/TelecomFramework( 2104): AccountEntry: Registered phoneAccount: [[ ] PhoneAccount: ComponentInfo{com.android.phone/com.android.services.telephony.TelephonyConnectionService}, ***, UserHandle{0} Capabilities: CallProvider MultiUser PlaceEmerg SimSub  Audio Routes: BESW Schemes: tel voicemail  Extras: Bundle[{android.telecom.extra.SUPPORTS_VIDEO_CALLING_FALLBACK=true}] GroupId: ***] with handle: ComponentInfo{com.android.phone/com.android.services.telephony.TelephonyConnectionService}, ***, UserHandle{0}
05-29 12:05:53.513 I/TelecomFramework( 2104): PstnIncomingCallNotifier: Registering: Handler (com.android.internal.telephony.GsmCdmaPhone) {68c047f}
05-29 12:05:53.522 W/PhoneGlobals( 2104): Can't get phone with sub id = -1
05-29 12:05:53.525 W/DirectBootExitBR( 2341): User is in direct boot mode.
05-29 12:05:53.530 E/ActivityThread( 2341): Failed to find provider info for com.google.android.gsf.gservices
05-29 12:05:53.548 V/WifiManager( 1976): registerSoftApCallback: callback=com.android.systemui.statusbar.policy.HotspotControllerImpl@8f6dee4, handler=Handler (android.os.Handler) {15e8f4d}
05-29 12:05:53.554 D/ApplicationLoaders( 2362): Returning zygote-cached class loader: /system/framework/android.hidl.base-V1.0-java.jar
05-29 12:05:53.555 D/ApplicationLoaders( 2362): Returning zygote-cached class loader: /system/framework/android.hidl.manager-V1.0-java.jar
05-29 12:05:53.555 D/ApplicationLoaders( 2362): Returning zygote-cached class loader: /system/framework/android.hidl.base-V1.0-java.jar
05-29 12:05:53.560 I/ModuleManager( 2242): Unexpected key 'com.google.android.gms.version' does not match 'module:'
05-29 12:05:53.602 I/KeyguardBouncer( 1976): KeyguardBouncer.hide (b/113914868): destroyView=true
05-29 12:05:53.603 D/KeyguardViewMediator( 1976): adjustStatusBarLocked (b/113914868): flags=0mShowing=false mStatusBarManager=android.app.StatusBarManager@47f6d8b mOccluded=false isSecure=false force=false
05-29 12:05:53.605 D/StatusBarManagerService( 1847): disabledlocked (b/113914868): displayId=0, net1=0, mDisabled1=0, token=android.os.BinderProxy@78492a2, mDisableRecords=2 => {     ([0] userId=0 what1=0x00000000 what2=0x00000000 pkg=Window{88de5cf u0 com.android.settings/com.android.settings.FallbackHome} token=android.os.Binder@972366d),     ([1] userId=0 what1=0x00000000 what2=0x00000000 pkg=com.android.systemui token=android.os.BinderProxy@78492a2),  }
05-29 12:05:53.609 I/SecurityController( 1976): failed to get CA certs
05-29 12:05:53.609 I/SecurityController( 1976): java.lang.AssertionError: could not bind to KeyChainService
05-29 12:05:53.609 I/SecurityController( 1976): 	at android.security.KeyChain.bindAsUser(KeyChain.java:814)
05-29 12:05:53.609 I/SecurityController( 1976): 	at com.android.systemui.statusbar.policy.SecurityControllerImpl$CACertLoader.doInBackground(SecurityControllerImpl.java:415)
05-29 12:05:53.609 I/SecurityController( 1976): 	at com.android.systemui.statusbar.policy.SecurityControllerImpl$CACertLoader.doInBackground(SecurityControllerImpl.java:411)
05-29 12:05:53.609 I/SecurityController( 1976): 	at android.os.AsyncTask$3.call(AsyncTask.java:378)
05-29 12:05:53.609 I/SecurityController( 1976): 	at java.util.concurrent.FutureTask.run(FutureTask.java:266)
05-29 12:05:53.609 I/SecurityController( 1976): 	at android.os.AsyncTask$SerialExecutor$1.run(AsyncTask.java:289)
05-29 12:05:53.609 I/SecurityController( 1976): 	at java.util.concurrent.ThreadPoolExecutor.runWorker(ThreadPoolExecutor.java:1167)
05-29 12:05:53.609 I/SecurityController( 1976): 	at java.util.concurrent.ThreadPoolExecutor$Worker.run(ThreadPoolExecutor.java:641)
05-29 12:05:53.609 I/SecurityController( 1976): 	at java.lang.Thread.run(Thread.java:919)
05-29 12:05:53.612 I/droid.deskcloc( 2362): The ClassLoaderContext is a special shared library.
05-29 12:05:53.617 W/SystemUIService( 1976): Initialization of com.android.systemui.SystemBars took 1381 ms
05-29 12:05:53.618 I/droid.deskcloc( 2362): Failed to add image file Rejecting application image due to class loader mismatch: 'Mismatch in shared libraries'
05-29 12:05:53.628 I/ShortcutsDataManager( 2242): startImportContentTask()
05-29 12:05:53.628 I/ShortcutsDataManager( 2242): onImportAborted()
05-29 12:05:53.612 I/chatty  ( 2341): uid=10094 com.google.android.gms.persistent identical 5 lines
05-29 12:05:53.616 E/ActivityThread( 2341): Failed to find provider info for com.google.android.gsf.gservices
05-29 12:05:53.629 E/LoadedApk( 2362): Unable to instantiate appComponentFactory
05-29 12:05:53.629 E/LoadedApk( 2362): java.lang.ClassNotFoundException: Didn't find class "android.support.v4.app.CoreComponentFactory" on path: DexPathList[[zip file "/system/product/app/PrebuiltDeskClockGoogle/PrebuiltDeskClockGoogle.apk"],nativeLibraryDirectories=[/system/product/app/PrebuiltDeskClockGoogle/lib/x86, /system/lib, /system/product/lib, /system/lib, /system/product/lib]]
05-29 12:05:53.629 E/LoadedApk( 2362): 	at dalvik.system.BaseDexClassLoader.findClass(BaseDexClassLoader.java:196)
05-29 12:05:53.629 E/LoadedApk( 2362): 	at java.lang.ClassLoader.loadClass(ClassLoader.java:379)
05-29 12:05:53.629 E/LoadedApk( 2362): 	at java.lang.ClassLoader.loadClass(ClassLoader.java:312)
05-29 12:05:53.629 E/LoadedApk( 2362): 	at android.app.LoadedApk.createAppFactory(LoadedApk.java:256)
05-29 12:05:53.629 E/LoadedApk( 2362): 	at android.app.LoadedApk.createOrUpdateClassLoaderLocked(LoadedApk.java:865)
05-29 12:05:53.629 E/LoadedApk( 2362): 	at android.app.LoadedApk.getClassLoader(LoadedApk.java:958)
05-29 12:05:53.629 E/LoadedApk( 2362): 	at android.app.LoadedApk.getResources(LoadedApk.java:1196)
05-29 12:05:53.629 E/LoadedApk( 2362): 	at android.app.ContextImpl.createAppContext(ContextImpl.java:2462)
05-29 12:05:53.629 E/LoadedApk( 2362): 	at android.app.ContextImpl.createAppContext(ContextImpl.java:2454)
05-29 12:05:53.629 E/LoadedApk( 2362): 	at android.app.ActivityThread.handleBindApplication(ActivityThread.java:6105)
05-29 12:05:53.629 E/LoadedApk( 2362): 	at android.app.ActivityThread.access$1100(ActivityThread.java:211)
05-29 12:05:53.629 E/LoadedApk( 2362): 	at android.app.ActivityThread$H.handleMessage(ActivityThread.java:1778)
05-29 12:05:53.629 E/LoadedApk( 2362): 	at android.os.Handler.dispatchMessage(Handler.java:107)
05-29 12:05:53.629 E/LoadedApk( 2362): 	at android.os.Looper.loop(Looper.java:214)
05-29 12:05:53.629 E/LoadedApk( 2362): 	at android.app.ActivityThread.main(ActivityThread.java:7116)
05-29 12:05:53.629 E/LoadedApk( 2362): 	at java.lang.reflect.Method.invoke(Native Method)
05-29 12:05:53.629 E/LoadedApk( 2362): 	at com.android.internal.os.RuntimeInit$MethodAndArgsCaller.run(RuntimeInit.java:492)
05-29 12:05:53.629 E/LoadedApk( 2362): 	at com.android.internal.os.ZygoteInit.main(ZygoteInit.java:925)
05-29 12:05:53.634 D/MccTable( 2104): updateMccMncConfiguration mccmnc='310260
05-29 12:05:53.634 D/MccTable( 2104): updateMccMncConfiguration: mcc=310, mnc=260
05-29 12:05:53.644 W/InputMethodEntryManager( 2242): getEnabledMultilingualSecondaryLanguages is called before initialized
05-29 12:05:53.654 D/StorageNotification( 1976): Notifying about private volume: VolumeInfo{private}:
05-29 12:05:53.654 D/StorageNotification( 1976):     type=PRIVATE diskId=null partGuid=null mountFlags=0 mountUserId=-10000 
05-29 12:05:53.654 D/StorageNotification( 1976):     state=MOUNTED 
05-29 12:05:53.654 D/StorageNotification( 1976):     fsType=null fsUuid=null fsLabel=null 
05-29 12:05:53.654 D/StorageNotification( 1976):     path=/data internalPath=null 
05-29 12:05:53.656 D/StorageNotification( 1976): Notifying about public volume: VolumeInfo{public:253,80}:
05-29 12:05:53.656 D/StorageNotification( 1976):     type=PUBLIC diskId=disk:253,80 partGuid= mountFlags=VISIBLE mountUserId=0 
05-29 12:05:53.656 D/StorageNotification( 1976):     state=MOUNTED 
05-29 12:05:53.656 D/StorageNotification( 1976):     fsType=vfat fsUuid=1515-1202 fsLabel=SDCARD 
05-29 12:05:53.656 D/StorageNotification( 1976):     path=/storage/1515-1202 internalPath=/mnt/media_rw/1515-1202 
05-29 12:05:53.658 D/AlarmManagerService( 1847): Kernel timezone updated to 240 minutes west of GMT
05-29 12:05:53.663 D/MccTable( 2104): timezone set to America/New_York
05-29 12:05:53.663 D/MccTable( 2104): updateMccMncConfiguration updateConfig config={0.0 310mcc260mnc ?localeList ?layoutDir ?swdp ?wdp ?hdp ?density ?lsize ?long ?ldr ?wideColorGamut ?orien ?uimode ?night ?touch ?keyb/?/? ?nav/? winConfig={ mBounds=Rect(0, 0 - 0, 0) mAppBounds=null mWindowingMode=undefined mDisplayWindowingMode=undefined mActivityType=undefined mAlwaysOnTop=undefined mRotation=undefined}}
05-29 12:05:53.666 D/ConditionProviders.SCP( 1847): onReceive android.intent.action.TIMEZONE_CHANGED
05-29 12:05:53.666 D/ConditionProviders.SCP( 1847): evaluateSubscriptionLocked cal=ScheduleCalendar[mDays={1, 2, 3, 4, 5, 6, 7}, mSchedule=ScheduleInfo{days=[1, 2, 3, 4, 5, 6, 7], startHour=22, startMinute=0, endHour=7, endMinute=0, exitAtAlarm=true, nextAlarm=Wed Dec 31 19:00:00 EST 1969 (0)}], now=Wed May 29 12:05:53 EDT 2019 (1559145953666), nextUserAlarmTime=Wed Dec 31 19:00:00 EST 1969 (0)
05-29 12:05:53.666 D/ConditionProviders.SCP( 1847): notifyCondition condition://android/schedule?days=1.2.3.4.5.6.7&start=22.0&end=7.0&exitAtAlarm=true STATE_FALSE reason=!meetsSchedule
05-29 12:05:53.667 D/ConditionProviders.SCP( 1847): Scheduling evaluate for Wed May 29 22:00:00 EDT 2019 (1559181600000), in +9h54m6s334ms, now=Wed May 29 12:05:53 EDT 2019 (1559145953666)
05-29 12:05:53.670 E/ActivityThread( 1847): Failed to find provider info for com.android.calendar
05-29 12:05:53.672 I/ActivityTaskManager( 1847): Config changes=3 {1.0 310mcc260mnc [en_US] ldltr sw411dp w411dp h659dp 420dpi nrml port finger qwerty/v/v -nav/h winConfig={ mBounds=Rect(0, 0 - 1080, 1920) mAppBounds=Rect(0, 0 - 1080, 1794) mWindowingMode=fullscreen mDisplayWindowingMode=fullscreen mActivityType=undefined mAlwaysOnTop=undefined mRotation=ROTATION_0} s.6}
05-29 12:05:53.675 W/ContextImpl( 2362): Failed to ensure /data/user/0/com.google.android.deskclock/cache: mkdir failed: ENOENT (No such file or directory)
05-29 12:05:53.675 W/ContextImpl( 2362): Failed to update user.inode_cache: stat failed: ENOENT (No such file or directory)
05-29 12:05:53.682 E/ActivityThread( 2341): Failed to find provider info for com.google.android.gsf.gservices
05-29 12:05:53.688 E/ActivityThread( 1976): Failed to find provider info for com.android.contacts
05-29 12:05:53.689 E/ActivityThread( 1847): Failed to find provider info for com.android.calendar
05-29 12:05:53.709 I/ActivityTaskManager( 1847): Override config changes=3 {1.0 310mcc260mnc [en_US] ldltr sw411dp w411dp h659dp 420dpi nrml port finger qwerty/v/v -nav/h winConfig={ mBounds=Rect(0, 0 - 1080, 1920) mAppBounds=Rect(0, 0 - 1080, 1794) mWindowingMode=fullscreen mDisplayWindowingMode=fullscreen mActivityType=undefined mAlwaysOnTop=undefined mRotation=ROTATION_0} s.6} for displayId=0
05-29 12:05:53.737 I/TelecomFramework( 2104): PstnPhoneCapabilitiesNotifier: handleVideoCapabilitesChanged. Video capability - false
05-29 12:05:53.748 E/PhoneInterfaceManager( 2104): [PhoneIntfMgr] getIccId: No UICC
05-29 12:05:53.755 E/PhoneInterfaceManager( 2104): [PhoneIntfMgr] isRttSupported: no Phone found. Invalid subId:-1
05-29 12:05:53.762 W/ContextImpl( 2362): Failed to ensure /data/user/0/com.google.android.deskclock/shared_prefs: mkdir failed: ENOENT (No such file or directory)
05-29 12:05:53.768 I/ModuleManager( 2242): initializeModules() : WaitTime = 49 ms : RunTime = 781 ms
05-29 12:05:53.770 E/ActivityThread( 2341): Failed to find provider info for com.google.android.gsf.gservices
05-29 12:05:53.807 I/ShortcutsDataManager( 2242): startImportContentTask()
05-29 12:05:53.808 I/ShortcutsDataManager( 2242): onImportAborted()
05-29 12:05:53.811 I/DeviceStatusMonitor( 2242): onReceive() : Action = android.intent.action.CONFIGURATION_CHANGED
05-29 12:05:53.812 I/ConfigNotification( 2242): Get device mode by ui mode:1 and smallestScreenWidthDp:411
05-29 12:05:53.796 E/ActivityThread( 2341): Failed to find provider info for com.google.android.gsf.gservices
05-29 12:05:53.813 I/Telecom ( 1847): PhoneAccountRegistrar: Modify account: [ComponentInfo{com.android.phone/com.android.services.telephony.TelephonyConnectionService}, ***, UserHandle{0}]: TSI.rPA@AA4
05-29 12:05:53.828 I/Telecom ( 1847): CallsManager: handlePhoneAccountChanged: phoneAccount=[[X] PhoneAccount: ComponentInfo{com.android.phone/com.android.services.telephony.TelephonyConnectionService}, ***, UserHandle{0} Capabilities: CallProvider MultiUser PlaceEmerg SimSub  Audio Routes: BESW Schemes: tel voicemail  Extras: Bundle[{android.telecom.extra.SUPPORTS_VIDEO_CALLING_FALLBACK=true}] GroupId: ***]: TSI.rPA@AA4
05-29 12:05:53.812 I/ConfigNotification( 2242): Get device mode by ui mode:1 and smallestScreenWidthDp:411
05-29 12:05:53.882 D/EGL_emulation( 2122): eglMakeCurrent: 0xe9469dc0: ver 2 0 (tinfo 0xdd0463f0)
05-29 12:05:53.889 D/gralloc_ranchu( 1620): gralloc_alloc: Creating ashmem region of size 8298496
05-29 12:05:53.890 W/DynamiteModule( 2341): Local module descriptor class for providerinstaller not found.
05-29 12:05:53.901 D/        ( 1632): HostConnection::get() New Host Connection established 0xe871d470, tid 1971
05-29 12:05:53.902 D/        ( 1632): HostComposition ext ANDROID_EMU_CHECKSUM_HELPER_v1 ANDROID_EMU_dma_v1 ANDROID_EMU_host_composition_v1 GL_OES_vertex_array_object GL_KHR_texture_compression_astc_ldr ANDROID_EMU_gles_max_version_2 
05-29 12:05:53.912 W/PrimesInit( 2362): Primes instant initialization
05-29 12:05:53.917 W/ProviderHelper( 2341): Unknown dynamite feature providerinstaller
05-29 12:05:53.918 E/ActivityThread( 2341): Failed to find provider info for com.google.android.gsf.gservices
05-29 12:05:53.918 I/DynamiteModule( 2341): Considering local module providerinstaller:0 and remote module providerinstaller:0
05-29 12:05:53.921 I/GAv4    ( 2362): Google Analytics 11.0.11 is starting up. To enable debug logging on a device run:
05-29 12:05:53.921 I/GAv4    ( 2362):   adb shell setprop log.tag.GAv4 DEBUG
05-29 12:05:53.921 I/GAv4    ( 2362):   adb logcat -s GAv4
05-29 12:05:53.921 W/ContextImpl( 2362): Failed to ensure /data/user/0/com.google.android.deskclock/shared_prefs: mkdir failed: ENOENT (No such file or directory)
05-29 12:05:53.922 W/Primes  ( 2362): background initialization
05-29 12:05:53.924 W/ProviderInstaller( 2341): Failed to load providerinstaller module: No acceptable module found. Local version is 0 and remote version is 0.
05-29 12:05:53.930 D/EGL_emulation( 2122): eglMakeCurrent: 0xe9469dc0: ver 2 0 (tinfo 0xdd0463f0)
05-29 12:05:53.918 E/ActivityThread( 2341): Failed to find provider info for com.google.android.gsf.gservices
05-29 12:05:53.946 E/ActivityThread( 2362): Failed to find provider info for com.google.android.gsf.gservices
05-29 12:05:53.950 W/ContextImpl( 2362): Failed to ensure /data/user/0/com.google.android.deskclock/shared_prefs: mkdir failed: ENOENT (No such file or directory)
05-29 12:05:53.966 W/Primes  ( 2362): Primes failed to initialized in the background
05-29 12:05:53.966 W/Primes  ( 2362): java.lang.IllegalStateException: SharedPreferences in credential encrypted storage are not available until after user is unlocked
05-29 12:05:53.966 W/Primes  ( 2362): 	at android.app.ContextImpl.getSharedPreferences(ContextImpl.java:458)
05-29 12:05:53.966 W/Primes  ( 2362): 	at android.app.ContextImpl.getSharedPreferences(ContextImpl.java:443)
05-29 12:05:53.966 W/Primes  ( 2362): 	at android.content.ContextWrapper.getSharedPreferences(ContextWrapper.java:178)
05-29 12:05:53.966 W/Primes  ( 2362): 	at ckw.a(PG:4)
05-29 12:05:53.966 W/Primes  ( 2362): 	at cko.a(PG:48)
05-29 12:05:53.966 W/Primes  ( 2362): 	at ckq.run(PG:3)
05-29 12:05:53.966 W/Primes  ( 2362): 	at java.util.concurrent.Executors$RunnableAdapter.call(Executors.java:462)
05-29 12:05:53.966 W/Primes  ( 2362): 	at java.util.concurrent.FutureTask.run(FutureTask.java:266)
05-29 12:05:53.966 W/Primes  ( 2362): 	at java.util.concurrent.ThreadPoolExecutor.runWorker(ThreadPoolExecutor.java:1167)
05-29 12:05:53.966 W/Primes  ( 2362): 	at java.util.concurrent.ThreadPoolExecutor$Worker.run(ThreadPoolExecutor.java:641)
05-29 12:05:53.966 W/Primes  ( 2362): 	at cll.run(PG:5)
05-29 12:05:53.966 W/Primes  ( 2362): 	at java.lang.Thread.run(Thread.java:919)
05-29 12:05:53.979 W/BestClock( 1847): java.time.DateTimeException: Missing NTP fix
05-29 12:05:53.979 W/BestClock( 1847): java.time.DateTimeException: Missing NTP fix
05-29 12:05:53.979 D/MultiSimSettingController( 2104): onSubscriptionsChanged
05-29 12:05:53.980 I/netd    ( 1604): bandwidthSetGlobalAlert(2097152) <0.10936ms>
05-29 12:05:53.981 D/TelephonyProvider( 2104): subIdString = -1 subId = -1
05-29 12:05:53.988 D/InterruptionStateProvider( 1976): heads up is enabled
05-29 12:05:53.992 D/TelephonyProvider( 2104): getPreferredApnIdFromApn: for subId -1
05-29 12:05:53.997 D/skia    ( 1976): --- Failed to create image decoder with message 'unimplemented'
05-29 12:05:53.997 D/ProtoStore( 1976): no cached data
05-29 12:05:54.000 V/NativeCrypto( 2341): Registering com/google/android/gms/org/conscrypt/NativeCrypto's 284 native methods...
05-29 12:05:54.001 I/AlarmClock( 2362): AlarmInitReceiver android.intent.action.TIMEZONE_CHANGED
05-29 12:05:54.005 D/gralloc_ranchu( 1620): gralloc_alloc: Creating ashmem region of size 8298496
05-29 12:05:54.024 D/StatusBar( 1976): disable<e i a s b h r c s > disable2<q i n >
05-29 12:05:54.028 W/ContextImpl( 2362): Failed to ensure /data/user/0/com.google.android.deskclock/databases: mkdir failed: ENOENT (No such file or directory)
05-29 12:05:54.032 D/Tonal   ( 1976): Tonal Palette - index: 10. Main color: ffe590b7
05-29 12:05:54.032 D/Tonal   ( 1976): Colors: ff060104, ff1b0613, ff2f0b23, ff481135, ff671850, ff861f5d, ffa42773, ffbe4d91, ffd85a9e, ffde73aa, ffe590b7, ffefb9d1, fff5d6e5
05-29 12:05:54.032 D/Tonal   ( 1976): Gradients: 
05-29 12:05:54.032 D/Tonal   ( 1976): 	Normal GradientColors(ffe590b7, ffe590b7)
05-29 12:05:54.032 D/Tonal   ( 1976): 	Dark GradientColors(ff481135, ff481135)
05-29 12:05:54.032 D/Tonal   ( 1976): 	Extra dark: GradientColors(ff2f0b23, ff2f0b23)
05-29 12:05:54.032 D/Tonal   ( 1976): Tonal Palette - index: 10. Main color: ffe590b7
05-29 12:05:54.032 D/Tonal   ( 1976): Colors: ff060104, ff1b0613, ff2f0b23, ff481135, ff671850, ff861f5d, ffa42773, ffbe4d91, ffd85a9e, ffde73aa, ffe590b7, ffefb9d1, fff5d6e5
05-29 12:05:54.032 D/Tonal   ( 1976): Gradients: 
05-29 12:05:54.032 D/Tonal   ( 1976): 	Normal GradientColors(ffe590b7, ffe590b7)
05-29 12:05:54.032 D/Tonal   ( 1976): 	Dark GradientColors(ff481135, ff481135)
05-29 12:05:54.032 D/Tonal   ( 1976): 	Extra dark: GradientColors(ff2f0b23, ff2f0b23)
05-29 12:05:54.062 I/TelecomFramework( 2104): : onSubscriptionsChanged - update accounts
05-29 12:05:54.063 I/TelecomFramework( 2104): PstnIncomingCallNotifier: Unregistering: Handler (com.android.internal.telephony.GsmCdmaPhone) {68c047f}
05-29 12:05:54.063 I/TelecomFramework( 2104): TelecomAccountRegistry: setupAccounts: Found 1 phones.  Attempting to register.
05-29 12:05:54.063 I/TelecomFramework( 2104): TelecomAccountRegistry: setupAccounts: Phone with subscription id -1
05-29 12:05:54.063 I/TelecomFramework( 2104): TelecomAccountRegistry: setupAccounts: adding default
05-29 12:05:54.068 E/PhoneInterfaceManager( 2104): [PhoneIntfMgr] getIccId: No UICC
05-29 12:05:54.071 E/PhoneInterfaceManager( 2104): [PhoneIntfMgr] isRttSupported: no Phone found. Invalid subId:-1
05-29 12:05:54.084 D/NetworkSecurityConfig( 2341): Using Network Security Config from resource network_security_config debugBuild: false
05-29 12:05:54.085 I/Telecom ( 1847): PhoneAccountRegistrar: Modify account: [ComponentInfo{com.android.phone/com.android.services.telephony.TelephonyConnectionService}, ***, UserHandle{0}(addr: tel:************ -> tel:)(subAddr: tel:************ -> tel:)]: TSI.rPA@AA8
05-29 12:05:54.086 I/Telecom ( 1847): CallsManager: handlePhoneAccountChanged: phoneAccount=[[X] PhoneAccount: ComponentInfo{com.android.phone/com.android.services.telephony.TelephonyConnectionService}, ***, UserHandle{0} Capabilities: CallProvider MultiUser PlaceEmerg SimSub  Audio Routes: BESW Schemes: tel voicemail  Extras: Bundle[{android.telecom.extra.SUPPORTS_VIDEO_CALLING_FALLBACK=true}] GroupId: ***]: TSI.rPA@AA8
05-29 12:05:54.087 I/ProviderInstaller( 2341): Installed default security provider GmsCore_OpenSSL
05-29 12:05:54.087 I/TelecomFramework( 2104): AccountEntry: Registered phoneAccount: [[ ] PhoneAccount: ComponentInfo{com.android.phone/com.android.services.telephony.TelephonyConnectionService}, ***, UserHandle{0} Capabilities: CallProvider MultiUser PlaceEmerg SimSub  Audio Routes: BESW Schemes: tel voicemail  Extras: Bundle[{android.telecom.extra.SUPPORTS_VIDEO_CALLING_FALLBACK=true}] GroupId: ***] with handle: ComponentInfo{com.android.phone/com.android.services.telephony.TelephonyConnectionService}, ***, UserHandle{0}
05-29 12:05:54.087 I/TelecomFramework( 2104): PstnIncomingCallNotifier: Registering: Handler (com.android.internal.telephony.GsmCdmaPhone) {68c047f}
05-29 12:05:54.089 I/Choreographer( 1976): Skipped 112 frames!  The application may be doing too much work on its main thread.
05-29 12:05:54.094 E/ActivityThread( 2341): Failed to find provider info for com.google.android.gsf.gservices
05-29 12:05:54.101 D/gralloc_ranchu( 1620): gralloc_alloc: Creating ashmem region of size 8298496
05-29 12:05:54.100 I/chatty  ( 2341): uid=10094 com.google.android.gms.persistent identical 2 lines
05-29 12:05:54.101 E/ActivityThread( 2341): Failed to find provider info for com.google.android.gsf.gservices
05-29 12:05:54.111 I/TelecomFramework( 2104): PstnPhoneCapabilitiesNotifier: handleVideoCapabilitesChanged. Video capability - false
05-29 12:05:54.119 E/PhoneInterfaceManager( 2104): [PhoneIntfMgr] getIccId: No UICC
05-29 12:05:54.122 D/        ( 1632): HostConnection::get() New Host Connection established 0xe871d4c0, tid 1724
05-29 12:05:54.125 E/PhoneInterfaceManager( 2104): [PhoneIntfMgr] isRttSupported: no Phone found. Invalid subId:-1
05-29 12:05:54.130 D/        ( 1632): HostComposition ext ANDROID_EMU_CHECKSUM_HELPER_v1 ANDROID_EMU_dma_v1 ANDROID_EMU_host_composition_v1 GL_OES_vertex_array_object GL_KHR_texture_compression_astc_ldr ANDROID_EMU_gles_max_version_2 
05-29 12:05:54.133 E/ActivityThread( 2341): Failed to find provider info for com.google.android.gsf.gservices
05-29 12:05:54.139 I/Telecom ( 1847): PhoneAccountRegistrar: Modify account: [ComponentInfo{com.android.phone/com.android.services.telephony.TelephonyConnectionService}, ***, UserHandle{0}]: TSI.rPA@ABI
05-29 12:05:54.141 I/Telecom ( 1847): CallsManager: handlePhoneAccountChanged: phoneAccount=[[X] PhoneAccount: ComponentInfo{com.android.phone/com.android.services.telephony.TelephonyConnectionService}, ***, UserHandle{0} Capabilities: CallProvider MultiUser PlaceEmerg SimSub  Audio Routes: BESW Schemes: tel voicemail  Extras: Bundle[{android.telecom.extra.SUPPORTS_VIDEO_CALLING_FALLBACK=true}] GroupId: ***]: TSI.rPA@ABI
05-29 12:05:54.147 D/libEGL  ( 1976): Emulator has host GPU support, qemu.gles is set to 1.
05-29 12:05:54.160 E/ActivityThread( 2341): Failed to find provider info for com.google.android.gsf.gservices
05-29 12:05:54.161 W/libc    ( 1976): Unable to set property "qemu.gles" to "1": error code: 0x18
05-29 12:05:54.162 E/vndksupport( 1976): Could not load /vendor/lib/egl/libGLES_emulation.so from sphal namespace: dlopen failed: library "/vendor/lib/egl/libGLES_emulation.so" not found.
05-29 12:05:54.162 E/libEGL  ( 1976): load_driver(/vendor/lib/egl/libGLES_emulation.so): unknown
05-29 12:05:54.166 D/libEGL  ( 1976): loaded /vendor/lib/egl/libEGL_emulation.so
05-29 12:05:54.167 D/libEGL  ( 1976): loaded /vendor/lib/egl/libGLESv1_CM_emulation.so
05-29 12:05:54.184 D/libEGL  ( 1976): loaded /vendor/lib/egl/libGLESv2_emulation.so
05-29 12:05:54.186 I/AlarmClock( 2362): Connected Dock: null
05-29 12:05:54.201 D/        ( 1976): HostConnection::get() New Host Connection established 0xbfe16230, tid 2273
05-29 12:05:54.202 D/TelephonyProvider( 2104): subIdString = 1 subId = 1
05-29 12:05:54.204 D/        ( 1976): HostComposition ext ANDROID_EMU_CHECKSUM_HELPER_v1 ANDROID_EMU_dma_v1 ANDROID_EMU_host_composition_v1 GL_OES_vertex_array_object GL_KHR_texture_compression_astc_ldr ANDROID_EMU_gles_max_version_2 
05-29 12:05:54.205 E/EGL_emulation( 1976): tid 2273: eglQueryString(923): error 0x3008 (EGL_BAD_DISPLAY)
05-29 12:05:54.211 D/OpenGLRenderer( 1976): Swap behavior 1
05-29 12:05:54.211 I/AlarmClock( 2362): Removing AlarmClockInfo
05-29 12:05:54.213 W/OpenGLRenderer( 1976): Failed to choose config with EGL_SWAP_BEHAVIOR_PRESERVED, retrying without...
05-29 12:05:54.213 D/OpenGLRenderer( 1976): Swap behavior 0
05-29 12:05:54.234 D/eglCodecCommon( 1976): setVertexArrayObject: set vao to 0 (0) 0 0
05-29 12:05:54.234 D/EGL_emulation( 1976): eglCreateContext: 0xdd01e0a0: maj 2 min 0 rcv 2
05-29 12:05:54.238 D/TelephonyProvider( 2104): subIdString = 1 subId = 1
05-29 12:05:54.244 I/GmsApplication( 2341): Registering the BackgroundBroadcastReceiverSupport receiver.
05-29 12:05:54.250 D/EGL_emulation( 1976): eglMakeCurrent: 0xdd01e0a0: ver 2 0 (tinfo 0xd1304f60)
05-29 12:05:54.212 I/chatty  ( 2341): uid=10094 com.google.android.gms.persistent identical 9 lines
05-29 12:05:54.223 E/ActivityThread( 2341): Failed to find provider info for com.google.android.gsf.gservices
05-29 12:05:54.267 D/MccTable( 2104): updateMccMncConfiguration mccmnc='310260
05-29 12:05:54.267 D/MccTable( 2104): updateMccMncConfiguration: mcc=310, mnc=260
05-29 12:05:54.267 D/MccTable( 2104): updateMccMncConfiguration updateConfig config={0.0 310mcc260mnc ?localeList ?layoutDir ?swdp ?wdp ?hdp ?density ?lsize ?long ?ldr ?wideColorGamut ?orien ?uimode ?night ?touch ?keyb/?/? ?nav/? winConfig={ mBounds=Rect(0, 0 - 0, 0) mAppBounds=null mWindowingMode=undefined mDisplayWindowingMode=undefined mActivityType=undefined mAlwaysOnTop=undefined mRotation=undefined}}
05-29 12:05:54.269 D/gralloc_ranchu( 1620): gralloc_alloc: Creating ashmem region of size 544768
05-29 12:05:54.274 I/hwservicemanager( 1512): getTransport: Cannot find entry android.hardware.graphics.mapper@3.0::IMapper/default in either framework or device manifest.
05-29 12:05:54.274 W/Gralloc3( 1976): mapper 3.x is not supported
05-29 12:05:54.276 D/        ( 1976): createUnique: call
05-29 12:05:54.276 D/        ( 1976): HostConnection::get() New Host Connection established 0xbfe16550, tid 2273
05-29 12:05:54.282 D/        ( 1976): HostComposition ext ANDROID_EMU_CHECKSUM_HELPER_v1 ANDROID_EMU_dma_v1 ANDROID_EMU_host_composition_v1 GL_OES_vertex_array_object GL_KHR_texture_compression_astc_ldr ANDROID_EMU_gles_max_version_2 
05-29 12:05:54.285 D/gralloc_ranchu( 1620): gralloc_alloc: Creating ashmem region of size 544768
05-29 12:05:54.288 D/EGL_emulation( 1976): eglMakeCurrent: 0xdd01e0a0: ver 2 0 (tinfo 0xd1304f60)
05-29 12:05:54.293 D/gralloc_ranchu( 1620): gralloc_alloc: Creating ashmem region of size 544768
05-29 12:05:54.294 D/TelephonyProvider( 2104): match current APN size:  1
05-29 12:05:54.297 D/TelephonyProvider( 2104): match MNO APN: 1
05-29 12:05:54.315 D/eglCodecCommon( 1976): setVertexArrayObject: set vao to 0 (0) 1 0
05-29 12:05:54.362 I/OpenGLRenderer( 1976): Davey! duration=2142ms; Flags=1, IntendedVsync=10896704642, Vsync=12763371234, OldestInputEvent=9223372036854775807, NewestInputEvent=0, HandleInputStart=12771299290, AnimationStart=12771329760, PerformTraversalsStart=12771964150, DrawStart=12967554980, SyncQueued=12967638370, SyncStart=12972516240, IssueDrawCommandsStart=12972586160, SwapBuffers=12999082990, FrameCompleted=13044084230, DequeueBufferDuration=60000, QueueBufferDuration=198000, 
05-29 12:05:54.366 E/ActivityThread( 2341): Failed to find provider info for com.google.android.gsf.gservices
05-29 12:05:54.380 I/GmsReceiverSupport( 2341): Registered Receiver for 19+1 IntentFilters
05-29 12:05:54.396 D/MultiSimSettingController( 2104): onDefaultDataSettingChanged
05-29 12:05:54.398 D/TelephonyProvider( 2104): subIdString = 1 subId = 1
05-29 12:05:54.414 I/chatty  ( 2341): uid=10094 com.google.android.gms.persistent identical 3 lines
05-29 12:05:54.418 E/ActivityThread( 2341): Failed to find provider info for com.google.android.gsf.gservices
05-29 12:05:54.424 I/TelecomFramework( 2104): PstnIncomingCallNotifier: Unregistering: Handler (com.android.internal.telephony.GsmCdmaPhone) {68c047f}
05-29 12:05:54.424 I/TelecomFramework( 2104): TelecomAccountRegistry: setupAccounts: Found 1 phones.  Attempting to register.
05-29 12:05:54.424 I/TelecomFramework( 2104): TelecomAccountRegistry: setupAccounts: Phone with subscription id 1
05-29 12:05:54.426 E/ActivityThread( 2341): Failed to find provider info for com.google.android.gsf.gservices
05-29 12:05:54.427 I/TelecomFramework( 2104): TelecomAccountRegistry: setupAccounts: adding default
05-29 12:05:54.430 E/ActivityThread( 2341): Failed to find provider info for com.google.android.gsf.gservices
05-29 12:05:54.433 E/ActivityThread( 2341): Failed to find provider info for com.google.android.gsf.gservices
05-29 12:05:54.507 W/ActivityManager( 1847): Slow operation: 70ms so far, now at getContentProviderImpl: after resolveContentProvider
05-29 12:05:54.509 E/ActivityThread( 2341): Failed to find provider info for com.google.android.gsf.gservices
05-29 12:05:54.509 E/ActivityThread( 2292): Failed to find provider info for com.google.android.gsf.gservices
05-29 12:05:54.510 E/ActivityThread( 2341): Failed to find provider info for com.google.android.gsf.gservices
05-29 12:05:54.511 E/ActivityThread( 2292): Failed to find provider info for com.google.android.gsf.gservices
05-29 12:05:54.511 E/ActivityThread( 2341): Failed to find provider info for com.google.android.gsf.gservices
05-29 12:05:54.539 I/chatty  ( 2341): uid=10094 com.google.android.gms.persistent identical 11 lines
05-29 12:05:54.539 E/ActivityThread( 2341): Failed to find provider info for com.google.android.gsf.gservices
05-29 12:05:54.540 E/ActivityThread( 1976): Failed to find provider info for com.android.contacts
05-29 12:05:54.541 E/ActivityThread( 2341): Failed to find provider info for com.google.android.gsf.gservices
05-29 12:05:54.544 I/chatty  ( 2341): uid=10094 com.google.android.gms.persistent identical 3 lines
05-29 12:05:54.548 E/ActivityThread( 2341): Failed to find provider info for com.google.android.gsf.gservices
05-29 12:05:54.549 E/ActivityThread( 1976): Failed to find provider info for com.android.contacts
05-29 12:05:54.410 I/chatty  ( 2104): uid=1001(radio) com.android.phone identical 1 line
05-29 12:05:54.421 D/TelephonyProvider( 2104): subIdString = 1 subId = 1
05-29 12:05:54.551 W/Primes  ( 2341): Primes not initialized, returning default (no-op) Primes instance which will ignore all calls. Please call Primes.initialize(...) before using any Primes API.
05-29 12:05:54.557 I/Telecom ( 1847): PhoneAccountRegistrar: Modify account: [ComponentInfo{com.android.phone/com.android.services.telephony.TelephonyConnectionService}, ***, UserHandle{0}]: TSI.rPA@ABM
05-29 12:05:54.558 I/Telecom ( 1847): CallsManager: handlePhoneAccountChanged: phoneAccount=[[X] PhoneAccount: ComponentInfo{com.android.phone/com.android.services.telephony.TelephonyConnectionService}, ***, UserHandle{0} Capabilities: CallProvider MultiUser PlaceEmerg SimSub  Audio Routes: BESW Schemes: tel voicemail  Extras: Bundle[{android.telecom.extra.SUPPORTS_VIDEO_CALLING_FALLBACK=true}] GroupId: ***]: TSI.rPA@ABM
05-29 12:05:54.560 I/TelecomFramework( 2104): AccountEntry: Registered phoneAccount: [[ ] PhoneAccount: ComponentInfo{com.android.phone/com.android.services.telephony.TelephonyConnectionService}, ***, UserHandle{0} Capabilities: CallProvider MultiUser PlaceEmerg SimSub  Audio Routes: BESW Schemes: tel voicemail  Extras: Bundle[{android.telecom.extra.SUPPORTS_VIDEO_CALLING_FALLBACK=true}] GroupId: ***] with handle: ComponentInfo{com.android.phone/com.android.services.telephony.TelephonyConnectionService}, ***, UserHandle{0}
05-29 12:05:54.560 I/TelecomFramework( 2104): PstnIncomingCallNotifier: Registering: Handler (com.android.internal.telephony.GsmCdmaPhone) {68c047f}
05-29 12:05:54.568 I/TelecomFramework( 2104): PstnPhoneCapabilitiesNotifier: handleVideoCapabilitesChanged. Video capability - false
05-29 12:05:54.573 E/ActivityThread( 2341): Failed to find provider info for com.google.android.gsf.gservices
05-29 12:05:54.611 D/gralloc_ranchu( 1620): gralloc_alloc: Creating ashmem region of size 274432
05-29 12:05:54.615 D/StatusBar( 1976): disable<e i a s b h r c s > disable2<q i n >
05-29 12:05:54.616 D/gralloc_ranchu( 1620): gralloc_alloc: Creating ashmem region of size 274432
05-29 12:05:54.618 D/gralloc_ranchu( 1620): gralloc_alloc: Creating ashmem region of size 274432
05-29 12:05:54.622 D/EGL_emulation( 1976): eglMakeCurrent: 0xdd01e0a0: ver 2 0 (tinfo 0xd1304f60)
05-29 12:05:54.634 I/chatty  ( 2341): uid=10094 com.google.android.gms.persistent identical 8 lines
05-29 12:05:54.634 E/ActivityThread( 2341): Failed to find provider info for com.google.android.gsf.gservices
05-29 12:05:54.638 E/ActivityThread( 2341): Failed to find provider info for com.google.android.gsf.gservices
05-29 12:05:54.643 I/Telecom ( 1847): PhoneAccountRegistrar: Modify account: [ComponentInfo{com.android.phone/com.android.services.telephony.TelephonyConnectionService}, ***, UserHandle{0}]: TSI.rPA@ABY
05-29 12:05:54.644 I/Telecom ( 1847): CallsManager: handlePhoneAccountChanged: phoneAccount=[[X] PhoneAccount: ComponentInfo{com.android.phone/com.android.services.telephony.TelephonyConnectionService}, ***, UserHandle{0} Capabilities: CallProvider MultiUser PlaceEmerg SimSub  Audio Routes: BESW Schemes: tel voicemail  Extras: Bundle[{android.telecom.extra.SUPPORTS_VIDEO_CALLING_FALLBACK=true}] GroupId: ***]: TSI.rPA@ABY
05-29 12:05:54.646 D/ConnectivityService( 1847): requestNetwork for uid/pid:1001/2104 NetworkRequest [ TRACK_DEFAULT id=15, [ Capabilities: INTERNET&NOT_RESTRICTED&TRUSTED Uid: 1001] ]
05-29 12:05:54.650 D/PhoneSwitcherNetworkRequstListener( 2104): got request NetworkRequest [ TRACK_DEFAULT id=15, [ Capabilities: INTERNET&NOT_RESTRICTED&TRUSTED Uid: 1001] ] with score 0 and serial 0
05-29 12:05:54.653 E/ActivityThread( 2341): Failed to find provider info for com.google.android.gsf.gservices
05-29 12:05:54.659 I/OpenGLRenderer( 1976): Davey! duration=2443ms; Flags=1, IntendedVsync=10896704642, Vsync=12763371234, OldestInputEvent=9223372036854775807, NewestInputEvent=0, HandleInputStart=12771299290, AnimationStart=12771329760, PerformTraversalsStart=12771964150, DrawStart=13303816400, SyncQueued=13303924170, SyncStart=13305140030, IssueDrawCommandsStart=13305207380, SwapBuffers=13312502860, FrameCompleted=13341412160, DequeueBufferDuration=1798000, QueueBufferDuration=4355000, 
05-29 12:05:54.661 E/ActivityThread( 2341): Failed to find provider info for com.google.android.gsf.gservices
05-29 12:05:54.667 I/DynamiteModule( 2341): Considering local module com.google.android.gms.googlecertificates:4 and remote module com.google.android.gms.googlecertificates:4
05-29 12:05:54.667 I/DynamiteModule( 2341): Selected local version of com.google.android.gms.googlecertificates
05-29 12:05:54.677 D/TelephonyProvider( 2104): subIdString = 1 subId = 1
05-29 12:05:54.682 I/zygote  ( 1605): Ignoring open file descriptor 31
05-29 12:05:54.693 D/Zygote  ( 1605): Forked child process 2403
05-29 12:05:54.666 I/chatty  ( 2341): uid=10094 com.google.android.gms.persistent identical 1 line
05-29 12:05:54.668 E/ActivityThread( 2341): Failed to find provider info for com.google.android.gsf.gservices
05-29 12:05:54.695 I/ActivityManager( 1847): Start proc 2403:com.android.cellbroadcastreceiver/u0a50 for broadcast com.android.cellbroadcastreceiver/.CellBroadcastReceiver
05-29 12:05:54.709 D/TelephonyProvider( 2104): subIdString = 1 subId = 1
05-29 12:05:54.727 E/ActivityThread( 2341): Failed to find provider info for com.google.android.gsf.gservices
05-29 12:05:54.736 D/ConnectivityService( 1847): registerNetworkAgent NetworkAgentInfo{ ni{[type: MOBILE[LTE], state: CONNECTED/CONNECTED, reason: connected, extra: epc.tmobile.com, failover: false, available: true, roaming: false]}  network{100}  nethandle{432902426637}  lp{{InterfaceName: radio0 LinkAddresses: [ 192.168.200.2/24,fe80::c451:1dff:fe6c:66c5/64,fec0::c451:1dff:fe6c:66c5/64,fec0::d17f:5e1f:e1b8:4cb4/64 ] DnsAddresses: [ /10.0.2.3 ] Domains: null MTU: 1500 TcpBufferSizes: 524288,1048576,2097152,262144,524288,1048576 Routes: [ 0.0.0.0/0 -> 192.168.200.1 radio0,192.168.200.0/24 -> 0.0.0.0 radio0,fe80::/64 -> :: radio0,fec0::/64 -> :: radio0 ]}}  nc{[ Transports: CELLULAR Capabilities: MMS&SUPL&DUN&FOTA&IMS&CBS&IA&EIMS&INTERNET&NOT_RESTRICTED&TRUSTED&NOT_VPN&NOT_ROAMING&FOREGROUND&NOT_CONGESTED&NOT_SUSPENDED&MCX LinkUpBandwidth>=51200Kbps LinkDnBandwidth>=102400Kbps Specifier: <1>]}  Score{10}  everValidated{false}  lastValidated{false}  created{false} lingering{false} explicitlySelected{false} acceptUnvalidated{false} everCaptivePortalDetected{false} lastCaptivePortalDetected{false} captivePortalLoginNotified{false} partialConnectivity{false} acceptPartialConnectivity{false} clat{mBaseIface: null, mIface: null, mState: IDLE} }
05-29 12:05:54.743 W/oadcastreceive( 2403): Unexpected CPU variant for X86 using defaults: x86
05-29 12:05:54.746 D/TelephonyProvider( 2104): subIdString = 1 subId = 1
05-29 12:05:54.748 D/TelephonyProvider( 2104): subIdString = 1 subId = 1
05-29 12:05:54.754 E/oadcastreceive( 2403): Not starting debugger since process cannot load the jdwp agent.
05-29 12:05:54.754 D/TelephonyProvider( 2104): subIdString = 1 subId = 1
05-29 12:05:54.758 E/ActivityThread( 2341): Failed to find provider info for com.google.android.gsf.gservices
05-29 12:05:54.763 E/ActivityThread( 2341): Failed to find provider info for com.google.android.gsf.gservices
05-29 12:05:54.778 E/ActivityThread( 2341): Failed to find provider info for com.google.android.gsf.gservices
05-29 12:05:54.784 D/ConnectivityService( 1847): NetworkAgentInfo [MOBILE (LTE) - 100] EVENT_NETWORK_INFO_CHANGED, going from null to CONNECTED
05-29 12:05:54.780 I/chatty  ( 2104): uid=1001(radio) com.android.phone identical 5 lines
05-29 12:05:54.783 D/TelephonyProvider( 2104): subIdString = 1 subId = 1
05-29 12:05:54.785 D/TelephonyProvider( 2104): subIdString = 1 subId = 1
05-29 12:05:54.785 D/TcpSocketMonitor( 1604): resuming tcpinfo polling (interval=30000ms)
05-29 12:05:54.785 I/netd    ( 1604): networkCreatePhysical(100, 0) <0.11097ms>
